******************************************************************************
                  TI ARM Linker PC v18.12.4                    
******************************************************************************
>> Linked Thu Mar  5 10:58:30 2020

OUTPUT FILE NAME:   <power_measurement_CC3220SF_LAUNCHXL_tirtos_ccs.out>
ENTRY POINT SYMBOL: "_c_int00"  address: 0100e939


MEMORY CONFIGURATION

         name            origin    length      used     unused   attr    fill
----------------------  --------  ---------  --------  --------  ----  --------
  FLASH_HDR             01000000   000007ff  00000000  000007ff  R  X
  FLASH                 01000800   000ff800  00011338  000ee4c8  R  X
  SRAM                  20000000   00040000  0000a29a  00035d66  RW X


SEGMENT ALLOCATION MAP

run origin  load origin   length   init length attrs members
----------  ----------- ---------- ----------- ----- -------
01000800    01000800    00011340   00011340    r-x
  01000800    01000800    0000003c   0000003c    r-- .resetVecs
  01000840    01000840    00010442   00010442    r-x .text
  01010c84    01010c84    00000c32   00000c32    r-- .const
  010118b8    010118b8    00000288   00000288    r-- .cinit
20000310    20000310    00008000   00000000    r--
  20000310    20000310    00008000   00000000    r-- .priheap
20008400    20008400    00001b91   00000000    rw-
  20008400    20008400    00001419   00000000    rw- .bss
  2000981c    2000981c    00000775   00000000    rw- .data
2003fc00    2003fc00    00000400   00000000    rw-
  2003fc00    2003fc00    00000400   00000000    rw- .stack


SECTION ALLOCATION MAP

 output                                  attributes/
section   page    origin      length       input sections
--------  ----  ----------  ----------   ----------------
.text      0    01000840    00010442     
                  01000840    00000a4e     rtsv7M4_T_le_eabi.lib : _printfi.c.obj (.text:__TI_printfi)
                  0100128e    00000002     ti_drivers_config.obj (.text:Board_initHook)
                  01001290    000008cc     simplelink.a : driver.obj (.text:_SlDrvMsgRead)
                  01001b5c    000004bc                  : sl_socket.obj (.text:_SlSocketHandleAsync_Select)
                  01002018    00000430     driverlib.a : prcm.obj (.text:PRCMCC3200MCUInit)
                  01002448    000003e8     power_measure.obj (.text:mainThread)
                  01002830    00000384     simplelink.a : driver.obj (.text:_SlDrvMsgWrite)
                  01002bb4    00000304     power_measure.obj (.text:displayBanner)
                  01002eb8    000002e0     simplelink.a : driver.obj (.text:_SlDrvWaitForPoolObj)
                  01003198    000002d8                  : driver.obj (.text:_SlDrvRxHdrRead)
                  01003470    000002ac     power_measure.obj (.text:bsdTcpSecClient)
                  0100371c    000002a4     simplelink.a : wlanconfig.obj (.text:sl_WifiConfig)
                  010039c0    00000294                  : driver.obj (.text:_SlDrvReleasePoolObj)
                  01003c54    0000027c                  : wlan.obj (.text:sl_WlanConnect)
                  01003ed0    00000268     rtsv7M4_T_le_eabi.lib : _printfi.c.obj (.text:_pconv_a)
                  01004138    00000264     power_measure.obj (.text:startMeasureBanner)
                  0100439c    00000244     power_measure.obj (.text:configSimplelinkToUseCase)
                  010045e0    00000224     simplelink.a : driver.obj (.text:_SlDrvDriverCBInit)
                  01004804    00000218                  : driver.obj (.text:_SlDrvDataWriteOp)
                  01004a1c    0000020c     drivers_cc32xx.aem4 : UARTCC32XXDMA.oem4 (.text:UARTCC32XXDMA_open)
                  01004c28    000001f4     simplelink.a : driver.obj (.text:_SlDrvMsgReadCmdCtx)
                  01004e1c    000001f2                  : netapp.obj (.text:_SlNetAppEventHandler)
                  0100500e    00000002     drivers_cc32xx.aem4 : UARTCC32XXDMA.oem4 (.text:UARTCC32XXDMA_init)
                  01005010    000001e1     power_measure.obj (.text:SimpleLinkFatalErrorEventHandler)
                  010051f1    00000001     --HOLE-- [fill = 0]
                  010051f2    00000002     rtsv7M4_T_le_eabi.lib : _lock.c.obj (.text:_nop)
                  010051f4    000001d4     drivers_cc32xx.aem4 : GPIOCC32XX.oem4 (.text:GPIO_setConfig)
                  010053c8    000001d0                         : SPICC32XXDMA.oem4 (.text:SPICC32XXDMA_transfer)
                  01005598    000001cc     rtsv7M4_T_le_eabi.lib : _printfi.c.obj (.text:_pconv_g)
                  01005764    000001c8     simplelink.a : device.obj (.text:sl_Stop)
                  0100592c    000001b8     drivers_cc32xx.aem4 : SPICC32XXDMA.oem4 (.text:configDMA)
                  01005ae4    000001b6     rtsv7M4_T_le_eabi.lib : fd_add_t2.asm.obj (.text)
                  01005c9a    00000002                           : div0.asm.obj (.text)
                  01005c9c    000001b4     simplelink.a : driver.obj (.text:_SlDrvReleaseAllActivePendingPoolObj)
                  01005e50    000001b0     sysbios.aem4 : BIOS.obj (.text:mq_open)
                  01006000    000001a8     power_measure.obj (.text:bsdTcpClient)
                  010061a8    00000184     simplelink.a : driver.obj (.text:_SlDrvFindAndSetActiveObj)
                  0100632c    00000178                  : sl_socket.obj (.text:sl_Connect)
                  010064a4    0000015c     power_measure.obj (.text:bsdUdpClient)
                  01006600    0000015c     power_measure.obj (.text:setUseCase)
                  0100675c    00000158     drivers_cc32xx.aem4 : SPICC32XXDMA.oem4 (.text:SPICC32XXDMA_open)
                  010068b4    0000014c     dpl_cc32xx.aem4 : PowerCC32XX_tirtos.oem4 (.text:PowerCC32XX_sleepPolicy)
                  01006a00    00000148     drivers_cc32xx.aem4 : PowerCC32XX.oem4 (.text:parkPins)
                  01006b48    00000140     simplelink.a : driver.obj (.text:_SlDrvMsgReadSpawnCtx)
                  01006c88    0000013c                  : driver.obj (.text:_SlDrvDriverCBDeinit)
                  01006dc4    0000013c                  : sl_socket.obj (.text:_SlDrvGetNextTimeoutValue)
                  01006f00    0000013c     rtsv7M4_T_le_eabi.lib : _printfi.c.obj (.text:_pconv_e)
                  0100703c    00000138     drivers_cc32xx.aem4 : PowerCC32XX.oem4 (.text:Power_sleep)
                  01007174    00000138     simplelink.a : driver.obj (.text:_SlSpawnMsgListInsert)
                  010072ac    00000138     power_measure.obj (.text:intermittentlyConnected)
                  010073e4    00000136     rtsv7M4_T_le_eabi.lib : fd_div_t2.asm.obj (.text)
                  0100751a    00000006     drivers_cc32xx.aem4 : SPICC32XXDMA.oem4 (.text:SPICC32XXDMA_control)
                  01007520    00000130     sysbios.aem4 : BIOS.obj (.text:ti_sysbios_knl_Semaphore_pend__E)
                  01007650    00000128     simplelink.a : driver.obj (.text:_SlDrvClassifyRxMsg)
                  01007778    00000120                  : driver.obj (.text:_SlDrvAsyncEventGenericHandler)
                  01007898    00000120     power_measure.obj (.text:configDuration)
                  010079b8    00000120     rtsv7M4_T_le_eabi.lib : _printfi.c.obj (.text:fcvt)
                  01007ad8    00000120     simplelink.a : device.obj (.text:sl_Start)
                  01007bf8    00000120     sysbios.aem4 : BIOS.obj (.text:xdc_runtime_Startup_startMods__I)
                  01007d18    00000118     drivers_cc32xx.aem4 : PowerCC32XX.oem4 (.text:PowerCC32XX_shutdownSSPI)
                  01007e30    00000118     power_measure.obj (.text:SimpleLinkNetAppEventHandler)
                  01007f48    00000118     simplelink.a : netapp.obj (.text:_SlNetAppHandleAsync_DnsGetHostByService)
                  01008060    00000110     sysbios.aem4 : BIOS.obj (.text:ti_sysbios_knl_Task_postInit__I)
                  01008170    0000010c     power_measure.obj (.text:wlanConnect)
                  0100827c    00000104     simplelink.a : device.obj (.text:_SlDeviceEventHandler)
                  01008380    00000104                  : driver.obj (.text:_SlDrvCmdOp)
                  01008484    00000004     dpl_cc32xx.aem4 : ClockP_tirtos.oem4 (.text:ClockP_getCpuFreq)
                  01008488    00000104     sysbios.aem4 : BIOS.obj (.text:ti_sysbios_knl_Task_Instance_finalize__E)
                  0100858c    00000100     simplelink.a : driver.obj (.text:_SlDrvObjGlobalLockWaitForever)
                  0100868c    000000fd     power_measure.obj (.text:SimpleLinkSockEventHandler)
                  01008789    00000001     --HOLE-- [fill = 0]
                  0100878a    000000fc     rtsv7M4_T_le_eabi.lib : fd_mul_t2.asm.obj (.text)
                  01008886    00000002     release_pem4.oem4 (.text:ti_sysbios_BIOS_nullFunc__I)
                  01008888    000000fc     power_measure.obj (.text:setAlwaysConnectedUseCase)
                  01008984    000000fc     simplelink.a : sl_socket.obj (.text:sl_Close)
                  01008a80    000000f8     drivers_cc32xx.aem4 : UARTCC32XXDMA.oem4 (.text:UARTCC32XXDMA_close)
                  01008b78    000000f4     simplelink.a : sl_socket.obj (.text:sl_SendTo)
                  01008c6c    000000f2     drivers_cc32xx.aem4 : SPICC32XXDMA.oem4 (.text:SPICC32XXDMA_transferCancel)
                  01008d5e    00000002     release_pem4.oem4 (.text:xdc_runtime_Startup_reset__I)
                  01008d60    000000f0     sysbios.aem4 : BIOS.obj (.text:pthread_create)
                  01008e50    000000f0                  : BIOS.obj (.text:ti_sysbios_knl_Task_Instance_init__E)
                  01008f40    000000ec                  : BIOS.obj (.text:clock_gettime)
                  0100902c    000000e8     drivers_cc32xx.aem4 : UARTCC32XXDMA.oem4 (.text:initHw)
                  01009114    000000e8     power_measure.obj (.text:transceiverMode)
                  010091fc    000000d8     uart_term.obj (.text:GetCmd)
                  010092d4    000000d8     drivers_cc32xx.aem4 : SPICC32XXDMA.oem4 (.text:SPICC32XXDMA_close)
                  010093ac    000000d8     simplelink.a : device.obj (.text:_SlDeviceHandleAsync_InitComplete)
                  01009484    000000d8                  : driver.obj (.text:_SlDrvWaitForInternalAsyncEvent)
                  0100955c    000000d8                  : netapp.obj (.text:_SlNetAppHandleAsync_NetAppReceive)
                  01009634    000000d8     power_measure.obj (.text:alwaysConnected)
                  0100970c    00000004     dpl_cc32xx.aem4 : ClockP_tirtos.oem4 (.text:ClockP_setTimeout)
                  01009710    000000d8     sysbios.aem4 : BIOS.obj (.text:ti_sysbios_knl_Mailbox_Instance_init__E)
                  010097e8    000000d0     simplelink.a : driver.obj (.text:_SlDrvRemoveFromList)
                  010098b8    000000d0                  : netapp.obj (.text:_SlNetAppMDNSRegisterUnregisterService)
                  01009988    000000d0     rtsv7M4_T_le_eabi.lib : s_scalbn.c.obj (.text:scalbn)
                  01009a58    000000d0     sysbios.aem4 : BIOS.obj (.text:ti_sysbios_heaps_HeapMem_alloc__E)
                  01009b28    000000cc     power_measure.obj (.text:setIpAddrAllocMode)
                  01009bf4    000000cc     sysbios.aem4 : m3_Hwi_asm.obj (.text:ti_sysbios_family_arm_m3_Hwi_dispatch__I)
                  01009cc0    000000c8     drivers_cc32xx.aem4 : SPICC32XXDMA.oem4 (.text:spiHwiFxn)
                  01009d88    000000c4                         : GPIOCC32XX.oem4 (.text:GPIO_init)
                  01009e4c    00000004     dpl_cc32xx.aem4 : ClockP_tirtos.oem4 (.text:ClockP_start)
                  01009e50    000000c4     sysbios.aem4 : BIOS.obj (.text:ti_sysbios_knl_Task_sleep__E)
                  01009f14    000000c0     simplelink.a : cc_pal.obj (.text:NwpPowerOff)
                  01009fd4    000000c0     drivers_cc32xx.aem4 : PowerCC32XX.oem4 (.text:restoreParkedPins)
                  0100a094    000000c0     simplelink.a : netcfg.obj (.text:sl_NetCfgGet)
                  0100a154    000000bc                  : netapp.obj (.text:_SlNetAppSendResponse)
                  0100a210    000000bc                  : sl_socket.obj (.text:sl_Send)
                  0100a2cc    000000bc                  : wlan.obj (.text:sl_WlanProvisioning)
                  0100a388    000000bc     sysbios.aem4 : BIOS.obj (.text:xdc_runtime_Core_createObject__I)
                  0100a444    000000b8     drivers_cc32xx.aem4 : UARTCC32XXDMA.oem4 (.text:UARTCC32XXDMA_configDMA)
                  0100a4fc    000000b8     simplelink.a : netapp.obj (.text:_SlNetAppHandleAsync_DnsGetHostByName)
                  0100a5b4    000000b8                  : netapp.obj (.text:_SlNetAppHandleAsync_PingResponse)
                  0100a66c    000000b8                  : device.obj (.text:sl_DeviceGet)
                  0100a724    00000004     dpl_cc32xx.aem4 : ClockP_tirtos.oem4 (.text:ClockP_stop)
                  0100a728    000000b8     sysbios.aem4 : BIOS.obj (.text:ti_sysbios_family_arm_m3_Hwi_Instance_init__E)
                  0100a7e0    000000b4     driverlib.a : prcm.obj (.text:PRCMIORetentionEnable)
                  0100a894    000000b4     drivers_cc32xx.aem4 : UARTCC32XXDMA.oem4 (.text:UARTCC32XXDMA_hwiIntFxn)
                  0100a948    000000b4     simplelink.a : driver.obj (.text:_SlDrvHandleFatalError)
                  0100a9fc    000000b4                  : netutil.obj (.text:_SlNetUtilHandleAsync_Cmd)
                  0100aab0    000000b1     rtsv7M4_T_le_eabi.lib : _printfi.c.obj (.text:_ltostr)
                  0100ab61    00000003     --HOLE-- [fill = 0]
                  0100ab64    000000ac     simplelink.a : sl_socket.obj (.text:_SlSocketHandleAsync_Close)
                  0100ac10    000000ac                  : sl_socket.obj (.text:_SlSocketHandleAsync_Connect)
                  0100acbc    000000aa     uart_term.obj (.text:Report)
                  0100ad66    00000002     --HOLE-- [fill = 0]
                  0100ad68    000000a8     driverlib.a : prcm.obj (.text:PRCMPeripheralClockGet)
                  0100ae10    000000a8     drivers_cc32xx.aem4 : PowerCC32XX.oem4 (.text:PowerCC32XX_configureWakeup)
                  0100aeb8    000000a6     simplelink.a : driver.obj (.text:_SlDrvIsTimeoutExpired)
                  0100af5e    00000002     --HOLE-- [fill = 0]
                  0100af60    000000a4     sysbios.aem4 : BIOS.obj (.text:ti_sysbios_knl_Task_setPri__E)
                  0100b004    000000a0     simplelink.a : driver.obj (.text:_SlSpawnMsgListProcess)
                  0100b0a4    000000a0     auto_init.aem4 : auto_init.oem4 (.text)
                  0100b144    0000009e     simplelink.a : cc_pal.obj (.text:spi_Read)
                  0100b1e2    0000009e                  : cc_pal.obj (.text:spi_Write)
                  0100b280    0000009c     sysbios.aem4 : BIOS.obj (.text:_pthread_removeThreadKeys)
                  0100b31c    0000009c     rtsv7M4_T_le_eabi.lib : memcpy_t2.asm.obj (.text)
                  0100b3b8    00000098     drivers_cc32xx.aem4 : PowerCC32XX.oem4 (.text:Power_shutdown)
                  0100b450    00000098                         : GPIOCC32XX.oem4 (.text:powerNotifyFxn)
                  0100b4e8    00000096     rtsv7M4_T_le_eabi.lib : ull_div_t2.asm.obj (.text)
                  0100b57e    00000002     --HOLE-- [fill = 0]
                  0100b580    00000094     simplelink.a : cc_pal.obj (.text:Semaphore_pend_handle)
                  0100b614    00000094     drivers_cc32xx.aem4 : SPICC32XXDMA.oem4 (.text:initHw)
                  0100b6a8    00000094     sysbios.aem4 : BIOS.obj (.text:ti_sysbios_knl_Task_exit__E)
                  0100b73c    00000090     simplelink.a : device.obj (.text:_SlDeviceHandleAsync_Stop)
                  0100b7cc    00000090                  : sl_socket.obj (.text:_SlSocketHandleAsync_Accept)
                  0100b85c    00000090     drivers_cc32xx.aem4 : PowerCC32XX.oem4 (.text:restoreNVICRegs)
                  0100b8ec    00000004     dpl_cc32xx.aem4 : HwiP_tirtos.oem4 (.text:HwiP_clearInterrupt)
                  0100b8f0    00000090     sysbios.aem4 : BIOS.obj (.text:ti_sysbios_knl_Task_Module_startup__E)
                  0100b980    0000008c     drivers_cc32xx.aem4 : UARTCC32XXDMA.oem4 (.text:UARTCC32XXDMA_write)
                  0100ba0c    0000008c     simplelink.a : driver.obj (.text:_SlDrvDriverIsApiAllowed)
                  0100ba98    0000008c     sysbios.aem4 : BIOS.obj (.text:xdc_runtime_Memory_alloc__E)
                  0100bb24    00000088     driverlib.a : pin.obj (.text:PinConfigSet)
                  0100bbac    00000088     power_measure.obj (.text:SimpleLinkWlanEventHandler)
                  0100bc34    00000088     simplelink.a : driver.obj (.text:_SlDrvProtectAsyncRespSetting)
                  0100bcbc    00000004     dpl_cc32xx.aem4 : HwiP_tirtos.oem4 (.text:HwiP_disable)
                  0100bcc0    00000088     sysbios.aem4 : BIOS.obj (.text:ti_sysbios_family_arm_m3_Hwi_initNVIC__E)
                  0100bd48    00000088                  : BIOS.obj (.text:ti_sysbios_knl_Mailbox_post__E)
                  0100bdd0    00000086     rtsv7M4_T_le_eabi.lib : fd_cmp_t2.asm.obj (.text:__aeabi_cdcmple)
                  0100be56    00000086                           : fd_cmp_t2.asm.obj (.text:__aeabi_cdrcmple)
                  0100bedc    00000004     dpl_cc32xx.aem4 : HwiP_tirtos.oem4 (.text:HwiP_disableInterrupt)
                  0100bee0    00000086     sysbios.aem4 : BIOS.obj (.text:xdc_runtime_Core_constructObject__I)
                  0100bf66    00000002     --HOLE-- [fill = 0]
                  0100bf68    00000084     drivers_cc32xx.aem4 : PowerCC32XX.oem4 (.text:Power_init)
                  0100bfec    00000084                         : PowerCC32XX.oem4 (.text:saveNVICRegs)
                  0100c070    00000084     simplelink.a : netapp.obj (.text:sl_NetAppSet)
                  0100c0f4    00000084                  : netcfg.obj (.text:sl_NetCfgSet)
                  0100c178    00000084                  : sl_socket.obj (.text:sl_SetSockOpt)
                  0100c1fc    00000004     dpl_cc32xx.aem4 : HwiP_tirtos.oem4 (.text:HwiP_enableInterrupt)
                  0100c200    00000084     sysbios.aem4 : BIOS.obj (.text:ti_sysbios_family_arm_m3_Hwi_postInit__I)
                  0100c284    00000004     drivers_cc32xx.aem4 : SPICC32XXDMA.oem4 (.text:SPICC32XXDMA_init)
                  0100c288    00000084     sysbios.aem4 : BIOS.obj (.text:ti_sysbios_heaps_HeapMem_free__E)
                  0100c30c    00000080     drivers_cc32xx.aem4 : PowerCC32XX.oem4 (.text:Power_setDependency)
                  0100c38c    00000080                         : UARTCC32XXDMA.oem4 (.text:UARTCC32XXDMA_read)
                  0100c40c    00000004     dpl_cc32xx.aem4 : SemaphoreP_tirtos.oem4 (.text:SemaphoreP_post)
                  0100c410    00000080     sysbios.aem4 : BIOS.obj (.text:ti_sysbios_knl_Clock_workFunc__E)
                  0100c490    0000007c     drivers_cc32xx.aem4 : UDMACC32XX.oem4 (.text:UDMACC32XX_open)
                  0100c50c    00000004     release_pem4.oem4 (.text:ti_sysbios_BIOS_RtsGateProxy_enter__E)
                  0100c510    0000007c     sysbios.aem4 : BIOS.obj (.text:_pthread_abstime2ticks)
                  0100c58c    0000007c     simplelink.a : wlan.obj (.text:sl_WlanPolicySet)
                  0100c608    0000007a     drivers_cc32xx.aem4 : UARTCC32XXDMA.oem4 (.text:UARTCC32XXDMA_readPolling)
                  0100c682    0000007a     rtsv7M4_T_le_eabi.lib : memset_t2.asm.obj (.text)
                  0100c6fc    00000078     drivers_cc32xx.aem4 : GPIOCC32XX.oem4 (.text:GPIO_hwiIntFxn)
                  0100c774    00000078     simplelink.a : sl_socket.obj (.text:sl_Socket)
                  0100c7ec    00000004     release_pem4.oem4 (.text:ti_sysbios_BIOS_RtsGateProxy_leave__E)
                  0100c7f0    00000074     sysbios.aem4 : BIOS.obj (.text:ti_sysbios_knl_Mailbox_pend__E)
                  0100c864    00000004     release_pem4.oem4 (.text:ti_sysbios_family_arm_m3_Hwi_delete)
                  0100c868    00000074     sysbios.aem4 : BIOS.obj (.text:xdc_runtime_Core_deleteObject__I)
                  0100c8dc    00000070     simplelink.a : driver.obj (.text:_SlDrvCmdSend_noLock)
                  0100c94c    00000004     release_pem4.oem4 (.text:ti_sysbios_family_arm_m3_TaskSupport_Module__startupDone__S)
                  0100c950    00000070     sysbios.aem4 : BIOS.obj (.text:acquireMutexNone$45)
                  0100c9c0    00000070     power_measure.obj (.text:prepareDataFrame)
                  0100ca30    00000070     sysbios.aem4 : BIOS.obj (.text:ti_sysbios_heaps_HeapMem_initPrimary__I)
                  0100caa0    00000070                  : BIOS.obj (.text:ti_sysbios_knl_Mailbox_Instance_finalize__E)
                  0100cb10    0000006e     rtsv7M4_T_le_eabi.lib : _printfi.c.obj (.text:_mcpy)
                  0100cb7e    00000002     --HOLE-- [fill = 0]
                  0100cb80    0000006c     simplelink.a : device.obj (.text:_SlDeviceHandleResetRequestInternally)
                  0100cbec    0000006c                  : netapp.obj (.text:_SlNetAppSendTokenValue)
                  0100cc58    0000006c     sysbios.aem4 : BIOS.obj (.text:ti_sysbios_knl_Swi_restoreHwi__E)
                  0100ccc4    00000068     simplelink.a : driver.obj (.text:_SlSpawnMsgListGetCount)
                  0100cd2c    00000068     rtsv7M4_T_le_eabi.lib : copy_decompress_lzss.c.obj (.text:decompress:lzss:__TI_decompress_lzss)
                  0100cd94    00000068     main_tirtos.obj (.text:main)
                  0100cdfc    00000004     release_pem4.oem4 (.text:ti_sysbios_heaps_HeapMem_Module_GateProxy_enter__E)
                  0100ce00    00000068     sysbios.aem4 : BIOS.obj (.text:pthread_exit)
                  0100ce68    00000068     simplelink.a : cc_pal.obj (.text:spi_Open)
                  0100ced0    00000064     drivers_cc32xx.aem4 : PowerCC32XX.oem4 (.text:PowerCC32XX_setParkState)
                  0100cf34    00000004     release_pem4.oem4 (.text:ti_sysbios_heaps_HeapMem_Module_GateProxy_leave__E)
                  0100cf38    00000064     sysbios.aem4 : BIOS.obj (.text:ti_sysbios_family_arm_cc32xx_Seconds_setTime__E)
                  0100cf9c    00000004     release_pem4.oem4 (.text:ti_sysbios_knl_Clock_TimerProxy_getMaxTicks__E)
                  0100cfa0    00000064     sysbios.aem4 : BIOS.obj (.text:ti_sysbios_family_arm_m3_Hwi_dispatchC__I)
                  0100d004    00000060     driverlib.a : prcm.obj (.text:PRCMSysResetCauseGet)
                  0100d064    00000060     drivers_cc32xx.aem4 : UARTCC32XXDMA.oem4 (.text:UARTCC32XXDMA_control)
                  0100d0c4    00000004     release_pem4.oem4 (.text:ti_sysbios_knl_Clock_TimerProxy_setPeriodMicroSecs__E)
                  0100d0c8    00000060     sysbios.aem4 : BIOS.obj (.text:ti_sysbios_knl_Semaphore_post__E)
                  0100d128    00000060                  : BIOS.obj (.text:ti_sysbios_knl_Swi_run__I)
                  0100d188    0000005c     drivers_cc32xx.aem4 : GPIOCC32XX.oem4 (.text:GPIO_setCallback)
                  0100d1e4    0000005c     simplelink.a : spawn.obj (.text:_SlInternalSpawn)
                  0100d240    0000005c     rtsv7M4_T_le_eabi.lib : s_frexp.c.obj (.text:frexp)
                  0100d29c    00000004     release_pem4.oem4 (.text:ti_sysbios_knl_Clock_TimerProxy_start__E)
                  0100d2a0    0000005c     sysbios.aem4 : BIOS.obj (.text:ti_sysbios_family_arm_m3_Timer_start__E)
                  0100d2fc    00000004     release_pem4.oem4 (.text:ti_sysbios_knl_Clock_TimerProxy_stop__E)
                  0100d300    0000005c     sysbios.aem4 : BIOS.obj (.text:ti_sysbios_knl_Swi_schedule__I)
                  0100d35c    00000004     release_pem4.oem4 (.text:ti_sysbios_knl_Clock_delete)
                  0100d360    0000005c     sysbios.aem4 : BIOS.obj (.text:ti_sysbios_knl_Task_startCore__E)
                  0100d3bc    00000004     release_pem4.oem4 (.text:ti_sysbios_knl_Semaphore_delete)
                  0100d3c0    0000005c     sysbios.aem4 : BIOS.obj (.text:xdc_runtime_Startup_exec__E)
                  0100d41c    00000004     release_pem4.oem4 (.text:ti_sysbios_knl_Task_delete)
                  0100d420    0000005a     sysbios.aem4 : BIOS.obj (.text:mq_timedreceive)
                  0100d47a    00000006     driverlib.a : utils.obj (.text:UtilsDelay)
                  0100d480    0000005a     sysbios.aem4 : BIOS.obj (.text:mq_timedsend)
                  0100d4da    00000002     --HOLE-- [fill = 0]
                  0100d4dc    00000058     drivers_cc32xx.aem4 : GPIOCC32XX.oem4 (.text:GPIO_write)
                  0100d534    00000058     driverlib.a : prcm.obj (.text:PRCMPeripheralReset)
                  0100d58c    00000058     drivers_cc32xx.aem4 : PowerCC32XX.oem4 (.text:Power_releaseDependency)
                  0100d5e4    00000058     simplelink.a : sl_socket.obj (.text:_SlDrvClearCtrlSocket)
                  0100d63c    00000004     release_pem4.oem4 (.text:xdc_runtime_System_Module_GateProxy_enter__E)
                  0100d640    00000058     sysbios.aem4 : BIOS.obj (.text:pthread_mutex_init)
                  0100d698    00000058                  : BIOS.obj (.text:ti_sysbios_family_arm_cc32xx_Seconds_getCount__I)
                  0100d6f0    00000056     rtsv7M4_T_le_eabi.lib : _printfi.c.obj (.text:_pconv_f)
                  0100d746    00000002     --HOLE-- [fill = 0]
                  0100d748    00000054     uart_term.obj (.text:InitTerm)
                  0100d79c    00000054     simplelink.a : driver.obj (.text:_SlDrvRxIrqHandler)
                  0100d7f0    00000054     rtsv7M4_T_le_eabi.lib : ltoa.c.obj (.text:ltoa)
                  0100d844    00000004     release_pem4.oem4 (.text:xdc_runtime_System_Module_GateProxy_leave__E)
                  0100d848    00000054     sysbios.aem4 : BIOS.obj (.text:ti_sysbios_family_arm_cc32xx_Seconds_getTime__E)
                  0100d89c    00000054     release_pem4.oem4 (.text:ti_sysbios_family_arm_m3_Hwi_create)
                  0100d8f0    00000054     sysbios.aem4 : BIOS.obj (.text:ti_sysbios_family_arm_m3_Timer_setPeriod__E)
                  0100d944    00000054     release_pem4.oem4 (.text:ti_sysbios_knl_Mailbox_create)
                  0100d998    00000052     drivers_cc32xx.aem4 : PowerCC32XX_asm.oem4 (.text:PowerCC32XX_resumeLPDS)
                  0100d9ea    00000052     rtsv7M4_T_le_eabi.lib : _printfi.c.obj (.text:_ecpy)
                  0100da3c    00000050     dpl_cc32xx.aem4 : ClockP_tirtos.oem4 (.text:ClockP_create)
                  0100da8c    00000050     simplelink.a : cc_pal.obj (.text:NwpRegisterInterruptHandler)
                  0100dadc    00000050     drivers_cc32xx.aem4 : UARTCC32XXDMA.oem4 (.text:UARTCC32XXDMA_writePolling)
                  0100db2c    00000050     simplelink.a : driver.obj (.text:_SlDrvCmdSend_noWait)
                  0100db7c    00000050                  : driver.obj (.text:_SlDrvUpdateApiInProgress)
                  0100dbcc    00000050                  : spawn.obj (.text:_SlInternalSpawnTaskEntry)
                  0100dc1c    00000050                  : eventreg.obj (.text:_SlNetAppHttpServerHdlr)
                  0100dc6c    00000050                  : eventreg.obj (.text:_SlNetAppRequestHdlr)
                  0100dcbc    00000004     --HOLE-- [fill = 0]
                  0100dcc0    00000050     sysbios.aem4 : BIOS.obj (.text:mq_send)
                  0100dd10    00000050                  : BIOS.obj (.text:ti_sysbios_family_arm_m3_Hwi_Module_startup__E)
                  0100dd60    00000050                  : BIOS.obj (.text:ti_sysbios_knl_Clock_Instance_init__E)
                  0100ddb0    00000050     release_pem4.oem4 (.text:ti_sysbios_knl_Task_create)
                  0100de00    0000004e     drivers_cc32xx.aem4 : UARTCC32XXDMA.oem4 (.text:writeCancel)
                  0100de4e    00000002     --HOLE-- [fill = 0]
                  0100de50    0000004c                         : GPIOCC32XX.oem4 (.text:GPIO_enableInt)
                  0100de9c    0000004c     simplelink.a : cc_pal.obj (.text:NwpWaitForShutDownInd)
                  0100dee8    0000004c     drivers_cc32xx.aem4 : PowerCC32XX.oem4 (.text:PowerCC32XX_parkPin)
                  0100df34    0000004c     rtsv7M4_T_le_eabi.lib : atoi.c.obj (.text:atoi)
                  0100df80    0000004c                           : cpy_tbl.c.obj (.text:copy_in)
                  0100dfcc    0000004c     drivers_cc32xx.aem4 : PowerCC32XX.oem4 (.text:restorePeriphClocks)
                  0100e018    0000004c     simplelink.a : netapp.obj (.text:sl_NetAppMDNSUnRegisterService)
                  0100e064    0000004c                  : wlan.obj (.text:sl_WlanProfileDel)
                  0100e0b0    0000004c                  : wlan.obj (.text:sl_WlanSetMode)
                  0100e0fc    0000004c     sysbios.aem4 : m3_TaskSupport_asm.obj (.text:ti_sysbios_family_arm_m3_TaskSupport_buildTaskStack)
                  0100e148    0000004c                  : BIOS.obj (.text:ti_sysbios_heaps_HeapMem_getStats__E)
                  0100e194    00000004     --HOLE-- [fill = 0]
                  0100e198    0000004c                  : BIOS.obj (.text:ti_sysbios_knl_Swi_runLoop__I)
                  0100e1e4    00000004     --HOLE-- [fill = 0]
                  0100e1e8    0000004c                  : BIOS.obj (.text:ti_sysbios_knl_Task_allBlockedFunction__I)
                  0100e234    00000004     --HOLE-- [fill = 0]
                  0100e238    0000004c                  : BIOS.obj (.text:ti_sysbios_knl_Task_schedule__I)
                  0100e284    0000004a     power_measure.obj (.text:powerMsgQFlush)
                  0100e2ce    0000004a     drivers_cc32xx.aem4 : UARTCC32XXDMA.oem4 (.text:readCancel)
                  0100e318    00000048     driverlib.a : flash.obj (.text:FlashDisable)
                  0100e360    00000048                 : prcm.obj (.text:PRCMLPDSEnter)
                  0100e3a8    00000048                 : prcm.obj (.text:PRCMPeripheralClkEnable)
                  0100e3f0    00000048     drivers_cc32xx.aem4 : PowerCC32XX.oem4 (.text:Power_releaseConstraint)
                  0100e438    00000048     simplelink.a : eventreg.obj (.text:_SlDeviceFatalErrorEvtHdlr)
                  0100e480    00000048                  : eventreg.obj (.text:_SlDeviceGeneralEvtHdlr)
                  0100e4c8    00000048                  : driver.obj (.text:_SlDrvSyncObjWaitTimeout)
                  0100e510    00000048                  : eventreg.obj (.text:_SlNetAppEvtHdlr)
                  0100e558    00000048                  : eventreg.obj (.text:_SlNetAppRequestMemFree)
                  0100e5a0    00000048                  : eventreg.obj (.text:_SlSockEvtHdlr)
                  0100e5e8    00000048                  : eventreg.obj (.text:_SlWlanEvtHdlr)
                  0100e630    00000048     rtsv7M4_T_le_eabi.lib : fd_toi_t2.asm.obj (.text)
                  0100e678    00000048     sysbios.aem4 : BIOS.obj (.text:ti_sysbios_family_arm_m3_Hwi_disableInterrupt__E)
                  0100e6c0    00000048                  : BIOS.obj (.text:ti_sysbios_family_arm_m3_Hwi_enableInterrupt__E)
                  0100e708    00000048                  : m3_Hwi_asm_switch.obj (.text:ti_sysbios_family_arm_m3_Hwi_initStacks__E)
                  0100e750    00000048                  : BIOS.obj (.text:ti_sysbios_family_arm_m3_Timer_initDevice__I)
                  0100e798    00000048                  : BIOS.obj (.text:ti_sysbios_knl_Mailbox_Module_startup__E)
                  0100e7e0    00000048                  : BIOS.obj (.text:xdc_runtime_Core_assignParams__I)
                  0100e828    00000044     driverlib.a : prcm.obj (.text:PRCMLPDSRestoreInfoSet)
                  0100e86c    00000044     drivers_cc32xx.aem4 : PowerCC32XX_asm.oem4 (.text:PowerCC32XX_enterLPDS)
                  0100e8b0    00000044                         : SPI.oem4 (.text:SPI_init)
                  0100e8f4    00000044                         : UART.oem4 (.text:UART_init)
                  0100e938    00000044     boot.aem4 : boot.oem4 (.text)
                  0100e97c    00000044     simplelink.a : netapp.obj (.text:sl_NetAppStart)
                  0100e9c0    00000044                  : netapp.obj (.text:sl_NetAppStop)
                  0100ea04    00000004     --HOLE-- [fill = 0]
                  0100ea08    00000044     sysbios.aem4 : BIOS.obj (.text:ti_sysbios_family_arm_m3_Hwi_getStackInfo__E)
                  0100ea4c    00000004     --HOLE-- [fill = 0]
                  0100ea50    00000044                  : BIOS.obj (.text:ti_sysbios_knl_Mailbox_postInit__I)
                  0100ea94    00000004     --HOLE-- [fill = 0]
                  0100ea98    00000044                  : BIOS.obj (.text:ti_sysbios_knl_Swi_post__E)
                  0100eadc    00000004     --HOLE-- [fill = 0]
                  0100eae0    00000044                  : BIOS.obj (.text:xdc_runtime_System_atexit__E)
                  0100eb24    00000042     simplelink.a : sl_socket.obj (.text:sl_Htonl)
                  0100eb66    00000040                  : sl_socket.obj (.text:CountSetBits)
                  0100eba6    00000002     --HOLE-- [fill = 0]
                  0100eba8    00000040     dpl_cc32xx.aem4 : HwiP_tirtos.oem4 (.text:HwiP_create)
                  0100ebe8    00000040     driverlib.a : pin.obj (.text:PinModeSet)
                  0100ec28    00000040     drivers_cc32xx.aem4 : SPI.oem4 (.text:SPI_open)
                  0100ec68    00000040     power_measure.obj (.text:SimpleLinkGeneralEventHandler)
                  0100eca8    00000040     drivers_cc32xx.aem4 : UART.oem4 (.text:UART_open)
                  0100ece8    00000040                         : UDMACC32XX.oem4 (.text:UDMACC32XX_init)
                  0100ed28    00000040     simplelink.a : driver.obj (.text:_SlDrvGlobalObjUnLock)
                  0100ed68    00000040                  : driver.obj (.text:_SlFindAndReleasePendingCmd)
                  0100eda8    00000040                  : spawn.obj (.text:_SlInternalSpawnWaitForEvent)
                  0100ede8    00000040                  : eventreg.obj (.text:_SlIsEventRegistered)
                  0100ee28    00000040     sysbios.aem4 : BIOS.obj (.text:mq_receive)
                  0100ee68    00000040                  : BIOS.obj (.text:ti_sysbios_heaps_HeapMem_Instance_init__E)
                  0100eea8    00000040     rtsv7M4_T_le_eabi.lib : vsnprintf.c.obj (.text:vsnprintf)
                  0100eee8    0000003e     simplelink.a : sl_socket.obj (.text:_SlSocketBuildAddress)
                  0100ef26    0000003e     rtsv7M4_T_le_eabi.lib : _printfi.c.obj (.text:_fcpy)
                  0100ef64    0000003e     release_pem4.oem4 (.text:realloc)
                  0100efa2    00000006     --HOLE-- [fill = 0]
                  0100efa8    0000003e     sysbios.aem4 : BIOS.obj (.text:sem_timedwait)
                  0100efe6    00000002     --HOLE-- [fill = 0]
                  0100efe8    0000003c     drivers_cc32xx.aem4 : PowerCC32XX.oem4 (.text:Power_setConstraint)
                  0100f024    0000003c     dpl_cc32xx.aem4 : SemaphoreP_tirtos.oem4 (.text:SemaphoreP_create)
                  0100f060    0000003c     simplelink.a : netapp.obj (.text:_SlNetAppCopyPingResultsToReport)
                  0100f09c    00000004     --HOLE-- [fill = 0]
                  0100f0a0    0000003c     sysbios.aem4 : BIOS.obj (.text:clock_settime)
                  0100f0dc    00000004     --HOLE-- [fill = 0]
                  0100f0e0    0000003c                  : BIOS.obj (.text:pthread_mutex_unlock)
                  0100f11c    0000003c     simplelink.a : sl_socket.obj (.text:sl_Htons)
                  0100f158    0000003c     sysbios.aem4 : BIOS.obj (.text:sleep)
                  0100f194    00000004     --HOLE-- [fill = 0]
                  0100f198    0000003c                  : BIOS.obj (.text:ti_sysbios_family_arm_m3_Hwi_Instance_finalize__E)
                  0100f1d4    00000004     --HOLE-- [fill = 0]
                  0100f1d8    0000003c                  : BIOS.obj (.text:ti_sysbios_family_arm_m3_Timer_setPeriodMicroSecs__E)
                  0100f214    0000003c     release_pem4.oem4 (.text:ti_sysbios_knl_Clock_create)
                  0100f250    0000003c     sysbios.aem4 : BIOS.obj (.text:ti_sysbios_knl_Clock_walkQueuePeriodic__E)
                  0100f28c    00000004     --HOLE-- [fill = 0]
                  0100f290    0000003c                  : BIOS.obj (.text:ti_sysbios_knl_Swi_restore__E)
                  0100f2cc    00000004     --HOLE-- [fill = 0]
                  0100f2d0    0000003c                  : BIOS.obj (.text:usleep)
                  0100f30c    00000004     --HOLE-- [fill = 0]
                  0100f310    0000003c                  : BIOS.obj (.text:xdc_runtime_System_processAtExit__E)
                  0100f34c    0000003a     dpl_cc32xx.aem4 : PowerCC32XX_tirtos.oem4 (.text:getCountsRTC)
                  0100f386    00000002     --HOLE-- [fill = 0]
                  0100f388    00000038     driverlib.a : prcm.obj (.text:PRCMLPDSEnterKeepDebugIf)
                  0100f3c0    00000038     drivers_cc32xx.aem4 : PowerCC32XX.oem4 (.text:notify)
                  0100f3f8    00000038                         : UARTCC32XXDMA.oem4 (.text:startTxFifoEmptyClk)
                  0100f430    00000038     sysbios.aem4 : BIOS.obj (.text:ti_sysbios_knl_Task_processVitalTaskFlag__I)
                  0100f468    00000034     driverlib.a : pin.obj (.text:PinModeGet)
                  0100f49c    00000034     drivers_cc32xx.aem4 : PowerCC32XX.oem4 (.text:PowerCC32XX_restoreParkState)
                  0100f4d0    00000034                         : UDMACC32XX.oem4 (.text:UDMACC32XX_close)
                  0100f504    00000004     --HOLE-- [fill = 0]
                  0100f508    00000034     sysbios.aem4 : BIOS.obj (.text:_pthread_delete$41)
                  0100f53c    00000004     --HOLE-- [fill = 0]
                  0100f540    00000034                  : BIOS.obj (.text:ti_sysbios_family_arm_m3_Timer_periodicStub__I)
                  0100f574    00000034     release_pem4.oem4 (.text:ti_sysbios_knl_Semaphore_create)
                  0100f5a8    00000034     drivers_cc32xx.aem4 : UARTCC32XXDMA.oem4 (.text:writeFinishedDoCallback)
                  0100f5dc    00000004     --HOLE-- [fill = 0]
                  0100f5e0    00000032     sysbios.aem4 : BIOS.obj (.text:ti_sysbios_hal_Hwi_initStack)
                  0100f612    00000030     drivers_cc32xx.aem4 : PowerCC32XX.oem4 (.text:PowerCC32XX_restoreParkedPin)
                  0100f642    00000030     rtsv7M4_T_le_eabi.lib : vsnprintf.c.obj (.text:_outs)
                  0100f672    00000006     --HOLE-- [fill = 0]
                  0100f678    00000030     sysbios.aem4 : BIOS.obj (.text:findInList$40)
                  0100f6a8    00000030     release_pem4.oem4 (.text:ti_sysbios_BIOS_atExitFunc__I)
                  0100f6d8    00000030     release_pem4.oem4 (.text:ti_sysbios_BIOS_startFunc__I)
                  0100f708    00000030     sysbios.aem4 : BIOS.obj (.text:ti_sysbios_family_arm_m3_TaskSupport_start__E)
                  0100f738    00000030     release_pem4.oem4 (.text:ti_sysbios_gates_GateHwi_Object__create__S)
                  0100f768    00000030     release_pem4.oem4 (.text:ti_sysbios_gates_GateMutex_Object__create__S)
                  0100f798    00000030     sysbios.aem4 : BIOS.obj (.text:ti_sysbios_gates_GateMutex_enter__E)
                  0100f7c8    00000030     release_pem4.oem4 (.text:ti_sysbios_heaps_HeapMem_Object__create__S)
                  0100f7f8    00000030     release_pem4.oem4 (.text:ti_sysbios_knl_Semaphore_construct)
                  0100f828    00000030     sysbios.aem4 : BIOS.obj (.text:ti_sysbios_knl_Semaphore_pendTimeout__I)
                  0100f858    00000030                  : BIOS.obj (.text:ti_sysbios_knl_Task_restore__E)
                  0100f888    00000030                  : BIOS.obj (.text:ti_sysbios_knl_Task_unblockI__E)
                  0100f8b8    0000002e     simplelink.a : cc_pal.obj (.text:Mutex_create_handle)
                  0100f8e6    0000002e     rtsv7M4_T_le_eabi.lib : i_tofd_t2.asm.obj (.text)
                  0100f914    0000002e     release_pem4.oem4 (.text:ti_sysbios_rts_MemAlloc_alloc)
                  0100f942    00000002     --HOLE-- [fill = 0]
                  0100f944    0000002c     simplelink.a : cc_pal.obj (.text:NwpPowerOn)
                  0100f970    0000002c     drivers_cc32xx.aem4 : PowerCC32XX.oem4 (.text:PowerCC32XX_getParkState)
                  0100f99c    0000002c     dpl_cc32xx.aem4 : SemaphoreP_tirtos.oem4 (.text:SemaphoreP_createBinary)
                  0100f9c8    0000002c     simplelink.a : driver.obj (.text:_SlDrvSyncObjWaitForever)
                  0100f9f4    00000004     --HOLE-- [fill = 0]
                  0100f9f8    0000002c     sysbios.aem4 : BIOS.obj (.text:_pthread_cleanupFxn)
                  0100fa24    00000004     --HOLE-- [fill = 0]
                  0100fa28    0000002c                  : BIOS.obj (.text:clockFxn$39)
                  0100fa54    00000004     --HOLE-- [fill = 0]
                  0100fa58    0000002c                  : BIOS.obj (.text:getTime$20)
                  0100fa84    0000002c     release_pem4.oem4 (.text:ti_sysbios_gates_GateHwi_Handle__label__S)
                  0100fab0    0000002c     release_pem4.oem4 (.text:ti_sysbios_gates_GateMutex_Handle__label__S)
                  0100fadc    0000002c     release_pem4.oem4 (.text:ti_sysbios_heaps_HeapMem_Handle__label__S)
                  0100fb08    0000002c     release_pem4.oem4 (.text:ti_sysbios_knl_Clock_doTick__I)
                  0100fb34    0000002c     release_pem4.oem4 (.text:ti_sysbios_knl_Queue_construct)
                  0100fb60    0000002a     drivers_cc32xx.aem4 : UARTCC32XXDMA.oem4 (.text:UARTCC32XXDMA_readCancel)
                  0100fb8a    0000002a                         : UARTCC32XXDMA.oem4 (.text:UARTCC32XXDMA_writeCancel)
                  0100fbb4    00000004     --HOLE-- [fill = 0]
                  0100fbb8    0000002a     sysbios.aem4 : BIOS.obj (.text:sem_init)
                  0100fbe2    00000002     --HOLE-- [fill = 0]
                  0100fbe4    00000028     driverlib.a : prcm.obj (.text:PRCMPeripheralClkDisable)
                  0100fc0c    00000028     dpl_cc32xx.aem4 : PowerCC32XX_tirtos.oem4 (.text:PowerCC32XX_initPolicy)
                  0100fc34    00000028     drivers_cc32xx.aem4 : PowerCC32XX.oem4 (.text:Power_registerNotify)
                  0100fc5c    00000028     simplelink.a : driver.obj (.text:_SlDrvProtectionObjLockWaitForever)
                  0100fc84    00000028                  : driver.obj (.text:_SlDrvProtectionObjUnLock)
                  0100fcac    00000028                  : flowcont.obj (.text:_SlFlowContSet)
                  0100fcd4    00000028     sysbios.aem4 : m3_Hwi_asm.obj (.text:ti_sysbios_family_arm_m3_Hwi_excHandlerAsm__I)
                  0100fcfc    00000004     --HOLE-- [fill = 0]
                  0100fd00    00000028                  : BIOS.obj (.text:ti_sysbios_knl_Clock_addI__E)
                  0100fd28    00000028                  : BIOS.obj (.text:ti_sysbios_knl_Swi_Module_startup__E)
                  0100fd50    00000026     drivers_cc32xx.aem4 : List.oem4 (.text:List_put)
                  0100fd76    00000026                         : List.oem4 (.text:List_remove)
                  0100fd9c    00000024                         : PowerCC32XX.oem4 (.text:PowerCC32XX_reset)
                  0100fdc0    00000024     simplelink.a : driver.obj (.text:_SlDrvIsApiInProgress)
                  0100fde4    00000024                  : driver.obj (.text:_SlDrvStartMeasureTimeout)
                  0100fe08    00000024     platform.obj (.text:powerShutdown)
                  0100fe2c    00000004     --HOLE-- [fill = 0]
                  0100fe30    00000024     sysbios.aem4 : BIOS.obj (.text:pthread_attr_init)
                  0100fe54    00000024     release_pem4.oem4 (.text:ti_sysbios_BIOS_registerRTSLock__I)
                  0100fe78    00000024     release_pem4.oem4 (.text:ti_sysbios_BIOS_removeRTSLock__I)
                  0100fe9c    00000004     --HOLE-- [fill = 0]
                  0100fea0    00000024     sysbios.aem4 : BIOS.obj (.text:ti_sysbios_family_arm_m3_Timer_postInit__I)
                  0100fec4    00000004     --HOLE-- [fill = 0]
                  0100fec8    00000024                  : BIOS.obj (.text:ti_sysbios_family_arm_m3_Timer_startup__E)
                  0100feec    00000024     release_pem4.oem4 (.text:ti_sysbios_gates_GateMutex_Object__delete__S)
                  0100ff10    00000024     sysbios.aem4 : BIOS.obj (.text:ti_sysbios_knl_Clock_Module_startup__E)
                  0100ff34    00000024     release_pem4.oem4 (.text:ti_sysbios_knl_Clock_Object__delete__S)
                  0100ff58    00000024     sysbios.aem4 : BIOS.obj (.text:ti_sysbios_knl_Clock_start__E)
                  0100ff7c    00000004     --HOLE-- [fill = 0]
                  0100ff80    00000024                  : BIOS.obj (.text:ti_sysbios_knl_Semaphore_Instance_init__E)
                  0100ffa4    00000024     release_pem4.oem4 (.text:ti_sysbios_knl_Semaphore_Object__delete__S)
                  0100ffc8    00000024     sysbios.aem4 : BIOS.obj (.text:ti_sysbios_knl_Task_restoreHwi__E)
                  0100ffec    00000004     --HOLE-- [fill = 0]
                  0100fff0    00000024                  : BIOS.obj (.text:xdc_runtime_Error_policyMin__E)
                  01010014    00000020     drivers_cc32xx.aem4 : PowerCC32XX.oem4 (.text:Power_unregisterNotify)
                  01010034    00000020                         : SPICC32XXDMA.oem4 (.text:getPowerMgrId)
                  01010054    00000020                         : UARTCC32XXDMA.oem4 (.text:getPowerMgrId)
                  01010074    00000020     release_pem4.oem4 (.text:ti_sysbios_BIOS_rtsLock__I)
                  01010094    00000020     release_pem4.oem4 (.text:ti_sysbios_family_arm_m3_Hwi_Object__delete__S)
                  010100b4    00000004     --HOLE-- [fill = 0]
                  010100b8    00000020     sysbios.aem4 : BIOS.obj (.text:ti_sysbios_family_arm_m3_Hwi_clearInterrupt__E)
                  010100d8    00000020     release_pem4.oem4 (.text:ti_sysbios_gates_GateHwi_Object__delete__S)
                  010100f8    00000020     release_pem4.oem4 (.text:ti_sysbios_heaps_HeapMem_Object__delete__S)
                  01010118    00000020     sysbios.aem4 : BIOS.obj (.text:ti_sysbios_knl_Idle_run__E)
                  01010138    00000020     release_pem4.oem4 (.text:ti_sysbios_knl_Semaphore_destruct)
                  01010158    00000020     release_pem4.oem4 (.text:ti_sysbios_knl_Task_Object__delete__S)
                  01010178    0000001e     simplelink.a : driver.obj (.text:_SlDrvObjLockWaitForever)
                  01010196    0000001e                  : driver.obj (.text:_SlDrvObjUnLock)
                  010101b4    0000001e                  : driver.obj (.text:_SlDrvSyncObjSignal)
                  010101d2    0000001e     drivers_cc32xx.aem4 : UDMACC32XX.oem4 (.text:postNotifyFxn)
                  010101f0    0000001e     sysbios.aem4 : m3_Hwi_asm_switch.obj (.text:ti_sysbios_family_xxx_Hwi_switchAndRunFunc)
                  0101020e    00000002     --HOLE-- [fill = 0]
                  01010210    0000001c     uart_term.obj (.text:Message)
                  0101022c    0000001c     driverlib.a : pin.obj (.text:PinToPadGet)
                  01010248    0000001c     simplelink.a : device.obj (.text:_SlDeviceGetStartResponseConvert)
                  01010264    0000001c                  : spawn.obj (.text:_SlInternalIsItSpawnThread)
                  01010280    0000001c     rtsv7M4_T_le_eabi.lib : memccpy.c.obj (.text:memccpy)
                  0101029c    00000004     --HOLE-- [fill = 0]
                  010102a0    0000001c     sysbios.aem4 : BIOS.obj (.text:ti_sysbios_family_arm_m3_Hwi_excHandler__I)
                  010102bc    00000004     --HOLE-- [fill = 0]
                  010102c0    0000001c                  : BIOS.obj (.text:ti_sysbios_family_arm_m3_Timer_Module_startup__E)
                  010102dc    00000004     --HOLE-- [fill = 0]
                  010102e0    0000001c                  : BIOS.obj (.text:ti_sysbios_family_arm_m3_Timer_stop__E)
                  010102fc    00000004     --HOLE-- [fill = 0]
                  01010300    0000001c                  : BIOS.obj (.text:ti_sysbios_gates_GateMutex_Instance_init__E)
                  0101031c    00000004     --HOLE-- [fill = 0]
                  01010320    0000001c                  : BIOS.obj (.text:ti_sysbios_knl_Clock_Instance_finalize__E)
                  0101033c    0000001c     release_pem4.oem4 (.text:ti_sysbios_knl_Queue_destruct)
                  01010358    0000001c     sysbios.aem4 : BIOS.obj (.text:ti_sysbios_knl_Queue_get__E)
                  01010374    00000004     --HOLE-- [fill = 0]
                  01010378    0000001c                  : BIOS.obj (.text:ti_sysbios_knl_Queue_put__E)
                  01010394    00000004     --HOLE-- [fill = 0]
                  01010398    0000001c                  : BIOS.obj (.text:ti_sysbios_knl_Task_enter__I)
                  010103b4    00000004     --HOLE-- [fill = 0]
                  010103b8    0000001c                  : BIOS.obj (.text:ti_sysbios_rts_ti_ReentSupport_getReent__F)
                  010103d4    0000001a     release_pem4.oem4 (.text:free)
                  010103ee    0000001a     sysbios.aem4 : m3_Hwi_asm.obj (.text:ti_sysbios_family_arm_m3_Hwi_pendSV__I)
                  01010408    00000018     drivers_cc32xx.aem4 : PowerCC32XX.oem4 (.text:Power_idleFunc)
                  01010420    00000018     driverlib.a : uart.obj (.text:UARTBusy)
                  01010438    00000018     drivers_cc32xx.aem4 : UART.oem4 (.text:UART_Params_init)
                  01010450    00000018     rtsv7M4_T_le_eabi.lib : args_main.c.obj (.text:_args_main)
                  01010468    00000018                           : vsnprintf.c.obj (.text:_outc)
                  01010480    00000018                           : ll_mul_t2.asm.obj (.text)
                  01010498    00000018     platform.obj (.text:setHibRetentionReg)
                  010104b0    00000018     rtsv7M4_T_le_eabi.lib : strcmp.c.obj (.text:strcmp)
                  010104c8    00000018     release_pem4.oem4 (.text:ti_sysbios_BIOS_rtsUnlock__I)
                  010104e0    00000018     release_pem4.oem4 (.text:ti_sysbios_family_arm_m3_Hwi_Module__startupDone__F)
                  010104f8    00000018     release_pem4.oem4 (.text:ti_sysbios_family_arm_m3_Timer_Module__startupDone__F)
                  01010510    00000018     sysbios.aem4 : BIOS.obj (.text:ti_sysbios_gates_GateMutex_leave__E)
                  01010528    00000018                  : BIOS.obj (.text:ti_sysbios_knl_Task_sleepTimeout__I)
                  01010540    00000018     release_pem4.oem4 (.text:ti_sysbios_rts_ti_ReentSupport_getTlsAddr__I)
                  01010558    00000018     sysbios.aem4 : BIOS.obj (.text:xdc_runtime_Error_init__E)
                  01010570    00000018                  : BIOS.obj (.text:xdc_runtime_System_exit__E)
                  01010588    00000016     driverlib.a : prcm.obj (.text:PRCMHIBRegRead)
                  0101059e    00000016                 : prcm.obj (.text:PRCMHIBRegWrite)
                  010105b4    00000016     simplelink.a : driver.obj (.text:_SlDrvMemZero)
                  010105ca    00000006     --HOLE-- [fill = 0]
                  010105d0    00000016     sysbios.aem4 : BIOS.obj (.text:pthread_mutex_destroy)
                  010105e6    00000016     rtsv7M4_T_le_eabi.lib : strchr.c.obj (.text:strchr)
                  010105fc    00000016     release_pem4.oem4 (.text:ti_sysbios_BIOS_exitFunc__I)
                  01010612    00000002     --HOLE-- [fill = 0]
                  01010614    00000014     drivers_cc32xx.aem4 : PowerCC32XX.oem4 (.text:Power_getDependencyCount)
                  01010628    00000014                         : SPI.oem4 (.text:SPI_Params_init)
                  0101063c    00000004     --HOLE-- [fill = 0]
                  01010640    00000014     sysbios.aem4 : BIOS.obj (.text:pthread_attr_setschedparam)
                  01010654    00000014     rtsv7M4_T_le_eabi.lib : strcpy.c.obj (.text:strcpy)
                  01010668    00000014                           : strlen.c.obj (.text:strlen)
                  0101067c    00000014     release_pem4.oem4 (.text:ti_sysbios_family_arm_m3_Hwi_Object__get__S)
                  01010690    00000014     sysbios.aem4 : BIOS.obj (.text:ti_sysbios_family_arm_m3_Hwi_switchFromBootStack__E)
                  010106a4    00000014     release_pem4.oem4 (.text:ti_sysbios_heaps_HeapMem_Object__get__S)
                  010106b8    00000014     sysbios.aem4 : BIOS.obj (.text:ti_sysbios_knl_Clock_tickReconfig__E)
                  010106cc    00000014     release_pem4.oem4 (.text:ti_sysbios_knl_Swi_Object__get__S)
                  010106e0    00000012     dpl_cc32xx.aem4 : SemaphoreP_tirtos.oem4 (.text:SemaphoreP_pend)
                  010106f2    00000006     --HOLE-- [fill = 0]
                  010106f8    00000012     sysbios.aem4 : BIOS.obj (.text:_pthread_runStub$41)
                  0101070a    00000012     platform.obj (.text:isWokenFromHib)
                  0101071c    00000004     --HOLE-- [fill = 0]
                  01010720    00000012     sysbios.aem4 : BIOS.obj (.text:ti_sysbios_hal_Hwi_Module_startup__E)
                  01010732    00000012     rtsv7M4_T_le_eabi.lib : wcslen.c.obj (.text:wcslen)
                  01010744    00000012     release_pem4.oem4 (.text:xdc_runtime_Startup_exec__I)
                  01010756    00000010     ti_drivers_config.obj (.text:Board_init)
                  01010766    00000010     dpl_cc32xx.aem4 : HwiP_tirtos.oem4 (.text:HwiP_Params_init)
                  01010776    00000002     --HOLE-- [fill = 0]
                  01010778    00000010     drivers_cc32xx.aem4 : PowerCC32XX.oem4 (.text:Power_enablePolicy)
                  01010788    00000010     simplelink.a : driver.obj (.text:_SlDrvDispatchHttpServerEvents)
                  01010798    00000010                  : driver.obj (.text:_SlDrvDispatchNetAppRequestEvents)
                  010107a8    00000010                  : driver.obj (.text:_SlDrvIsSpawnOwnGlobalLock)
                  010107b8    00000010     ti_drivers_config.obj (.text:dmaErrorFxn)
                  010107c8    00000010     platform.obj (.text:preHibConfig)
                  010107d8    00000010     sysbios.aem4 : BIOS.obj (.text:pthread_mutexattr_init)
                  010107e8    00000010                  : BIOS.obj (.text:pthread_mutexattr_settype)
                  010107f8    00000010                  : BIOS.obj (.text:ti_sysbios_BIOS_getCpuFreq__E)
                  01010808    00000010                  : BIOS.obj (.text:ti_sysbios_BIOS_setThreadType__E)
                  01010818    00000010                  : BIOS.obj (.text:ti_sysbios_BIOS_start__E)
                  01010828    00000010                  : m3_TaskSupport_asm.obj (.text:ti_sysbios_family_arm_m3_TaskSupport_glue)
                  01010838    00000010                  : m3_TaskSupport_asm.obj (.text:ti_sysbios_family_arm_m3_TaskSupport_swap__E)
                  01010848    00000010                  : BIOS.obj (.text:ti_sysbios_gates_GateMutex_Instance_finalize__E)
                  01010858    00000010     release_pem4.oem4 (.text:ti_sysbios_knl_Mailbox_Object__get__S)
                  01010868    00000010     sysbios.aem4 : BIOS.obj (.text:ti_sysbios_knl_Semaphore_Instance_finalize__E)
                  01010878    00000010                  : BIOS.obj (.text:ti_sysbios_knl_Swi_disable__E)
                  01010888    00000010     release_pem4.oem4 (.text:ti_sysbios_knl_Task_Object__get__S)
                  01010898    00000010     sysbios.aem4 : BIOS.obj (.text:ti_sysbios_knl_Task_disable__E)
                  010108a8    00000010                  : BIOS.obj (.text:xdc_runtime_Memory_free__E)
                  010108b8    00000010                  : BIOS.obj (.text:xdc_runtime_SysCallback_abort__E)
                  010108c8    00000010                  : BIOS.obj (.text:xdc_runtime_SysCallback_exit__E)
                  010108d8    0000000e     simplelink.a : driver.obj (.text:_SlDrvResetCmdExt)
                  010108e6    0000000e     rtsv7M4_T_le_eabi.lib : copy_decompress_none.c.obj (.text:decompress:none:__TI_decompress_none)
                  010108f4    0000000e     drivers_cc32xx.aem4 : SPICC32XXDMA.oem4 (.text:postNotifyFxn)
                  01010902    00000006     --HOLE-- [fill = 0]
                  01010908    0000000e     sysbios.aem4 : BIOS.obj (.text:pthread_attr_setdetachstate)
                  01010916    00000002     --HOLE-- [fill = 0]
                  01010918    0000000e                  : BIOS.obj (.text:sem_wait)
                  01010926    0000000e     simplelink.a : cc_pal.obj (.text:spi_Close)
                  01010934    00000004     --HOLE-- [fill = 0]
                  01010938    0000000e     sysbios.aem4 : BIOS.obj (.text:ti_sysbios_knl_Idle_loop__E)
                  01010946    00000002     --HOLE-- [fill = 0]
                  01010948    0000000e                  : BIOS.obj (.text:ti_sysbios_knl_Queue_empty__E)
                  01010956    0000000c     dpl_cc32xx.aem4 : ClockP_tirtos.oem4 (.text:ClockP_delete)
                  01010962    00000002     --HOLE-- [fill = 0]
                  01010964    0000000c                     : ClockP_tirtos.oem4 (.text:ClockP_getSystemTickPeriod)
                  01010970    0000000c                     : HwiP_tirtos.oem4 (.text:HwiP_delete)
                  0101097c    0000000c     simplelink.a : cc_pal.obj (.text:NwpMaskInterrupt)
                  01010988    0000000c                  : cc_pal.obj (.text:NwpUnMaskInterrupt)
                  01010994    0000000c     drivers_cc32xx.aem4 : PowerCC32XX.oem4 (.text:Power_getConstraintMask)
                  010109a0    0000000c     dpl_cc32xx.aem4 : SemaphoreP_tirtos.oem4 (.text:SemaphoreP_delete)
                  010109ac    0000000c     power_measure.obj (.text:SimpleLinkHttpServerEventHandler)
                  010109b8    0000000c     power_measure.obj (.text:SimpleLinkNetAppRequestEventHandler)
                  010109c4    0000000c     simplelink.a : device.obj (.text:_SlDeviceResetRequestInitCompletedCB)
                  010109d0    0000000c     rtsv7M4_T_le_eabi.lib : _lock.c.obj (.text:_register_lock)
                  010109dc    0000000c                           : _lock.c.obj (.text:_register_unlock)
                  010109e8    0000000c                           : s_copysign.c.obj (.text:copysign)
                  010109f4    0000000c                           : copy_zero_init.c.obj (.text:decompress:ZI:__TI_zero_init)
                  01010a00    0000000c     platform.obj (.text:getHibRetentionReg)
                  01010a0c    0000000c     drivers_cc32xx.aem4 : UARTCC32XXDMA.oem4 (.text:postNotifyFxn)
                  01010a18    0000000c     sysbios.aem4 : BIOS.obj (.text:pthread_self)
                  01010a24    0000000c     release_pem4.oem4 (.text:ti_sysbios_family_arm_m3_Hwi_Params__init__S)
                  01010a30    0000000c     sysbios.aem4 : BIOS.obj (.text:ti_sysbios_family_arm_m3_Hwi_disableFxn__E)
                  01010a3c    00000004     --HOLE-- [fill = 0]
                  01010a40    0000000c                  : BIOS.obj (.text:ti_sysbios_family_arm_m3_TaskSupport_getStackAlignment__E)
                  01010a4c    00000004     --HOLE-- [fill = 0]
                  01010a50    0000000c                  : BIOS.obj (.text:ti_sysbios_gates_GateHwi_enter__E)
                  01010a5c    0000000c     release_pem4.oem4 (.text:ti_sysbios_knl_Clock_Params__init__S)
                  01010a68    0000000c     sysbios.aem4 : BIOS.obj (.text:ti_sysbios_knl_Clock_getTicks__E)
                  01010a74    00000004     --HOLE-- [fill = 0]
                  01010a78    0000000c                  : BIOS.obj (.text:ti_sysbios_knl_Clock_setTicks__E)
                  01010a84    00000004     --HOLE-- [fill = 0]
                  01010a88    0000000c                  : BIOS.obj (.text:ti_sysbios_knl_Clock_tickStart__E)
                  01010a94    00000004     --HOLE-- [fill = 0]
                  01010a98    0000000c                  : BIOS.obj (.text:ti_sysbios_knl_Clock_tickStop__E)
                  01010aa4    0000000c     release_pem4.oem4 (.text:ti_sysbios_knl_Queue_Object__get__S)
                  01010ab0    0000000c     release_pem4.oem4 (.text:ti_sysbios_knl_Semaphore_Params__init__S)
                  01010abc    0000000c     release_pem4.oem4 (.text:ti_sysbios_knl_Task_Params__init__S)
                  01010ac8    0000000c     sysbios.aem4 : BIOS.obj (.text:ti_sysbios_knl_Task_self__E)
                  01010ad4    00000004     --HOLE-- [fill = 0]
                  01010ad8    0000000c                  : BIOS.obj (.text:ti_sysbios_rts_ti_ReentSupport_taskRegHook__I)
                  01010ae4    0000000c     driverlib.a : udma.obj (.text:uDMAErrorStatusClear)
                  01010af0    0000000c                 : udma.obj (.text:uDMAErrorStatusGet)
                  01010afc    00000004     --HOLE-- [fill = 0]
                  01010b00    0000000c     sysbios.aem4 : BIOS.obj (.text:xdc_runtime_Startup_rtsDone__E)
                  01010b0c    0000000a     dpl_cc32xx.aem4 : ClockP_tirtos.oem4 (.text:ClockP_Params_init)
                  01010b16    0000000a     drivers_cc32xx.aem4 : SPI.oem4 (.text:SPI_close)
                  01010b20    0000000a                         : SPI.oem4 (.text:SPI_transfer)
                  01010b2a    0000000a     power_measure.obj (.text:SimpleLinkNetAppRequestMemFreeEventHandler)
                  01010b34    0000000a     drivers_cc32xx.aem4 : UART.oem4 (.text:UART_control)
                  01010b3e    0000000a                         : UART.oem4 (.text:UART_readPolling)
                  01010b48    0000000a                         : UART.oem4 (.text:UART_writePolling)
                  01010b52    00000006     --HOLE-- [fill = 0]
                  01010b58    0000000a     sysbios.aem4 : BIOS.obj (.text:sem_destroy)
                  01010b62    00000006     --HOLE-- [fill = 0]
                  01010b68    0000000a                  : BIOS.obj (.text:sem_post)
                  01010b72    0000000a     simplelink.a : device.obj (.text:sl_Task)
                  01010b7c    0000000a     release_pem4.oem4 (.text:xdc_runtime_IHeap_alloc)
                  01010b86    0000000a     release_pem4.oem4 (.text:xdc_runtime_IHeap_free)
                  01010b90    00000008     dpl_cc32xx.aem4 : SemaphoreP_tirtos.oem4 (.text:SemaphoreP_Params_init)
                  01010b98    00000008     simplelink.a : cc_pal.obj (.text:TimerGetCurrentTimestamp)
                  01010ba0    00000008     drivers_cc32xx.aem4 : SPICC32XXDMA.oem4 (.text:blockingTransferCallback)
                  01010ba8    00000008     sysbios.aem4 : BIOS.obj (.text:pthread_attr_setstacksize)
                  01010bb0    00000008                  : BIOS.obj (.text:pthread_mutex_lock)
                  01010bb8    00000008     drivers_cc32xx.aem4 : UARTCC32XXDMA.oem4 (.text:readSemCallback)
                  01010bc0    00000008     sysbios.aem4 : BIOS.obj (.text:sem_getvalue)
                  01010bc8    00000008                  : BIOS.obj (.text:ti_sysbios_family_arm_m3_Hwi_doSwiRestore__I)
                  01010bd0    00000008                  : BIOS.obj (.text:ti_sysbios_family_arm_m3_Hwi_startup__E)
                  01010bd8    00000008     drivers_cc32xx.aem4 : UARTCC32XXDMA.oem4 (.text:writeSemCallback)
                  01010be0    00000006     sysbios.aem4 : BIOS.obj (.text:ti_sysbios_family_arm_m3_Hwi_doTaskRestore__I)
                  01010be6    00000002     --HOLE-- [fill = 0]
                  01010be8    00000006                  : BIOS.obj (.text:ti_sysbios_family_arm_m3_Hwi_restoreFxn__E)
                  01010bee    00000002     --HOLE-- [fill = 0]
                  01010bf0    00000006                  : BIOS.obj (.text:ti_sysbios_gates_GateHwi_leave__E)
                  01010bf6    00000002     --HOLE-- [fill = 0]
                  01010bf8    00000006                  : BIOS.obj (.text:ti_sysbios_heaps_HeapMem_isBlocking__E)
                  01010bfe    00000002     --HOLE-- [fill = 0]
                  01010c00    00000006                  : BIOS.obj (.text:ti_sysbios_knl_Clock_stop__E)
                  01010c06    00000002     --HOLE-- [fill = 0]
                  01010c08    00000006                  : BIOS.obj (.text:ti_sysbios_knl_Queue_Instance_init__E)
                  01010c0e    00000002     --HOLE-- [fill = 0]
                  01010c10    00000006                  : BIOS.obj (.text:ti_sysbios_knl_Swi_startup__E)
                  01010c16    00000002     --HOLE-- [fill = 0]
                  01010c18    00000006                  : BIOS.obj (.text:xdc_runtime_System_Module_startup__E)
                  01010c1e    00000002     --HOLE-- [fill = 0]
                  01010c20    00000004                  : BIOS.obj (.text:__aeabi_errno_addr)
                  01010c24    00000004     --HOLE-- [fill = 0]
                  01010c28    00000004                  : BIOS.obj (.text:ti_sysbios_family_arm_m3_Timer_getMaxTicks__E)
                  01010c2c    00000004     --HOLE-- [fill = 0]
                  01010c30    00000004                  : BIOS.obj (.text:ti_sysbios_gates_GateHwi_query__E)
                  01010c34    00000004     --HOLE-- [fill = 0]
                  01010c38    00000004                  : BIOS.obj (.text:ti_sysbios_gates_GateMutex_query__E)
                  01010c3c    00000004     --HOLE-- [fill = 0]
                  01010c40    00000004                  : BIOS.obj (.text:ti_sysbios_knl_Clock_setTimeout__E)
                  01010c44    00000004     --HOLE-- [fill = 0]
                  01010c48    00000004                  : BIOS.obj (.text:ti_sysbios_knl_Task_startup__E)
                  01010c4c    00000004     --HOLE-- [fill = 0]
                  01010c50    00000002                  : BIOS.obj (.text:ti_sysbios_BIOS_linkedWithIncorrectBootLibrary__E)
                  01010c52    00000006     --HOLE-- [fill = 0]
                  01010c58    00000002                  : BIOS.obj (.text:ti_sysbios_gates_GateHwi_Instance_init__E)
                  01010c5a    00000006     --HOLE-- [fill = 0]
                  01010c60    00000002                  : BIOS.obj (.text:ti_sysbios_knl_Clock_logTick__E)
                  01010c62    00000006     --HOLE-- [fill = 0]
                  01010c68    00000002                  : BIOS.obj (.text:xdc_runtime_SysCallback_defaultAbort)
                  01010c6a    00000006     --HOLE-- [fill = 0]
                  01010c70    00000002                  : BIOS.obj (.text:xdc_runtime_SysCallback_defaultExit)
                  01010c72    00000006     --HOLE-- [fill = 0]
                  01010c78    00000002                  : BIOS.obj (.text:xdc_runtime_System_abortSpin__E)
                  01010c7a    00000006     --HOLE-- [fill = 0]
                  01010c80    00000002                  : BIOS.obj (.text:xdc_runtime_System_exitSpin__E)

.const     0    01010c84    00000c32     
                  01010c84    00000101     rtsv7M4_T_le_eabi.lib : ctype.c.obj (.const:.string:_ctypes_)
                  01010d85    00000001     release_pem4.oem4 (.const:ti_sysbios_knl_Clock_tickMode__C)
                  01010d86    00000002     release_pem4.oem4 (.const:ti_sysbios_family_arm_m3_Hwi_Module__id__C)
                  01010d88    00000100     driverlib.a : pin.obj (.const:g_ulPinToPadMap)
                  01010e88    000000a8                 : prcm.obj (.const:PRCM_PeriphRegsList)
                  01010f30    00000078     ti_drivers_config.obj (.const:spiCC32XXDMAHWAttrs)
                  01010fa8    00000070     simplelink.a : driver.obj (.const:OpcodeTranslateTable)
                  01011018    00000050                  : driver.obj (.const:_SlActionLookupTable)
                  01011068    00000040     ti_drivers_config.obj (.const:PowerCC32XX_config)
                  010110a8    0000003c     release_pem4.oem4 (.const:ti_sysbios_knl_Task_Object__PARAMS__C)
                  010110e4    00000034     ti_drivers_net_wifi_config.obj (.const:SimpleLinkWifiCC32XX_config)
                  01011118    00000034     release_pem4.oem4 (.const:ti_sysbios_knl_Mailbox_Object__PARAMS__C)
                  0101114c    00000030     release_pem4.oem4 (.const:ti_sysbios_family_arm_m3_Hwi_Object__PARAMS__C)
                  0101117c    00000028     drivers_cc32xx.aem4 : UARTCC32XXDMA.oem4 (.const:UARTCC32XXDMA_fxnTable)
                  010111a4    00000028     release_pem4.oem4 (.const:ti_sysbios_heaps_HeapMem_Module__FXNS__C)
                  010111cc    00000024     drivers_cc32xx.aem4 : UART.oem4 (.const:UART_defaultParams)
                  010111f0    00000024     release_pem4.oem4 (.const:ti_sysbios_gates_GateHwi_Module__FXNS__C)
                  01011214    00000024     release_pem4.oem4 (.const:ti_sysbios_gates_GateMutex_Module__FXNS__C)
                  01011238    00000024     release_pem4.oem4 (.const:ti_sysbios_heaps_HeapMem_Object__PARAMS__C)
                  0101125c    00000024     release_pem4.oem4 (.const:ti_sysbios_knl_Clock_Object__PARAMS__C)
                  01011280    00000024     release_pem4.oem4 (.const:ti_sysbios_knl_Semaphore_Object__PARAMS__C)
                  010112a4    00000024     ti_drivers_config.obj (.const:uartCC32XXHWAttrs0)
                  010112c8    00000021     drivers_cc32xx.aem4 : GPIOCC32XX.oem4 (.const:.string:pinTable)
                  010112e9    00000001     release_pem4.oem4 (.const:ti_sysbios_knl_Clock_tickSource__C)
                  010112ea    00000002     release_pem4.oem4 (.const:ti_sysbios_family_arm_m3_Timer_Module__id__C)
                  010112ec    00000020     simplelink.a : driver.obj (.const:RxMsgClassLUT)
                  0101130c    00000020     drivers_cc32xx.aem4 : SPI.oem4 (.const:SPI_defaultParams)
                  0101132c    00000020     simplelink.a : device.obj (.const:StartResponseLUT)
                  0101134c    00000020     release_pem4.oem4 (.const:ti_sysbios_family_arm_m3_Hwi_Object__DESC__C)
                  0101136c    00000020     release_pem4.oem4 (.const:ti_sysbios_gates_GateHwi_Object__DESC__C)
                  0101138c    00000020     release_pem4.oem4 (.const:ti_sysbios_gates_GateMutex_Object__DESC__C)
                  010113ac    00000020     release_pem4.oem4 (.const:ti_sysbios_heaps_HeapMem_Object__DESC__C)
                  010113cc    00000020     release_pem4.oem4 (.const:ti_sysbios_knl_Clock_Object__DESC__C)
                  010113ec    00000020     release_pem4.oem4 (.const:ti_sysbios_knl_Mailbox_Object__DESC__C)
                  0101140c    00000020     release_pem4.oem4 (.const:ti_sysbios_knl_Queue_Object__DESC__C)
                  0101142c    00000020     release_pem4.oem4 (.const:ti_sysbios_knl_Semaphore_Object__DESC__C)
                  0101144c    00000020     release_pem4.oem4 (.const:ti_sysbios_knl_Task_Object__DESC__C)
                  0101146c    00000020     release_pem4.oem4 (.const:xdc_runtime_Startup_sfxnTab__A)
                  0101148c    0000001a     power_measure.obj (.const:.string:$P$T6$7)
                  010114a6    00000018     power_measure.obj (.const:.string:$P$T9$10)
                  010114be    00000002     release_pem4.oem4 (.const:ti_sysbios_heaps_HeapMem_Module__id__C)
                  010114c0    00000018     drivers_cc32xx.aem4 : SPICC32XXDMA.oem4 (.const:SPICC32XXDMA_fxnTable)
                  010114d8    00000018     ti_drivers_config.obj (.const:SPI_config)
                  010114f0    00000018     release_pem4.oem4 (.const:ti_sysbios_gates_GateHwi_Object__PARAMS__C)
                  01011508    00000018     release_pem4.oem4 (.const:ti_sysbios_gates_GateMutex_Object__PARAMS__C)
                  01011520    00000018     release_pem4.oem4 (.const:ti_sysbios_knl_Queue_Object__PARAMS__C)
                  01011538    00000018     release_pem4.oem4 (.const:ti_sysbios_knl_Task_hooks__A)
                  01011550    00000014     simplelink.a : cc_pal.obj (.const:$P$T0$1)
                  01011564    00000014                  : device.obj (.const:$P$T0$1)
                  01011578    00000014                  : driver.obj (.const:$P$T0$1)
                  0101158c    00000014     power_measure.obj (.const:$P$T1$2)
                  010115a0    00000014     simplelink.a : cc_pal.obj (.const:$P$T1$2)
                  010115b4    00000014                  : driver.obj (.const:$P$T2$3)
                  010115c8    00000014     ti_drivers_config.obj (.const:GPIOCC32XX_config)
                  010115dc    00000014     drivers_cc32xx.aem4 : GPIOCC32XX.oem4 (.const:gpioBaseAddresses)
                  010115f0    00000014                         : UARTCC32XXDMA.oem4 (.const:parityType)
                  01011604    00000014                         : GPIOCC32XX.oem4 (.const:powerResources)
                  01011618    00000010     power_measure.obj (.const:.string:$P$T12$13)
                  01011628    00000010     power_measure.obj (.const:.string:$P$T7$8)
                  01011638    00000010     power_measure.obj (.const:.string:$P$T8$9)
                  01011648    00000010     drivers_cc32xx.aem4 : UARTCC32XXDMA.oem4 (.const:dataLength)
                  01011658    00000010     release_pem4.oem4 (.const:xdc_runtime_Startup_sfxnRts__A)
                  01011668    0000000f     power_measure.obj (.const:.string:$P$T5$6)
                  01011677    0000000e     power_measure.obj (.const:.string:$P$T0$1)
                  01011685    0000000d     power_measure.obj (.const:.string:$P$T10$11)
                  01011692    0000000d     power_measure.obj (.const:.string:$P$T11$12)
                  0101169f    00000001     release_pem4.oem4 (.const:xdc_runtime_Error_policy__C)
                  010116a0    0000000c     power_measure.obj (.const:$P$T3$4)
                  010116ac    0000000c     power_measure.obj (.const:.string:$P$T2$3)
                  010116b8    0000000c     ti_drivers_config.obj (.const:UART_config)
                  010116c4    0000000c     drivers_cc32xx.aem4 : SPICC32XXDMA.oem4 (.const:dmaNullConfig)
                  010116d0    0000000c                         : SPICC32XXDMA.oem4 (.const:dmaRxConfig)
                  010116dc    0000000c                         : SPICC32XXDMA.oem4 (.const:dmaTxConfig)
                  010116e8    0000000c     ti_drivers_config.obj (.const:udmaCC3220SHWAttrs)
                  010116f4    0000000c     release_pem4.oem4 (.const:xdc_runtime_Startup_firstFxns__A)
                  01011700    00000008     power_measure.obj (.const:$P$T13$14)
                  01011708    00000008     ti_drivers_config.obj (.const:UDMACC32XX_config)
                  01011710    00000008     simplelink.a : driver.obj (.const:g_H2NCnysPattern)
                  01011718    00000008                  : driver.obj (.const:g_H2NSyncPattern)
                  01011720    00000008     drivers_cc32xx.aem4 : SPICC32XXDMA.oem4 (.const:mode)
                  01011728    00000008                         : GPIOCC32XX.oem4 (.const:outPinTypes)
                  01011730    00000008     release_pem4.oem4 (.const)
                  01011738    00000008     drivers_cc32xx.aem4 : UARTCC32XXDMA.oem4 (.const:stopBits)
                  01011740    00000008     release_pem4.oem4 (.const:ti_sysbios_knl_Idle_funcList__A)
                  01011748    00000008     release_pem4.oem4 (.const:ti_sysbios_knl_Idle_funcList__C)
                  01011750    00000008     release_pem4.oem4 (.const:ti_sysbios_knl_Task_hooks__C)
                  01011758    00000008     release_pem4.oem4 (.const:xdc_runtime_Startup_firstFxns__C)
                  01011760    00000008     release_pem4.oem4 (.const:xdc_runtime_Startup_lastFxns__C)
                  01011768    00000006     drivers_cc32xx.aem4 : GPIOCC32XX.oem4 (.const:.string:interruptType)
                  0101176e    00000006                         : GPIOCC32XX.oem4 (.const:inPinTypes)
                  01011774    00000006                         : GPIOCC32XX.oem4 (.const:outPinStrengths)
                  0101177a    00000006     ti_drivers_config.obj (.const)
                  01011780    00000004     simplelink.a : wlan.obj (.const:$P$T0$1)
                  01011784    00000004                  : sl_socket.obj (.const:$P$T1$2)
                  01011788    00000004                  : sl_socket.obj (.const:$P$T2$3)
                  0101178c    00000004     drivers_cc32xx.aem4 : GPIOCC32XX.oem4 (.const:.string:portInterruptIds)
                  01011790    00000004     simplelink.a : device.obj (.const:_SlDeviceGetCmdCtrl)
                  01011794    00000004                  : netapp.obj (.const:_SlNetAppSendResponseCmdCtrl)
                  01011798    00000004                  : netapp.obj (.const:_SlNetAppSendTokenValueCmdCtrl)
                  0101179c    00000004                  : netapp.obj (.const:_SlNetAppSetCmdCtrl)
                  010117a0    00000004                  : netapp.obj (.const:_SlNetAppStartCtrl)
                  010117a4    00000004                  : netapp.obj (.const:_SlNetAppStopCtrl)
                  010117a8    00000004                  : netcfg.obj (.const:_SlNetCfgGetCmdCtrl)
                  010117ac    00000004                  : netcfg.obj (.const:_SlNetCfgSetCmdCtrl)
                  010117b0    00000004                  : wlan.obj (.const:_SlPolicySetCmdCtrl)
                  010117b4    00000004                  : wlan.obj (.const:_SlProfileDelCmdCtrl)
                  010117b8    00000004                  : wlan.obj (.const:_SlProvisioningCmdCtrl)
                  010117bc    00000004                  : sl_socket.obj (.const:_SlRecvfomCmdCtrl)
                  010117c0    00000004                  : netapp.obj (.const:_SlRegisterServiceCtrl)
                  010117c4    00000004                  : sl_socket.obj (.const:_SlSelectCmdCtrl)
                  010117c8    00000004                  : sl_socket.obj (.const:_SlSendCmdCtrl)
                  010117cc    00000004                  : sl_socket.obj (.const:_SlSetSockOptCmdCtrl)
                  010117d0    00000004                  : sl_socket.obj (.const:_SlSockCloseCmdCtrl)
                  010117d4    00000004                  : sl_socket.obj (.const:_SlSockSocketCmdCtrl)
                  010117d8    00000004                  : device.obj (.const:_SlStopCmdCtrl)
                  010117dc    00000004                  : wlan.obj (.const:_SlWlanSetModeCmdCtrl)
                  010117e0    00000004     release_pem4.oem4 (.const:ti_sysbios_family_arm_m3_Hwi_E_alreadyDefined__C)
                  010117e4    00000004     release_pem4.oem4 (.const:ti_sysbios_family_arm_m3_Hwi_E_badIntNum__C)
                  010117e8    00000004     release_pem4.oem4 (.const:ti_sysbios_family_arm_m3_Hwi_NUM_INTERRUPTS__C)
[...]
01010a69  ClockP_getSystemTicks                                           
01010a69  ti_sysbios_knl_Clock_getTicks__E                                
01010a79  ti_sysbios_knl_Clock_setTicks__E                                
01010a89  ti_sysbios_knl_Clock_tickStart__E                               
01010a99  ti_sysbios_knl_Clock_tickStop__E                                
01010aa5  ti_sysbios_knl_Queue_Object__get__S                             
01010ab1  ti_sysbios_knl_Semaphore_Params__init__S                        
01010abd  ti_sysbios_knl_Task_Params__init__S                             
01010ac9  ti_sysbios_knl_Task_self__E                                     
01010ad9  ti_sysbios_rts_ti_ReentSupport_taskRegHook__I                   
01010ae5  uDMAErrorStatusClear                                            
01010af1  uDMAErrorStatusGet                                              
01010b01  xdc_runtime_Startup_rtsDone__E                                  
01010b0d  ClockP_Params_init                                              
01010b17  SPI_close                                                       
01010b21  SPI_transfer                                                    
01010b2b  SimpleLinkNetAppRequestMemFreeEventHandler                      
01010b35  UART_control                                                    
01010b3f  UART_readPolling                                                
01010b49  UART_writePolling                                               
01010b59  sem_destroy                                                     
01010b69  sem_post                                                        
01010b73  sl_Task                                                         
01010b7d  xdc_runtime_Memory_HeapProxy_alloc__E                           
01010b87  xdc_runtime_Memory_HeapProxy_free__E                            
01010b91  SemaphoreP_Params_init                                          
01010b99  TimerGetCurrentTimestamp                                        
01010ba9  pthread_attr_setstacksize                                       
01010bb1  pthread_mutex_lock                                              
01010bc1  sem_getvalue                                                    
01010bc9  ti_sysbios_family_arm_m3_Hwi_doSwiRestore__I                    
01010bd1  ti_sysbios_family_arm_m3_Hwi_startup__E                         
01010bd1  ti_sysbios_hal_Hwi_HwiProxy_startup__E                          
01010bd1  ti_sysbios_hal_Hwi_startup__E                                   
01010be1  ti_sysbios_family_arm_m3_Hwi_doTaskRestore__I                   
01010be9  HwiP_restore                                                    
01010be9  ti_sysbios_family_arm_m3_Hwi_restoreFxn__E                      
01010be9  ti_sysbios_hal_Hwi_HwiProxy_restore__E                          
01010bf1  ti_sysbios_gates_GateHwi_leave__E                               
01010bf9  ti_sysbios_heaps_HeapMem_isBlocking__E                          
01010c01  ti_sysbios_knl_Clock_stop__E                                    
01010c09  ti_sysbios_knl_Queue_Instance_init__E                           
01010c11  ti_sysbios_knl_Swi_startup__E                                   
01010c19  xdc_runtime_System_Module_startup__E                            
01010c21  __aeabi_errno_addr                                              
01010c29  ti_sysbios_family_arm_m3_Timer_getMaxTicks__E                   
01010c31  ti_sysbios_gates_GateHwi_query__E                               
01010c31  xdc_runtime_Main_Module_GateProxy_query__E                      
01010c31  xdc_runtime_System_Module_GateProxy_query__E                    
01010c39  ti_sysbios_BIOS_RtsGateProxy_query__E                           
01010c39  ti_sysbios_gates_GateMutex_query__E                             
01010c39  ti_sysbios_heaps_HeapMem_Module_GateProxy_query__E              
01010c41  ti_sysbios_knl_Clock_setTimeout__E                              
01010c49  ti_sysbios_knl_Task_startup__E                                  
01010c51  ti_sysbios_BIOS_linkedWithIncorrectBootLibrary__E               
01010c59  ti_sysbios_gates_GateHwi_Instance_init__E                       
01010c61  ti_sysbios_knl_Clock_logTick__E                                 
01010c69  xdc_runtime_SysCallback_defaultAbort                            
01010c71  xdc_runtime_SysCallback_defaultExit                             
01010c79  xdc_runtime_System_abortSpin__E                                 
01010c81  xdc_runtime_System_exitSpin__E                                  
01010c84  _ctypes_                                                        
01010d85  ti_sysbios_knl_Clock_tickMode__C                                
01010d86  ti_sysbios_family_arm_m3_Hwi_Module__id__C                      
01010f30  spiCC32XXDMAHWAttrs                                             
01010fa8  OpcodeTranslateTable                                            
01011018  _SlActionLookupTable                                            
01011068  PowerCC32XX_config                                              
010110a8  ti_sysbios_knl_Task_Object__PARAMS__C                           
010110e4  SimpleLinkWifiCC32XX_config                                     
01011118  ti_sysbios_knl_Mailbox_Object__PARAMS__C                        
0101114c  ti_sysbios_family_arm_m3_Hwi_Object__PARAMS__C                  
0101117c  UARTCC32XXDMA_fxnTable                                          
010111a4  ti_sysbios_heaps_HeapMem_Module__FXNS__C                        
010111cc  UART_defaultParams                                              
010111f0  ti_sysbios_gates_GateHwi_Module__FXNS__C                        
01011214  ti_sysbios_gates_GateMutex_Module__FXNS__C                      
01011238  ti_sysbios_heaps_HeapMem_Object__PARAMS__C                      
0101125c  ti_sysbios_knl_Clock_Object__PARAMS__C                          
01011280  ti_sysbios_knl_Semaphore_Object__PARAMS__C                      
010112e9  ti_sysbios_knl_Clock_tickSource__C                              
010112ea  ti_sysbios_family_arm_m3_Timer_Module__id__C                    
0101130c  SPI_defaultParams                                               
0101134c  ti_sysbios_family_arm_m3_Hwi_Object__DESC__C                    
0101136c  ti_sysbios_gates_GateHwi_Object__DESC__C                        
0101138c  ti_sysbios_gates_GateMutex_Object__DESC__C                      
010113ac  ti_sysbios_heaps_HeapMem_Object__DESC__C                        
010113cc  ti_sysbios_knl_Clock_Object__DESC__C                            
010113ec  ti_sysbios_knl_Mailbox_Object__DESC__C                          
0101140c  ti_sysbios_knl_Queue_Object__DESC__C                            
0101142c  ti_sysbios_knl_Semaphore_Object__DESC__C                        
0101144c  ti_sysbios_knl_Task_Object__DESC__C                             
0101146c  xdc_runtime_Startup_sfxnTab__A                                  
010114be  ti_sysbios_heaps_HeapMem_Module__id__C                          
010114c0  SPICC32XXDMA_fxnTable                                           
010114d8  SPI_config                                                      
010114f0  ti_sysbios_gates_GateHwi_Object__PARAMS__C                      
01011508  ti_sysbios_gates_GateMutex_Object__PARAMS__C                    
01011520  ti_sysbios_knl_Queue_Object__PARAMS__C                          
01011538  ti_sysbios_knl_Task_hooks__A                                    
010115c8  GPIOCC32XX_config                                               
01011658  xdc_runtime_Startup_sfxnRts__A                                  
0101169f  xdc_runtime_Error_policy__C                                     
010116b8  UART_config                                                     
010116e8  udmaCC3220SHWAttrs                                              
010116f4  xdc_runtime_Startup_firstFxns__A                                
01011708  UDMACC32XX_config                                               
01011728  outPinTypes                                                     
01011730  heap0                                                           
01011734  tiposix_mqGate                                                  
01011740  ti_sysbios_knl_Idle_funcList__A                                 
01011748  ti_sysbios_knl_Idle_funcList__C                                 
01011750  ti_sysbios_knl_Task_hooks__C                                    
01011758  xdc_runtime_Startup_firstFxns__C                                
01011760  xdc_runtime_Startup_lastFxns__C                                 
0101176e  inPinTypes                                                      
01011774  outPinStrengths                                                 
0101177a  Display_count                                                   
0101177b  CryptoCC32XX_count                                              
0101177c  SPI_count                                                       
0101177d  Timer_count                                                     
0101177e  UART_count                                                      
0101177f  Watchdog_count                                                  
01011794  _SlNetAppSendResponseCmdCtrl                                    
01011798  _SlNetAppSendTokenValueCmdCtrl                                  
010117b8  _SlProvisioningCmdCtrl                                          
010117e0  ti_sysbios_family_arm_m3_Hwi_E_alreadyDefined__C                
010117e4  ti_sysbios_family_arm_m3_Hwi_E_badIntNum__C                     
010117e8  ti_sysbios_family_arm_m3_Hwi_NUM_INTERRUPTS__C                  
010117ec  ti_sysbios_family_arm_m3_Hwi_Object__count__C                   
010117f0  ti_sysbios_family_arm_m3_Hwi_ccr__C                             
010117f4  ti_sysbios_family_arm_m3_Hwi_excHandlerFunc__C                  
010117f8  ti_sysbios_family_arm_m3_Hwi_nullIsrFunc__C                     
010117fc  ti_sysbios_family_arm_m3_Hwi_priGroup__C                        
01011800  ti_sysbios_family_arm_m3_Hwi_swiDisable__C                      
01011804  ti_sysbios_family_arm_m3_Hwi_swiRestore__C                      
01011808  ti_sysbios_family_arm_m3_TaskSupport_stackAlignment__C          
0101180c  ti_sysbios_family_arm_m3_Timer_E_cannotSupport__C               
01011810  ti_sysbios_family_arm_m3_Timer_startupNeeded__C                 
01011814  ti_sysbios_gates_GateMutex_Instance_State_sem__O                
01011818  ti_sysbios_heaps_HeapMem_E_memory__C                            
0101181c  ti_sysbios_heaps_HeapMem_Module__gateObj__C                     
01011820  ti_sysbios_heaps_HeapMem_Object__count__C                       
01011824  ti_sysbios_heaps_HeapMem_primaryHeapBaseAddr__C                 
01011828  ti_sysbios_heaps_HeapMem_primaryHeapEndAddr__C                  
0101182c  ti_sysbios_heaps_HeapMem_reqAlign__C                            
01011830  ti_sysbios_knl_Clock_Module_State_clockQ__O                     
01011834  ti_sysbios_knl_Clock_tickPeriod__C                              
01011838  ti_sysbios_knl_Mailbox_Instance_State_dataQue__O                
0101183c  ti_sysbios_knl_Mailbox_Instance_State_dataSem__O                
01011840  ti_sysbios_knl_Mailbox_Instance_State_freeQue__O                
01011844  ti_sysbios_knl_Mailbox_Instance_State_freeSem__O                
01011848  ti_sysbios_knl_Mailbox_Object__count__C                         
0101184c  ti_sysbios_knl_Mailbox_maxTypeAlign__C                          
01011850  ti_sysbios_knl_Semaphore_Instance_State_pendQ__O                
01011854  ti_sysbios_knl_Swi_Object__count__C                             
01011858  ti_sysbios_knl_Task_Module_State_inactiveQ__O                   
0101185c  ti_sysbios_knl_Task_Object__count__C                            
01011860  ti_sysbios_knl_Task_Object__heap__C                             
01011864  ti_sysbios_knl_Task_allBlockedFunc__C                           
01011868  ti_sysbios_knl_Task_defaultStackHeap__C                         
0101186c  ti_sysbios_knl_Task_defaultStackSize__C                         
01011870  ti_sysbios_knl_Task_numConstructedTasks__C                      
01011874  xdc_runtime_Error_E_memory__C                                   
01011878  xdc_runtime_Error_policyFxn__C                                  
0101187c  xdc_runtime_IGateProvider_Interface__BASE__C                    
01011880  xdc_runtime_IHeap_Interface__BASE__C                            
01011884  xdc_runtime_IModule_Interface__BASE__C                          
01011888  xdc_runtime_Memory_defaultHeapInstance__C                       
0101188c  xdc_runtime_Startup_execImpl__C                                 
01011890  xdc_runtime_Startup_maxPasses__C                                
01011894  xdc_runtime_Startup_sfxnRts__C                                  
01011898  xdc_runtime_Startup_sfxnTab__C                                  
0101189c  xdc_runtime_SysCallback_abortFxn__C                             
010118a0  xdc_runtime_SysCallback_exitFxn__C                              
010118a4  xdc_runtime_System_Module__gateObj__C                           
010118a8  xdc_runtime_System_abortFxn__C                                  
010118ac  xdc_runtime_System_exitFxn__C                                   
010118b0  xdc_runtime_System_maxAtexitHandlers__C                         
010118b4  xdc_runtime_Memory_Module__id__C                                
010118b8  __TI_static_base__                                              
01011b18  __TI_Handler_Table_Base                                         
01011b24  __TI_Handler_Table_Limit                                        
01011b30  __TI_CINIT_Base                                                 
01011b40  __TI_CINIT_Limit                                                
20000000  ti_sysbios_family_arm_m3_Hwi_ramVectors                         
20000310  __primary_heap_start__                                          
20008310  __primary_heap_end__                                            
20008400  PowerMeasure_CB                                                 
2000881c  ti_sysbios_family_arm_m3_Hwi_dispatchTable                      
20008b28  spiCC32XXDMAObjects                                             
20008bb0  GlobalLockObj                                                   
20009000  g_CB                                                            
20009400  ti_sysbios_knl_Task_Instance_State_0_stack__A                   
20009600  PowerCC32XX_contextSave                                         
2000972c  uartCC32XXObjects0                                              
20009798  g_SlInternalSpawnCB                                             
200097e8  DeviceCB                                                        
200097f4  Msg                                                             
20009800  spiCC32XXSDMAscratchBuf                                         
20009808  udmaCC3220SObject                                               
20009810  ClockP_tickPeriod                                               
20009814  ti_sysbios_knl_Task_Instance_State_0_hookEnv__A                 
20009818  RxIrqCnt                                                        
2000981c  PowerCC32XX_module                                              
20009988  parkInfo                                                        
20009b08  ti_sysbios_knl_Swi_Module_State_0_readyQ__A                     
20009b88  ti_sysbios_knl_Task_Module_State_0_readyQ__A                    
20009c08  ti_sysbios_gates_GateMutex_Object__table__V                     
20009c5c  ti_sysbios_knl_Task_Object__table__V                            
20009ca8  ti_sysbios_knl_Task_Module__state__V                            
20009cec  ti_sysbios_family_arm_m3_Hwi_Module__state__V                   
20009d20  ti_sysbios_family_arm_m3_Timer_Object__table__V                 
20009d50  ti_sysbios_knl_Swi_Object__table__V                             
20009d80  ti_sysbios_knl_Clock_Module__state__V                           
20009dac  g_LibsEvents                                                    
20009dd0  g_UserEvents                                                    
20009df4  ti_sysbios_BIOS_Module__state__V                                
20009e18  xdc_runtime_Error_IgnoreBlock                                   
20009e38  ti_sysbios_knl_Swi_Module__state__V                             
20009e54  PowerMeasure_appData                                            
20009e6c  gpioCallbackFunctions                                           
20009e84  gpioPinConfigs                                                  
20009e9c  ti_sysbios_family_arm_m3_Hwi_Object__table__V                   
20009eb4  ti_sysbios_heaps_HeapMem_Object__table__V                       
20009ecc  ti_sysbios_family_arm_cc32xx_Seconds_Module__state__V           
20009edc  gGlobalLockCntRequested                                         
20009edd  gGlobalLockCntReleased                                          
20009ede  g_SlDeviceStatus                                                
20009ee0  g_pCB                                                           
20009ee4  pPingCallBackFunc                                               
20009ee8  ti_sysbios_family_arm_m3_Timer_Module__state__V                 
20009efe  ti_sysbios_family_arm_m3_Hwi_Module_State_0_excActive__A        
20009f00  _lock                                                           
20009f04  _unlock                                                         
20009f10  ti_sysbios_family_arm_m3_Hwi_Module__root__V                    
20009f18  ti_sysbios_gates_GateHwi_Module__root__V                        
20009f20  ti_sysbios_gates_GateMutex_Module__root__V                      
20009f28  ti_sysbios_heaps_HeapMem_Module__root__V                        
20009f30  ti_sysbios_knl_Clock_Module__root__V                            
20009f38  ti_sysbios_knl_Mailbox_Module__root__V                          
20009f40  ti_sysbios_knl_Queue_Module__root__V                            
20009f48  ti_sysbios_knl_Semaphore_Module__root__V                        
20009f50  ti_sysbios_knl_Task_Module__root__V                             
20009f58  xdc_runtime_Startup_Module__state__V                            
20009f60  xdc_runtime_System_Module_State_0_atexitHandlers__A             
20009f68  xdc_runtime_System_Module__state__V                             
20009f70  main_func_sp                                                    
20009f74  g_intHandle                                                     
20009f78  ti_sysbios_family_arm_m3_Hwi_Module_State_0_excContext__A       
20009f7c  ti_sysbios_family_arm_m3_Hwi_Module_State_0_excStack__A         
20009f80  ti_sysbios_gates_GateHwi_Object__table__V                       
20009f84  ti_sysbios_knl_Task_Module_State_0_idleTask__A                  
20009f88  ti_sysbios_rts_ti_ReentSupport_Module__state__V                 
20009f8c  xdc_runtime_Memory_Module__state__V                             
2003fc00  __stack                                                         
20040000  __STACK_END                                                     
e000e000  ti_sysbios_family_arm_m3_Hwi_nvic                               
ffffffff  __TI_pprof_out_hndl                                             
ffffffff  __TI_prof_data_size                                             
ffffffff  __TI_prof_data_start                                            
ffffffff  __binit__                                                       
ffffffff  __c_args__                                                      
ffffffff  binit                                                           
UNDEFED   SHT$$INIT_ARRAY$$Base                                           
UNDEFED   SHT$$INIT_ARRAY$$Limit                                          

[804 symbols]
