******************************************************************************
                  TI ARM Linker PC v18.12.4                    
******************************************************************************
>> Linked Tue Feb 25 19:10:02 2020

OUTPUT FILE NAME:   <subscribe_publish_sample_CC3220SF_LAUNCHXL_tirtos_ccs.out>
ENTRY POINT SYMBOL: "_c_int00"  address: 01013abd


MEMORY CONFIGURATION

         name            origin    length      used     unused   attr    fill
----------------------  --------  ---------  --------  --------  ----  --------
  FLASH_HDR             01000000   000007ff  00000000  000007ff  R  X
  FLASH                 01000800   000ff800  0001747e  000e8382  R  X
  SRAM                  20000000   00040000  0000a8c5  0003573b  RW X


SEGMENT ALLOCATION MAP

run origin  load origin   length   init length attrs members
----------  ----------- ---------- ----------- ----- -------
01000800    01000800    00017488   00017488    r-x
  01000800    01000800    0000003c   0000003c    r-- .resetVecs
  01000840    01000840    00016232   00016232    r-x .text
  01016a74    01016a74    00000eb0   00000eb0    r-- .const
  01017928    01017928    00000360   00000360    r-- .cinit
20000310    20000310    00008000   00000000    r--
  20000310    20000310    00008000   00000000    r-- .priheap
20008400    20008400    000021bc   00000000    rw-
  20008400    20008400    000016dd   00000000    rw- .bss
  20009ae0    20009ae0    00000adc   00000000    rw- .data
2003fc00    2003fc00    00000400   00000000    rw-
  2003fc00    2003fc00    00000400   00000000    rw- .stack


SECTION ALLOCATION MAP

 output                                  attributes/
section   page    origin      length       input sections
--------  ----  ----------  ----------   ----------------
.text      0    01000840    00016232     
                  01000840    00000a4e     rtsv7M4_T_le_eabi.lib : _printfi.c.obj (.text:__TI_printfi)
                  0100128e    00000002     ti_drivers_config.obj (.text:Board_initHook)
                  01001290    000008cc     simplelink.a : driver.obj (.text:_SlDrvMsgRead)
                  01001b5c    000006e4     subscribe_publish_sample.obj (.text:runAWSClient)
                  01002240    000004bc     simplelink.a : sl_socket.obj (.text:_SlSocketHandleAsync_Select)
                  010026fc    00000004     dpl_cc32xx.aem4 : ClockP_tirtos.oem4 (.text:ClockP_getCpuFreq)
                  01002700    0000048b     sysbios.aem4 : BIOS.obj (.text:xdc_runtime_System_doPrint__I)
                  01002b8b    00000001     --HOLE-- [fill = 0]
                  01002b8c    00000430     driverlib.a : prcm.obj (.text:PRCMCC3200MCUInit)
                  01002fbc    00000384     simplelink.a : driver.obj (.text:_SlDrvMsgWrite)
                  01003340    00000350     slnetsock_release.a : slnetutils.oem4 (.text:SlNetUtil_getAddrInfo)
                  01003690    00000318     network_sl.obj (.text:iot_tls_connect)
                  010039a8    000002e0     simplelink.a : driver.obj (.text:_SlDrvWaitForPoolObj)
                  01003c88    000002d8                  : driver.obj (.text:_SlDrvRxHdrRead)
                  01003f60    000002b4                  : sl_socket.obj (.text:sl_Select)
                  01004214    000002a4                  : wlanconfig.obj (.text:sl_WifiConfig)
                  010044b8    000002a0     rtsv7M4_T_le_eabi.lib : mktime.c.obj (.text:__mktime32)
                  01004758    00000294     simplelink.a : driver.obj (.text:_SlDrvReleasePoolObj)
                  010049ec    00000280     drivers_cc32xx.aem4 : UARTCC32XX.oem4 (.text:UARTCC32XX_open)
                  01004c6c    0000027c     simplelink.a : wlan.obj (.text:sl_WlanConnect)
                  01004ee8    00000268     rtsv7M4_T_le_eabi.lib : _printfi.c.obj (.text:_pconv_a)
                  01005150    0000025c     simplelink.a : driver.obj (.text:_SlDrvDataReadOp)
                  010053ac    00000224                  : driver.obj (.text:_SlDrvDriverCBInit)
                  010055d0    00000218                  : driver.obj (.text:_SlDrvDataWriteOp)
                  010057e8    00000208     subscribe_publish_sample.obj (.text:disconnectCallbackHandler)
                  010059f0    000001f4     simplelink.a : driver.obj (.text:_SlDrvMsgReadCmdCtx)
                  01005be4    000001f2                  : netapp.obj (.text:_SlNetAppEventHandler)
                  01005dd6    00000002     display.aem4 : DisplayUart.oem4 (.text:DisplayUartMin_clear)
                  01005dd8    000001dc     main_tirtos.obj (.text:awsThreadFxn)
                  01005fb4    000001d4     drivers_cc32xx.aem4 : GPIOCC32XX.oem4 (.text:GPIO_setConfig)
                  01006188    000001d0                         : SPICC32XXDMA.oem4 (.text:SPICC32XXDMA_transfer)
                  01006358    000001d0     aws_iot_mqtt_client_connect.obj (.text:_aws_iot_mqtt_serialize_connect)
                  01006528    000001cc     rtsv7M4_T_le_eabi.lib : _printfi.c.obj (.text:_pconv_g)
                  010066f4    000001c8     simplelink.a : device.obj (.text:sl_Stop)
                  010068bc    000001b8     drivers_cc32xx.aem4 : SPICC32XXDMA.oem4 (.text:configDMA)
                  01006a74    000001b6     rtsv7M4_T_le_eabi.lib : fd_add_t2.asm.obj (.text)
                  01006c2a    00000002     display.aem4 : DisplayUart.oem4 (.text:DisplayUartMin_clearLines)
                  01006c2c    000001b4     simplelink.a : driver.obj (.text:_SlDrvReleaseAllActivePendingPoolObj)
                  01006de0    000001ac                  : sl_socket.obj (.text:sl_Accept)
                  01006f8c    0000018c                  : sl_socket.obj (.text:_SlDrvRegisterForSelectAsync)
                  01007118    00000184                  : driver.obj (.text:_SlDrvFindAndSetActiveObj)
                  0100729c    00000180     release_pem4.oem4 (.text:xdc_runtime_System_printfExtend__I)
                  0100741c    00000178     simplelink.a : sl_socket.obj (.text:sl_Connect)
                  01007594    00000170                  : netapp.obj (.text:sl_NetAppDnsGetHostByName)
                  01007704    00000160     aws_iot_mqtt_client_common_internal.obj (.text:_aws_iot_mqtt_internal_read_packet)
                  01007864    00000158     drivers_cc32xx.aem4 : SPICC32XXDMA.oem4 (.text:SPICC32XXDMA_open)
                  010079bc    00000158     aws_iot_mqtt_client.obj (.text:aws_iot_mqtt_init)
                  01007b14    00000154     simplelink.a : sl_socket.obj (.text:sl_RecvFrom)
                  01007c68    00000154     startsntp.obj (.text:startSNTP)
                  01007dbc    0000014c     dpl_cc32xx.aem4 : PowerCC32XX_tirtos.oem4 (.text:PowerCC32XX_sleepPolicy)
                  01007f08    0000014c     simplelink.a : sl_socket.obj (.text:sl_StartTLS)
                  01008054    00000148     drivers_cc32xx.aem4 : PowerCC32XX.oem4 (.text:parkPins)
                  0100819c    00000142     aws_iot_mqtt_client_subscribe.obj (.text:_aws_iot_mqtt_internal_subscribe)
                  010082de    00000002     display.aem4 : DisplayUart.oem4 (.text:DisplayUartMin_init)
                  010082e0    00000140     simplelink.a : driver.obj (.text:_SlDrvMsgReadSpawnCtx)
                  01008420    00000140     aws_iot_mqtt_client_common_internal.obj (.text:aws_iot_mqtt_internal_init_header)
                  01008560    0000013c     simplelink.a : driver.obj (.text:_SlDrvDriverCBDeinit)
                  0100869c    0000013c                  : sl_socket.obj (.text:_SlDrvGetNextTimeoutValue)
                  010087d8    0000013c     rtsv7M4_T_le_eabi.lib : _printfi.c.obj (.text:_pconv_e)
                  01008914    00000138     drivers_cc32xx.aem4 : PowerCC32XX.oem4 (.text:Power_sleep)
                  01008a4c    00000138     simplelink.a : driver.obj (.text:_SlSpawnMsgListInsert)
                  01008b84    00000136     rtsv7M4_T_le_eabi.lib : fd_div_t2.asm.obj (.text)
                  01008cba    00000002     drivers_cc32xx.aem4 : UARTCC32XX.oem4 (.text:UARTCC32XX_init)
                  01008cbc    00000134     simplelink.a : sl_socket.obj (.text:_SlSocketHandleAsync_StartTLS)
                  01008df0    00000134     rtsv7M4_T_le_eabi.lib : localtim.c.obj (.text:__localtime32)
                  01008f24    00000134     aws_iot_mqtt_client_connect.obj (.text:_aws_iot_mqtt_deserialize_connack)
                  01009058    00000130     sntp_release.a : sntp.oem4 (.text:getTime)
                  01009188    00000130     sysbios.aem4 : BIOS.obj (.text:ti_sysbios_knl_Semaphore_pend__E)
                  010092b8    00000128     simplelink.a : driver.obj (.text:_SlDrvClassifyRxMsg)
                  010093e0    00000124                  : fs.obj (.text:sl_FsOpen)
                  01009504    00000122     aws_iot_mqtt_client_subscribe.obj (.text:_aws_iot_mqtt_internal_resubscribe)
                  01009626    00000002     rtsv7M4_T_le_eabi.lib : _lock.c.obj (.text:_nop)
                  01009628    00000120     drivers_cc32xx.aem4 : UARTCC32XX.oem4 (.text:UARTCC32XX_close)
                  01009748    00000120     simplelink.a : driver.obj (.text:_SlDrvAsyncEventGenericHandler)
                  01009868    00000120     rtsv7M4_T_le_eabi.lib : _printfi.c.obj (.text:fcvt)
                  01009988    00000120     simplelink.a : device.obj (.text:sl_Start)
                  01009aa8    00000120     sysbios.aem4 : BIOS.obj (.text:xdc_runtime_Startup_startMods__I)
                  01009bc8    0000011e     aws_iot_mqtt_client_connect.obj (.text:_aws_iot_mqtt_internal_connect)
                  01009ce6    00000002     rtsv7M4_T_le_eabi.lib : div0.asm.obj (.text)
                  01009ce8    00000118     simplelink.a : netapp.obj (.text:_SlNetAppHandleAsync_DnsGetHostByService)
                  01009e00    00000114     rtsv7M4_T_le_eabi.lib : fputs.c.obj (.text:fputs)
                  01009f14    00000110                           : strtoul.c.obj (.text:strtoul)
                  0100a024    00000004     dpl_cc32xx.aem4 : ClockP_tirtos.oem4 (.text:ClockP_setTimeout)
                  0100a028    00000110     sysbios.aem4 : BIOS.obj (.text:ti_sysbios_knl_Task_postInit__I)
                  0100a138    00000108     slnetsock_release.a : slnetutils.oem4 (.text:SlNetUtil_str2BinIpV6)
                  0100a240    00000104     simplelink.a : device.obj (.text:_SlDeviceEventHandler)
                  0100a344    00000104                  : driver.obj (.text:_SlDrvCmdOp)
                  0100a448    00000104     aws_iot_mqtt_client_publish.obj (.text:aws_iot_mqtt_internal_deserialize_publish)
                  0100a54c    00000004     dpl_cc32xx.aem4 : ClockP_tirtos.oem4 (.text:ClockP_start)
                  0100a550    00000104     sysbios.aem4 : BIOS.obj (.text:ti_sysbios_knl_Task_Instance_finalize__E)
                  0100a654    00000102     aws_iot_mqtt_client_yield.obj (.text:_aws_iot_mqtt_internal_yield)
                  0100a756    00000002     release_pem4.oem4 (.text:ti_sysbios_BIOS_nullFunc__I)
                  0100a758    00000100     slnetsock_release.a : errnoutil.oem4 (.text:ErrnoUtil_set)
                  0100a858    00000100     simplelink.a : driver.obj (.text:_SlDrvObjGlobalLockWaitForever)
                  0100a958    00000100     aws_iot_mqtt_client_subscribe.obj (.text:_aws_iot_mqtt_serialize_subscribe)
                  0100aa58    00000100     simplelink.a : fs.obj (.text:sl_FsWrite)
                  0100ab58    000000fc     aws_iot_mqtt_client.obj (.text:aws_iot_mqtt_set_connect_params)
                  0100ac54    000000fc     rtsv7M4_T_le_eabi.lib : fd_mul_t2.asm.obj (.text)
                  0100ad50    000000fc     simplelink.a : sl_socket.obj (.text:sl_Close)
                  0100ae4c    000000f8     slnetifwifi.a : slnetifwifi.obj (.text:SlNetIfWifi_loadSecObj)
                  0100af44    000000f8     slnetsock_release.a : slnetutils.oem4 (.text:SlNetUtil_inetAton)
                  0100b03c    000000f8     simplelink.a : fs.obj (.text:sl_FsGetInfo)
                  0100b134    000000f4                  : sl_socket.obj (.text:sl_SendTo)
                  0100b228    000000f2     drivers_cc32xx.aem4 : SPICC32XXDMA.oem4 (.text:SPICC32XXDMA_transferCancel)
                  0100b31a    000000f2                         : UARTCC32XX.oem4 (.text:UARTCC32XX_control)
                  0100b40c    000000f2     network_sl.obj (.text:iot_tls_read)
                  0100b4fe    00000002     release_pem4.oem4 (.text:xdc_runtime_Startup_reset__I)
                  0100b500    000000f0     aws_iot_mqtt_client_subscribe.obj (.text:_aws_iot_mqtt_deserialize_suback)
                  0100b5f0    000000f0     sysbios.aem4 : BIOS.obj (.text:pthread_create)
                  0100b6e0    000000f0                  : BIOS.obj (.text:ti_sysbios_knl_Task_Instance_init__E)
                  0100b7d0    000000ec                  : BIOS.obj (.text:clock_gettime)
                  0100b8bc    000000ea     aws_iot_mqtt_client_publish.obj (.text:_aws_iot_mqtt_internal_publish)
                  0100b9a6    00000002     --HOLE-- [fill = 0]
                  0100b9a8    000000e8     slnetsock_release.a : slnetif.oem4 (.text:SlNetIf_add)
                  0100ba90    000000e6     aws_iot_mqtt_client_common_internal.obj (.text:_aws_iot_mqtt_internal_deliver_message)
                  0100bb76    00000002     --HOLE-- [fill = 0]
                  0100bb78    000000e4     aws_iot_mqtt_client_publish.obj (.text:_aws_iot_mqtt_internal_serialize_publish)
                  0100bc5c    000000dc     aws_iot_mqtt_client.obj (.text:aws_iot_mqtt_is_client_connected)
                  0100bd38    000000dc     rtsv7M4_T_le_eabi.lib : setvbuf.c.obj (.text:setvbuf)
                  0100be14    000000d8     drivers_cc32xx.aem4 : SPICC32XXDMA.oem4 (.text:SPICC32XXDMA_close)
                  0100beec    000000d8     simplelink.a : device.obj (.text:_SlDeviceHandleAsync_InitComplete)
                  0100bfc4    000000d8                  : driver.obj (.text:_SlDrvWaitForInternalAsyncEvent)
                  0100c09c    000000d8                  : netapp.obj (.text:_SlNetAppHandleAsync_NetAppReceive)
                  0100c174    000000d0                  : driver.obj (.text:_SlDrvRemoveFromList)
                  0100c244    000000d0     rtsv7M4_T_le_eabi.lib : s_scalbn.c.obj (.text:scalbn)
                  0100c314    00000004     dpl_cc32xx.aem4 : ClockP_tirtos.oem4 (.text:ClockP_stop)
                  0100c318    000000d0     sysbios.aem4 : BIOS.obj (.text:ti_sysbios_heaps_HeapMem_alloc__E)
                  0100c3e8    000000cc                  : m3_Hwi_asm.obj (.text:ti_sysbios_family_arm_m3_Hwi_dispatch__I)
                  0100c4b4    000000ca     drivers_cc32xx.aem4 : UARTCC32XX.oem4 (.text:UARTCC32XX_write)
                  0100c57e    000000c8     aws_iot_mqtt_client_common_internal.obj (.text:_aws_iot_mqtt_internal_handle_publish)
                  0100c646    000000c8     aws_iot_mqtt_client_common_internal.obj (.text:_aws_iot_mqtt_internal_is_topic_matched)
                  0100c70e    000000c8     drivers_cc32xx.aem4 : SPICC32XXDMA.oem4 (.text:spiHwiFxn)
                  0100c7d6    00000002     --HOLE-- [fill = 0]
                  0100c7d8    000000c4                         : GPIOCC32XX.oem4 (.text:GPIO_init)
                  0100c89c    000000c4     aws_iot_mqtt_client_publish.obj (.text:aws_iot_mqtt_internal_deserialize_ack)
                  0100c960    000000c4     sysbios.aem4 : BIOS.obj (.text:ti_sysbios_knl_Task_sleep__E)
                  0100ca24    000000c0     simplelink.a : cc_pal.obj (.text:NwpPowerOff)
                  0100cae4    000000c0     main_tirtos.obj (.text:main)
                  0100cba4    000000c0     drivers_cc32xx.aem4 : PowerCC32XX.oem4 (.text:restoreParkedPins)
                  0100cc64    000000c0     simplelink.a : netcfg.obj (.text:sl_NetCfgGet)
                  0100cd24    000000bc                  : netapp.obj (.text:_SlNetAppSendResponse)
                  0100cde0    000000bc                  : sl_socket.obj (.text:sl_Send)
                  0100ce9c    000000bc                  : wlan.obj (.text:sl_WlanProvisioning)
                  0100cf58    000000bc     sysbios.aem4 : BIOS.obj (.text:xdc_runtime_Core_createObject__I)
                  0100d014    000000ba     drivers_cc32xx.aem4 : UARTCC32XX.oem4 (.text:UARTCC32XX_readPolling)
                  0100d0ce    00000002     --HOLE-- [fill = 0]
                  0100d0d0    000000b8     sntp_release.a : sntp.oem4 (.text:SNTP_getTime)
                  0100d188    000000b8     simplelink.a : netapp.obj (.text:_SlNetAppHandleAsync_DnsGetHostByName)
                  0100d240    000000b8                  : netapp.obj (.text:_SlNetAppHandleAsync_PingResponse)
                  0100d2f8    000000b8     drivers_cc32xx.aem4 : UARTCC32XX.oem4 (.text:initHw)
                  0100d3b0    000000b8     simplelink.a : wlan.obj (.text:sl_WlanGet)
                  0100d468    000000b8     sysbios.aem4 : BIOS.obj (.text:ti_sysbios_family_arm_m3_Hwi_Instance_init__E)
                  0100d520    000000b6     aws_iot_mqtt_client_subscribe.obj (.text:aws_iot_mqtt_subscribe)
                  0100d5d6    000000b6     drivers_cc32xx.aem4 : UARTCC32XX.oem4 (.text:readTaskCallback)
                  0100d68c    000000b4     simplelink.a : driver.obj (.text:_SlDrvHandleFatalError)
                  0100d740    000000b4                  : netutil.obj (.text:_SlNetUtilHandleAsync_Cmd)
                  0100d7f4    000000b4                  : sl_socket.obj (.text:sl_GetSockOpt)
                  0100d8a8    000000b2     aws_iot_mqtt_client_yield.obj (.text:_aws_iot_mqtt_keep_alive)
                  0100d95a    00000002     --HOLE-- [fill = 0]
                  0100d95c    000000b1     rtsv7M4_T_le_eabi.lib : _printfi.c.obj (.text:_ltostr)
                  0100da0d    00000003     --HOLE-- [fill = 0]
                  0100da10    000000b0     slnetifwifi.a : slnetifwifi.obj (.text:SlNetIfWifi_getSockOpt)
                  0100dac0    000000b0     aws_iot_mqtt_client_publish.obj (.text:aws_iot_mqtt_publish)
                  0100db70    000000ae     aws_iot_mqtt_client_yield.obj (.text:aws_iot_mqtt_yield)
                  0100dc1e    000000ae     slnetifwifi.a : slnetifwifi.obj (.text:matchModeByRole)
                  0100dccc    000000ae     drivers_cc32xx.aem4 : UARTCC32XX.oem4 (.text:readIsrTextBlocking)
                  0100dd7a    00000002     --HOLE-- [fill = 0]
                  0100dd7c    000000ac     simplelink.a : sl_socket.obj (.text:_SlSocketHandleAsync_Close)
                  0100de28    000000ac                  : sl_socket.obj (.text:_SlSocketHandleAsync_Connect)
                  0100ded4    000000a8     driverlib.a : prcm.obj (.text:PRCMPeripheralClockGet)
                  0100df7c    000000a8     drivers_cc32xx.aem4 : PowerCC32XX.oem4 (.text:PowerCC32XX_configureWakeup)
                  0100e024    000000a8     aws_iot_mqtt_client_publish.obj (.text:aws_iot_mqtt_internal_serialize_ack)
                  0100e0cc    000000a8     drivers_cc32xx.aem4 : UARTCC32XX.oem4 (.text:readTaskBlocking)
                  0100e174    000000a8     simplelink.a : fs.obj (.text:sl_FsClose)
                  0100e21c    000000a6                  : driver.obj (.text:_SlDrvIsTimeoutExpired)
                  0100e2c2    00000002     --HOLE-- [fill = 0]
                  0100e2c4    000000a4                  : sl_socket.obj (.text:sl_Bind)
                  0100e368    000000a4     sysbios.aem4 : BIOS.obj (.text:ti_sysbios_knl_Task_setPri__E)
                  0100e40c    000000a2     drivers_cc32xx.aem4 : UARTCC32XX.oem4 (.text:readIsrTextCallback)
                  0100e4ae    000000a2                         : UARTCC32XX.oem4 (.text:writeData)
                  0100e550    000000a0     simplelink.a : fs.obj (.text:FsGetCreateFsMode)
                  0100e5f0    000000a0                  : sl_socket.obj (.text:_SlDrvUnRegisterForSelectAsync)
                  0100e690    000000a0                  : driver.obj (.text:_SlSpawnMsgListProcess)
                  0100e730    000000a0     auto_init.aem4 : auto_init.oem4 (.text)
                  0100e7d0    0000009e     simplelink.a : cc_pal.obj (.text:spi_Read)
                  0100e86e    0000009e                  : cc_pal.obj (.text:spi_Write)
                  0100e90c    00000004     dpl_cc32xx.aem4 : HwiP_tirtos.oem4 (.text:HwiP_clearInterrupt)
                  0100e910    0000009c     sysbios.aem4 : BIOS.obj (.text:_pthread_removeThreadKeys)
                  0100e9ac    0000009c     rtsv7M4_T_le_eabi.lib : memcpy_t2.asm.obj (.text)
                  0100ea48    00000098     aws_iot_mqtt_client_common_internal.obj (.text:aws_iot_mqtt_internal_cycle_read)
                  0100eae0    00000098     timer.obj (.text:countdown_ms)
                  0100eb78    00000098     drivers_cc32xx.aem4 : GPIOCC32XX.oem4 (.text:powerNotifyFxn)
                  0100ec10    00000096     aws_iot_mqtt_client_yield.obj (.text:_aws_iot_mqtt_handle_reconnect)
                  0100eca6    00000096     aws_iot_mqtt_client_connect.obj (.text:aws_iot_mqtt_connect)
                  0100ed3c    00000096     rtsv7M4_T_le_eabi.lib : ull_div_t2.asm.obj (.text)
                  0100edd2    00000002     --HOLE-- [fill = 0]
                  0100edd4    00000094     simplelink.a : cc_pal.obj (.text:Semaphore_pend_handle)
                  0100ee68    00000094     drivers_cc32xx.aem4 : SPICC32XXDMA.oem4 (.text:initHw)
                  0100eefc    00000004     dpl_cc32xx.aem4 : HwiP_tirtos.oem4 (.text:HwiP_disable)
                  0100ef00    00000094     sysbios.aem4 : BIOS.obj (.text:ti_sysbios_knl_Task_exit__E)
                  0100ef94    00000092     slnetsock_release.a : slnetsock.oem4 (.text:SlNetSock_create)
                  0100f026    00000002     --HOLE-- [fill = 0]
                  0100f028    00000090                         : slnetsock.oem4 (.text:SlNetSock_getVirtualSdConf)
                  0100f0b8    00000090     simplelink.a : device.obj (.text:_SlDeviceHandleAsync_Stop)
                  0100f148    00000090                  : sl_socket.obj (.text:_SlSocketHandleAsync_Accept)
                  0100f1d8    00000090     slnetsock_release.a : slnetutils.oem4 (.text:createAddrInfo)
                  0100f268    00000090     drivers_cc32xx.aem4 : PowerCC32XX.oem4 (.text:restoreNVICRegs)
                  0100f2f8    00000090     sysbios.aem4 : BIOS.obj (.text:ti_sysbios_knl_Task_Module_startup__E)
                  0100f388    0000008e     aws_iot_mqtt_client_common_internal.obj (.text:aws_iot_mqtt_internal_send_packet)
                  0100f416    00000002     --HOLE-- [fill = 0]
                  0100f418    0000008c     simplelink.a : driver.obj (.text:_SlDrvDriverIsApiAllowed)
                  0100f4a4    0000008c     subscribe_publish_sample.obj (.text:iot_subscribe_callback_handler)
                  0100f530    0000008c     network_sl.obj (.text:iot_tls_init)
                  0100f5bc    0000008c     simplelink.a : sl_socket.obj (.text:sl_Recv)
                  0100f648    0000008c     sysbios.aem4 : BIOS.obj (.text:xdc_runtime_Memory_alloc__E)
                  0100f6d4    0000008a     aws_iot_mqtt_client_common_internal.obj (.text:_aws_iot_mqtt_internal_decode_packet_remaining_len)
                  0100f75e    00000002     --HOLE-- [fill = 0]
                  0100f760    00000088     driverlib.a : pin.obj (.text:PinConfigSet)
                  0100f7e8    00000088     simplelink.a : driver.obj (.text:_SlDrvProtectAsyncRespSetting)
                  0100f870    00000088     aws_iot_mqtt_client_common_internal.obj (.text:aws_iot_mqtt_internal_serialize_zero)
                  0100f8f8    00000088     network.obj (.text:initWiFi)
                  0100f980    00000088     simplelink.a : eventreg.obj (.text:sl_UnregisterLibsEventHandler)
                  0100fa08    00000088     sysbios.aem4 : BIOS.obj (.text:ti_sysbios_family_arm_m3_Hwi_initNVIC__E)
                  0100fa90    00000086     rtsv7M4_T_le_eabi.lib : fd_cmp_t2.asm.obj (.text:__aeabi_cdcmple)
                  0100fb16    00000086                           : fd_cmp_t2.asm.obj (.text:__aeabi_cdrcmple)
                  0100fb9c    00000004     dpl_cc32xx.aem4 : HwiP_tirtos.oem4 (.text:HwiP_disableInterrupt)
                  0100fba0    00000086     sysbios.aem4 : BIOS.obj (.text:xdc_runtime_Core_constructObject__I)
                  0100fc26    00000002     --HOLE-- [fill = 0]
                  0100fc28    00000084     drivers_cc32xx.aem4 : PowerCC32XX.oem4 (.text:Power_init)
                  0100fcac    00000084     slnetifwifi.a : slnetifwifi.obj (.text:SlNetIfWifi_sockstartSec)
                  0100fd30    00000084     slnetsock_release.a : slnetutils.oem4 (.text:SlNetUtil_getHostByName)
                  0100fdb4    00000084     aws_iot_mqtt_client_common_internal.obj (.text:_aws_iot_mqtt_internal_readWrapper)
                  0100fe38    00000084     drivers_cc32xx.aem4 : PowerCC32XX.oem4 (.text:saveNVICRegs)
                  0100febc    00000084     simplelink.a : netapp.obj (.text:sl_NetAppSet)
                  0100ff40    00000084                  : netcfg.obj (.text:sl_NetCfgSet)
                  0100ffc4    00000084                  : sl_socket.obj (.text:sl_SetSockOpt)
                  01010048    00000084     sysbios.aem4 : BIOS.obj (.text:ti_sysbios_family_arm_m3_Hwi_postInit__I)
                  010100cc    00000004     dpl_cc32xx.aem4 : HwiP_tirtos.oem4 (.text:HwiP_enableInterrupt)
                  010100d0    00000084     sysbios.aem4 : BIOS.obj (.text:ti_sysbios_heaps_HeapMem_free__E)
                  01010154    00000080     drivers_cc32xx.aem4 : PowerCC32XX.oem4 (.text:Power_setDependency)
                  010101d4    00000080     aws_iot_mqtt_client_connect.obj (.text:_aws_iot_mqtt_is_client_state_valid_for_connect)
                  01010254    00000080     simplelink.a : device.obj (.text:sl_DeviceSet)
                  010102d4    00000004     drivers_cc32xx.aem4 : SPICC32XXDMA.oem4 (.text:SPICC32XXDMA_init)
                  010102d8    00000080     sysbios.aem4 : BIOS.obj (.text:ti_sysbios_knl_Clock_workFunc__E)
                  01010358    0000007e     slnetsock_release.a : slnetutils.oem4 (.text:setAddrInfo)
                  010103d6    00000002     --HOLE-- [fill = 0]
                  010103d8    0000007c     drivers_cc32xx.aem4 : UDMACC32XX.oem4 (.text:UDMACC32XX_open)
                  01010454    0000007c     aws_iot_mqtt_client_connect.obj (.text:_aws_iot_mqtt_internal_disconnect)
                  010104d0    0000007c     sysbios.aem4 : BIOS.obj (.text:_pthread_abstime2ticks)
                  0101054c    0000007c     rtsv7M4_T_le_eabi.lib : fflush.c.obj (.text:fflush)
                  010105c8    0000007c     drivers_cc32xx.aem4 : UARTCC32XX.oem4 (.text:readIsrBinaryBlocking)
                  01010644    0000007c     simplelink.a : wlan.obj (.text:sl_WlanPolicySet)
                  010106c0    0000007a     rtsv7M4_T_le_eabi.lib : memset_t2.asm.obj (.text)
                  0101073a    00000002     --HOLE-- [fill = 0]
                  0101073c    00000078     drivers_cc32xx.aem4 : GPIOCC32XX.oem4 (.text:GPIO_hwiIntFxn)
                  010107b4    00000078     network.obj (.text:SimpleLinkWlanEventHandler)
                  0101082c    00000078     aws_iot_mqtt_client.obj (.text:aws_iot_is_autoreconnect_enabled)
                  010108a4    00000078     aws_iot_mqtt_client_subscribe.obj (.text:aws_iot_mqtt_resubscribe)
                  0101091c    00000078     drivers_cc32xx.aem4 : UARTCC32XX.oem4 (.text:readIsrBinaryCallback)
                  01010994    00000078     simplelink.a : sl_socket.obj (.text:sl_Socket)
                  01010a0c    00000078     network.obj (.text:wlanConnect)
                  01010a84    00000004     dpl_cc32xx.aem4 : SemaphoreP_tirtos.oem4 (.text:SemaphoreP_post)
                  01010a88    00000075     sysbios.aem4 : BIOS.obj (.text:xdc_runtime_System_formatNum__I)
                  01010afd    00000003     --HOLE-- [fill = 0]
                  01010b00    00000074     slnetsock_release.a : slnetsock.oem4 (.text:SlNetSock_AllocVirtualSocket)
                  01010b74    00000074     drivers_cc32xx.aem4 : UARTCC32XX.oem4 (.text:UARTCC32XX_hwiIntFxn)
                  01010be8    00000074     rtsv7M4_T_le_eabi.lib : fclose.c.obj (.text:__TI_closefile)
                  01010c5c    00000004     slnetsock_release.a : slnetif.oem4 (.text:SlNetIf_init)
                  01010c60    00000074     sysbios.aem4 : BIOS.obj (.text:xdc_runtime_Core_deleteObject__I)
                  01010cd4    00000070     simplelink.a : driver.obj (.text:_SlDrvCmdSend_noLock)
                  01010d44    00000004     slnetsock_release.a : slnetutils.oem4 (.text:SlNetUtil_init)
                  01010d48    00000070     sysbios.aem4 : BIOS.obj (.text:acquireMutexNone$45)
                  01010db8    00000070     slnetsock_release.a : netdb.oem4 (.text:getaddrinfo)
                  01010e28    00000070     sysbios.aem4 : BIOS.obj (.text:ti_sysbios_heaps_HeapMem_initPrimary__I)
                  01010e98    0000006e     rtsv7M4_T_le_eabi.lib : _printfi.c.obj (.text:_mcpy)
                  01010f06    0000006e                           : ll_div_t2.asm.obj (.text)
                  01010f74    0000006c                           : hostrename.c.obj (.text:HOSTrename)
                  01010fe0    0000006c     slnetsock_release.a : slnetutils.oem4 (.text:SlNetUtil_str2BinIpV4)
                  0101104c    0000006c     simplelink.a : device.obj (.text:_SlDeviceHandleResetRequestInternally)
                  010110b8    0000006c                  : sl_socket.obj (.text:_SlDrvOpenCtrlSocket)
                  01011124    0000006c                  : netapp.obj (.text:_SlNetAppSendTokenValue)
                  01011190    0000006c     rtsv7M4_T_le_eabi.lib : asctime.c.obj (.text:asctime)
                  010111fc    00000004     dpl_cc32xx.aem4 : SystemP_tirtos.oem4 (.text:SystemP_vsnprintf)
                  01011200    0000006c     sysbios.aem4 : BIOS.obj (.text:ti_sysbios_knl_Swi_restoreHwi__E)
                  0101126c    00000068     rtsv7M4_T_le_eabi.lib : hostlseek.c.obj (.text:HOSTlseek)
                  010112d4    00000068     simplelink.a : driver.obj (.text:_SlSpawnMsgListGetCount)
                  0101133c    00000068     aws_iot_mqtt_client_connect.obj (.text:aws_iot_mqtt_disconnect)
                  010113a4    00000068     timer.obj (.text:countdown_sec)
                  0101140c    00000068     rtsv7M4_T_le_eabi.lib : copy_decompress_lzss.c.obj (.text:decompress:lzss:__TI_decompress_lzss)
                  01011474    00000004                           : exit.c.obj (.text:abort:abort)
                  01011478    00000068     sysbios.aem4 : BIOS.obj (.text:pthread_exit)
                  010114e0    00000068     simplelink.a : cc_pal.obj (.text:spi_Open)
                  01011548    00000066     drivers_cc32xx.aem4 : UARTCC32XX.oem4 (.text:UARTCC32XX_writeCancel)
                  010115ae    00000002     --HOLE-- [fill = 0]
                  010115b0    00000064                         : PowerCC32XX.oem4 (.text:PowerCC32XX_setParkState)
                  01011614    00000064     aws_iot_mqtt_client_common_internal.obj (.text:aws_iot_mqtt_internal_decode_remaining_length_from_buffer)
                  01011678    00000064     rtsv7M4_T_le_eabi.lib : fseek.c.obj (.text:fseek)
                  010116dc    00000064     network.obj (.text:provisioningFxn)
                  01011740    00000064     sysbios.aem4 : BIOS.obj (.text:ti_sysbios_family_arm_cc32xx_Seconds_setTime__E)
                  010117a4    00000004     release_pem4.oem4 (.text:ti_sysbios_BIOS_RtsGateProxy_enter__E)
                  010117a8    00000064     sysbios.aem4 : BIOS.obj (.text:ti_sysbios_family_arm_m3_Hwi_dispatchC__I)
                  0101180c    00000062     drivers_cc32xx.aem4 : UARTCC32XX.oem4 (.text:UARTCC32XX_writePolling)
                  0101186e    00000062     rtsv7M4_T_le_eabi.lib : _io_perm.c.obj (.text:__TI_wrt_ok)
                  010118d0    00000060                           : hostopen.c.obj (.text:HOSTopen)
                  01011930    00000060     driverlib.a : prcm.obj (.text:PRCMSysResetCauseGet)
                  01011990    00000060     aws_iot_mqtt_client_common_internal.obj (.text:aws_iot_mqtt_internal_wait_for_read)
                  010119f0    00000060     sysbios.aem4 : BIOS.obj (.text:ti_sysbios_knl_Semaphore_post__E)
                  01011a50    00000060                  : BIOS.obj (.text:ti_sysbios_knl_Swi_run__I)
                  01011ab0    0000005e     slnetifwifi.a : slnetifwifi.obj (.text:SlNetIfWifi_setSockOpt)
                  01011b0e    0000005e     aws_iot_mqtt_client_publish.obj (.text:_aws_iot_mqtt_read_string_with_len)
                  01011b6c    0000005c     display.aem4 : Display.oem4 (.text:Display_doOpen)
                  01011bc8    0000005c     drivers_cc32xx.aem4 : GPIOCC32XX.oem4 (.text:GPIO_setCallback)
                  01011c24    0000005c     simplelink.a : spawn.obj (.text:_SlInternalSpawn)
                  01011c80    0000005c     rtsv7M4_T_le_eabi.lib : close.c.obj (.text:close)
                  01011cdc    0000005c                           : s_frexp.c.obj (.text:frexp)
                  01011d38    0000005c     timer.obj (.text:left_ms)
                  01011d94    00000004     release_pem4.oem4 (.text:ti_sysbios_BIOS_RtsGateProxy_leave__E)
                  01011d98    0000005c     sysbios.aem4 : BIOS.obj (.text:ti_sysbios_family_arm_m3_Timer_start__E)
                  01011df4    00000004     release_pem4.oem4 (.text:ti_sysbios_family_arm_m3_Hwi_delete)
                  01011df8    0000005c     sysbios.aem4 : BIOS.obj (.text:ti_sysbios_knl_Swi_schedule__I)
                  01011e54    00000004     release_pem4.oem4 (.text:ti_sysbios_family_arm_m3_TaskSupport_Module__startupDone__S)
                  01011e58    0000005c     sysbios.aem4 : BIOS.obj (.text:ti_sysbios_knl_Task_startCore__E)
                  01011eb4    00000004     release_pem4.oem4 (.text:ti_sysbios_heaps_HeapMem_Module_GateProxy_enter__E)
                  01011eb8    0000005c     sysbios.aem4 : BIOS.obj (.text:xdc_runtime_Startup_exec__E)
                  01011f14    0000005a     aws_iot_mqtt_client_connect.obj (.text:aws_iot_mqtt_attempt_reconnect)
                  01011f6e    00000002     --HOLE-- [fill = 0]
                  01011f70    00000058     drivers_cc32xx.aem4 : GPIOCC32XX.oem4 (.text:GPIO_write)
                  01011fc8    00000058     rtsv7M4_T_le_eabi.lib : hostread.c.obj (.text:HOSTread)
                  01012020    00000058                           : hostwrite.c.obj (.text:HOSTwrite)
                  01012078    00000058     driverlib.a : prcm.obj (.text:PRCMPeripheralReset)
                  010120d0    00000058     drivers_cc32xx.aem4 : PowerCC32XX.oem4 (.text:Power_releaseDependency)
                  01012128    00000058     slnetsock_release.a : slnetsock.oem4 (.text:SlNetSock_recv)
                  01012180    00000058                         : slnetsock.oem4 (.text:SlNetSock_send)
                  010121d8    00000058     simplelink.a : sl_socket.obj (.text:_SlDrvClearCtrlSocket)
                  01012230    00000058     aws_iot_mqtt_client_connect.obj (.text:_aws_iot_get_connect_packet_length)
                  01012288    00000058     sysbios.aem4 : BIOS.obj (.text:pthread_mutex_init)
                  010122e0    00000058     simplelink.a : sl_socket.obj (.text:sl_Listen)
                  01012338    00000058                  : eventreg.obj (.text:sl_RegisterLibsEventHandler)
                  01012390    00000058     sysbios.aem4 : BIOS.obj (.text:ti_sysbios_family_arm_cc32xx_Seconds_getCount__I)
                  010123e8    00000056     rtsv7M4_T_le_eabi.lib : _printfi.c.obj (.text:_pconv_f)
                  0101243e    00000056     network_sl.obj (.text:iot_tls_write)
                  01012494    00000054     simplelink.a : driver.obj (.text:_SlDrvRxIrqHandler)
                  010124e8    00000054     rtsv7M4_T_le_eabi.lib : ltoa.c.obj (.text:ltoa)
                  0101253c    00000054     drivers_cc32xx.aem4 : UARTCC32XX.oem4 (.text:ringBufGet)
                  01012590    00000054     sysbios.aem4 : BIOS.obj (.text:ti_sysbios_family_arm_cc32xx_Seconds_getTime__E)
                  010125e4    00000054     release_pem4.oem4 (.text:ti_sysbios_family_arm_m3_Hwi_create)
                  01012638    00000054     sysbios.aem4 : BIOS.obj (.text:ti_sysbios_family_arm_m3_Timer_setPeriod__E)
                  0101268c    00000052     drivers_cc32xx.aem4 : PowerCC32XX_asm.oem4 (.text:PowerCC32XX_resumeLPDS)
                  010126de    00000052     rtsv7M4_T_le_eabi.lib : _printfi.c.obj (.text:_ecpy)
                  01012730    00000052     sntp_release.a : sntp.oem4 (.text:getAddrByName)
                  01012782    00000002     --HOLE-- [fill = 0]
                  01012784    00000050     dpl_cc32xx.aem4 : ClockP_tirtos.oem4 (.text:ClockP_create)
                  010127d4    00000050     simplelink.a : cc_pal.obj (.text:NwpRegisterInterruptHandler)
                  01012824    00000050     slnetsock_release.a : slnetif.oem4 (.text:SlNetIf_queryIf)
                  01012874    00000050     simplelink.a : sl_socket.obj (.text:_SlDrvCloseCtrlSocket)
                  010128c4    00000050                  : driver.obj (.text:_SlDrvCmdSend_noWait)
                  01012914    00000050                  : driver.obj (.text:_SlDrvUpdateApiInProgress)
                  01012964    00000050                  : spawn.obj (.text:_SlInternalSpawnTaskEntry)
                  010129b4    00000050                  : eventreg.obj (.text:_SlNetAppHttpServerHdlr)
                  01012a04    00000050                  : eventreg.obj (.text:_SlNetAppRequestHdlr)
                  01012a54    00000004     release_pem4.oem4 (.text:ti_sysbios_heaps_HeapMem_Module_GateProxy_leave__E)
                  01012a58    00000050     sysbios.aem4 : BIOS.obj (.text:ti_sysbios_family_arm_m3_Hwi_Module_startup__E)
                  01012aa8    00000050                  : BIOS.obj (.text:ti_sysbios_knl_Clock_Instance_init__E)
                  01012af8    00000050     release_pem4.oem4 (.text:ti_sysbios_knl_Task_create)
                  01012b48    0000004d     sntp_release.a : sntp.oem4 (.text:hasKissCode)
                  01012b95    00000003     --HOLE-- [fill = 0]
                  01012b98    0000004c     drivers_cc32xx.aem4 : GPIOCC32XX.oem4 (.text:GPIO_enableInt)
                  01012be4    0000004c     simplelink.a : cc_pal.obj (.text:NwpWaitForShutDownInd)
                  01012c30    0000004c     drivers_cc32xx.aem4 : PowerCC32XX.oem4 (.text:PowerCC32XX_parkPin)
                  01012c7c    0000004c     slnetifwifi.a : slnetifwifi.obj (.text:SlNetIfWifi_getConnectionStatus)
                  01012cc8    0000004c     slnetsock_release.a : slnetsock.oem4 (.text:SlNetSock_freeVirtualSocket)
                  01012d14    0000004c                         : slnetsock.oem4 (.text:SlNetSock_startSec)
                  01012d60    0000004c     rtsv7M4_T_le_eabi.lib : fflush.c.obj (.text:__TI_doflush)
                  01012dac    0000004c                           : atoi.c.obj (.text:atoi)
                  01012df8    0000004c                           : cpy_tbl.c.obj (.text:copy_in)
                  01012e44    0000004c     drivers_cc32xx.aem4 : PowerCC32XX.oem4 (.text:restorePeriphClocks)
                  01012e90    0000004c     startsntp.obj (.text:setNwpTime)
                  01012edc    0000004c     simplelink.a : wlan.obj (.text:sl_WlanProfileDel)
                  01012f28    0000004c                  : wlan.obj (.text:sl_WlanSetMode)
                  01012f74    0000004c     rtsv7M4_T_le_eabi.lib : snprintf.c.obj (.text:snprintf)
                  01012fc0    0000004c     sysbios.aem4 : m3_TaskSupport_asm.obj (.text:ti_sysbios_family_arm_m3_TaskSupport_buildTaskStack)
                  0101300c    00000004     release_pem4.oem4 (.text:ti_sysbios_knl_Clock_TimerProxy_getMaxTicks__E)
                  01013010    0000004c     sysbios.aem4 : BIOS.obj (.text:ti_sysbios_heaps_HeapMem_getStats__E)
                  0101305c    00000004     release_pem4.oem4 (.text:ti_sysbios_knl_Clock_TimerProxy_setPeriodMicroSecs__E)
                  01013060    0000004c     sysbios.aem4 : BIOS.obj (.text:ti_sysbios_knl_Swi_runLoop__I)
                  010130ac    00000004     release_pem4.oem4 (.text:ti_sysbios_knl_Clock_TimerProxy_start__E)
                  010130b0    0000004c     sysbios.aem4 : BIOS.obj (.text:ti_sysbios_knl_Task_allBlockedFunction__I)
                  010130fc    00000004     release_pem4.oem4 (.text:ti_sysbios_knl_Clock_TimerProxy_stop__E)
                  01013100    0000004c     sysbios.aem4 : BIOS.obj (.text:ti_sysbios_knl_Task_schedule__I)
                  0101314c    0000004a     display.aem4 : DisplayUart.oem4 (.text:DisplayUartMin_open)
                  01013196    00000002     --HOLE-- [fill = 0]
                  01013198    00000048     driverlib.a : flash.obj (.text:FlashDisable)
                  010131e0    00000048                 : prcm.obj (.text:PRCMLPDSEnter)
                  01013228    00000048                 : prcm.obj (.text:PRCMPeripheralClkEnable)
                  01013270    00000048     drivers_cc32xx.aem4 : PowerCC32XX.oem4 (.text:Power_releaseConstraint)
                  010132b8    00000048     slnetsock_release.a : slnetsock.oem4 (.text:SlNetSock_connect)
                  01013300    00000048                         : slnetsock.oem4 (.text:SlNetSock_getOpt)
                  01013348    00000048                         : slnetsock.oem4 (.text:SlNetSock_init)
                  01013390    00000048                         : slnetsock.oem4 (.text:SlNetSock_setOpt)
                  010133d8    00000048     simplelink.a : eventreg.obj (.text:_SlDeviceFatalErrorEvtHdlr)
                  01013420    00000048                  : eventreg.obj (.text:_SlDeviceGeneralEvtHdlr)
                  01013468    00000048                  : driver.obj (.text:_SlDrvSyncObjWaitTimeout)
                  010134b0    00000048                  : eventreg.obj (.text:_SlNetAppEvtHdlr)
                  010134f8    00000048                  : eventreg.obj (.text:_SlNetAppRequestMemFree)
                  01013540    00000048                  : eventreg.obj (.text:_SlSockEvtHdlr)
                  01013588    00000048                  : eventreg.obj (.text:_SlWlanEvtHdlr)
                  010135d0    00000048     rtsv7M4_T_le_eabi.lib : fd_toi_t2.asm.obj (.text)
                  01013618    00000048     sysbios.aem4 : BIOS.obj (.text:ti_sysbios_family_arm_m3_Hwi_disableInterrupt__E)
                  01013660    00000048                  : BIOS.obj (.text:ti_sysbios_family_arm_m3_Hwi_enableInterrupt__E)
                  010136a8    00000048                  : m3_Hwi_asm_switch.obj (.text:ti_sysbios_family_arm_m3_Hwi_initStacks__E)
                  010136f0    00000048                  : BIOS.obj (.text:ti_sysbios_family_arm_m3_Timer_initDevice__I)
                  01013738    00000048                  : BIOS.obj (.text:ti_sysbios_knl_Mailbox_Module_startup__E)
                  01013780    00000048                  : BIOS.obj (.text:xdc_runtime_Core_assignParams__I)
                  010137c8    00000046     display.aem4 : DisplayUart.oem4 (.text:DisplayUartMin_vprintf)
                  0101380e    00000046     drivers_cc32xx.aem4 : RingBuf.oem4 (.text:RingBuf_put)
                  01013854    00000046     aws_iot_mqtt_client_common_internal.obj (.text:aws_iot_mqtt_internal_write_len_to_buffer)
                  0101389a    00000046     aws_iot_mqtt_client_common_internal.obj (.text:aws_iot_mqtt_internal_write_uint_16)
                  010138e0    00000044     rtsv7M4_T_le_eabi.lib : hostclose.c.obj (.text:HOSTclose)
                  01013924    00000044                           : hostunlink.c.obj (.text:HOSTunlink)
                  01013968    00000044     driverlib.a : prcm.obj (.text:PRCMLPDSRestoreInfoSet)
                  010139ac    00000044     drivers_cc32xx.aem4 : PowerCC32XX_asm.oem4 (.text:PowerCC32XX_enterLPDS)
                  010139f0    00000044                         : SPI.oem4 (.text:SPI_init)
                  01013a34    00000044     slnetsock_release.a : slnetutils.oem4 (.text:SlNetUtil_strTok)
                  01013a78    00000044     drivers_cc32xx.aem4 : UART.oem4 (.text:UART_init)
                  01013abc    00000044     boot.aem4 : boot.oem4 (.text)
                  01013b00    00000044     rtsv7M4_T_le_eabi.lib : getdevice.c.obj (.text:getdevice)
                  01013b44    00000044                           : fd_tou_t2.asm.obj (.text)
                  01013b88    00000044     simplelink.a : netapp.obj (.text:sl_NetAppStart)
                  01013bcc    00000044                  : netapp.obj (.text:sl_NetAppStop)
                  01013c10    00000044     ti_net_config.obj (.text:ti_net_SlNet_initConfig)
                  01013c54    00000004     release_pem4.oem4 (.text:ti_sysbios_knl_Clock_delete)
                  01013c58    00000044     sysbios.aem4 : BIOS.obj (.text:ti_sysbios_family_arm_m3_Hwi_getStackInfo__E)
                  01013c9c    00000004     release_pem4.oem4 (.text:ti_sysbios_knl_Semaphore_delete)
                  01013ca0    00000044     sysbios.aem4 : BIOS.obj (.text:ti_sysbios_knl_Mailbox_postInit__I)
                  01013ce4    00000004     release_pem4.oem4 (.text:ti_sysbios_knl_Task_delete)
                  01013ce8    00000044     sysbios.aem4 : BIOS.obj (.text:ti_sysbios_knl_Swi_post__E)
                  01013d2c    00000004     release_pem4.oem4 (.text:xdc_runtime_System_Module_GateProxy_enter__E)
                  01013d30    00000044     sysbios.aem4 : BIOS.obj (.text:xdc_runtime_System_atexit__E)
                  01013d74    00000042     aws_iot_mqtt_client_common_internal.obj (.text:aws_iot_mqtt_internal_get_final_packet_length_from_remaining_length)
                  01013db6    00000042     aws_iot_mqtt_client_common_internal.obj (.text:aws_iot_mqtt_internal_read_uint16_t)
                  01013df8    00000042     aws_iot_mqtt_client.obj (.text:aws_iot_mqtt_set_client_state)
                  01013e3a    00000040     simplelink.a : sl_socket.obj (.text:CountSetBits)
                  01013e7a    00000002     --HOLE-- [fill = 0]
                  01013e7c    00000040     dpl_cc32xx.aem4 : HwiP_tirtos.oem4 (.text:HwiP_create)
                  01013ebc    00000040     driverlib.a : pin.obj (.text:PinModeSet)
                  01013efc    00000040     drivers_cc32xx.aem4 : RingBuf.oem4 (.text:RingBuf_get)
                  01013f3c    00000040                         : SPI.oem4 (.text:SPI_open)
                  01013f7c    00000040     slnetsock_release.a : slnetsock.oem4 (.text:SlNetSock_secAttribSet)
                  01013fbc    00000040     drivers_cc32xx.aem4 : UARTCC32XX.oem4 (.text:UARTCC32XX_read)
                  01013ffc    00000040                         : UART.oem4 (.text:UART_open)
                  0101403c    00000040                         : UDMACC32XX.oem4 (.text:UDMACC32XX_init)
                  0101407c    00000040     simplelink.a : driver.obj (.text:_SlDrvGlobalObjUnLock)
                  010140bc    00000040                  : driver.obj (.text:_SlFindAndReleasePendingCmd)
                  010140fc    00000040                  : spawn.obj (.text:_SlInternalSpawnWaitForEvent)
                  0101413c    00000040                  : eventreg.obj (.text:_SlIsEventRegistered)
                  0101417c    00000040     rtsv7M4_T_le_eabi.lib : u_divt2.asm.obj (.text)
                  010141bc    00000040                           : sprintf.c.obj (.text:sprintf)
                  010141fc    00000004     release_pem4.oem4 (.text:xdc_runtime_System_Module_GateProxy_leave__E)
                  01014200    00000040     sysbios.aem4 : BIOS.obj (.text:ti_sysbios_heaps_HeapMem_Instance_init__E)
                  01014240    0000003e     slnetsock_release.a : slnetsock.oem4 (.text:SlNetSock_close)
                  0101427e    0000003e     simplelink.a : sl_socket.obj (.text:_SlSocketBuildAddress)
                  010142bc    0000003e     aws_iot_mqtt_client_yield.obj (.text:_aws_iot_mqtt_handle_disconnect)
                  010142fa    0000003e     rtsv7M4_T_le_eabi.lib : _printfi.c.obj (.text:_fcpy)
                  01014338    0000003e     network_sl.obj (.text:iot_tls_destroy)
                  01014376    00000002     --HOLE-- [fill = 0]
                  01014378    0000003e     sysbios.aem4 : BIOS.obj (.text:sem_timedwait)
                  010143b6    00000002     --HOLE-- [fill = 0]
                  010143b8    0000003c     drivers_cc32xx.aem4 : PowerCC32XX.oem4 (.text:Power_setConstraint)
                  010143f4    0000003c     dpl_cc32xx.aem4 : SemaphoreP_tirtos.oem4 (.text:SemaphoreP_create)
                  01014430    0000003c     simplelink.a : netapp.obj (.text:_SlNetAppCopyPingResultsToReport)
                  0101446c    00000004     --HOLE-- [fill = 0]
                  01014470    0000003c     sysbios.aem4 : BIOS.obj (.text:clock_settime)
                  010144ac    0000003c     network_sl.obj (.text:iot_tls_set_connect_params)
                  010144e8    0000003c     sysbios.aem4 : BIOS.obj (.text:pthread_mutex_unlock)
                  01014524    00000004     --HOLE-- [fill = 0]
                  01014528    0000003c                  : BIOS.obj (.text:sleep)
                  01014564    00000004     --HOLE-- [fill = 0]
                  01014568    0000003c                  : BIOS.obj (.text:ti_sysbios_family_arm_m3_Hwi_Instance_finalize__E)
                  010145a4    00000004     --HOLE-- [fill = 0]
                  010145a8    0000003c                  : BIOS.obj (.text:ti_sysbios_family_arm_m3_Timer_setPeriodMicroSecs__E)
                  010145e4    0000003c     release_pem4.oem4 (.text:ti_sysbios_knl_Clock_create)
                  01014620    0000003c     sysbios.aem4 : BIOS.obj (.text:ti_sysbios_knl_Clock_walkQueuePeriodic__E)
                  0101465c    00000004     --HOLE-- [fill = 0]
                  01014660    0000003c                  : BIOS.obj (.text:ti_sysbios_knl_Swi_restore__E)
                  0101469c    0000003c     simplelink.a : sl_socket.obj (.text:to_mSec)
                  010146d8    0000003c     sysbios.aem4 : BIOS.obj (.text:usleep)
                  01014714    00000004     --HOLE-- [fill = 0]
                  01014718    0000003c                  : BIOS.obj (.text:xdc_runtime_System_processAtExit__E)
                  01014754    0000003a     slnetifwifi.a : slnetifwifi.obj (.text:SlNetIfWifi_getIPAddr)
                  0101478e    0000003a     dpl_cc32xx.aem4 : PowerCC32XX_tirtos.oem4 (.text:getCountsRTC)
                  010147c8    00000038     drivers_cc32xx.aem4 : GPIOCC32XX.oem4 (.text:GPIO_read)
                  01014800    00000038     driverlib.a : prcm.obj (.text:PRCMLPDSEnterKeepDebugIf)
                  01014838    00000038     slnetifwifi.a : slnetifwifi.obj (.text:SlNetIfWifi_recvFrom)
                  01014870    00000038                   : slnetifwifi.obj (.text:SlNetIfWifi_sendTo)
                  010148a8    00000038                   : slnetifwifi.obj (.text:SlNetIfWifi_socket)
                  010148e0    00000038     slnetsock_release.a : slnetif.oem4 (.text:SlNetIf_configCheck)
                  01014918    00000038                         : slnetutils.oem4 (.text:SlNetUtil_htonl)
                  01014950    00000038     rtsv7M4_T_le_eabi.lib : trgmsg.c.obj (.text:__TI_writemsg)
                  01014988    00000038     aws_iot_mqtt_client_common_internal.obj (.text:aws_iot_mqtt_internal_write_utf8_string)
                  010149c0    00000038     drivers_cc32xx.aem4 : PowerCC32XX.oem4 (.text:notify)
                  010149f8    00000038     rtsv7M4_T_le_eabi.lib : fs_tod_t2.asm.obj (.text)
                  01014a30    00000038     sysbios.aem4 : BIOS.obj (.text:ti_sysbios_knl_Task_processVitalTaskFlag__I)
                  01014a68    00000036     slnetifwifi.a : slnetifwifi.obj (.text:SlNetIfWifi_getHostByName)
                  01014a9e    00000036                   : slnetifwifi.obj (.text:SlNetIfWifi_select)
                  01014ad4    00000036     drivers_cc32xx.aem4 : UARTCC32XX.oem4 (.text:UARTCC32XX_readCancel)
                  01014b0a    00000036     rtsv7M4_T_le_eabi.lib : strncpy.c.obj (.text:strncpy)
                  01014b40    00000034     network.obj (.text:Network_startup)
                  01014b74    00000034     driverlib.a : pin.obj (.text:PinModeGet)
                  01014ba8    00000034     drivers_cc32xx.aem4 : PowerCC32XX.oem4 (.text:PowerCC32XX_restoreParkState)
                  01014bdc    00000034     slnetsock_release.a : slnetutils.oem4 (.text:SlNetUtil_htons)
                  01014c10    00000034     drivers_cc32xx.aem4 : UDMACC32XX.oem4 (.text:UDMACC32XX_close)
                  01014c44    00000034     rtsv7M4_T_le_eabi.lib : fopen.c.obj (.text:__TI_cleanup)
                  01014c78    00000034                           : trgmsg.c.obj (.text:__TI_readmsg)
                  01014cac    00000004     --HOLE-- [fill = 0]
                  01014cb0    00000034     sysbios.aem4 : BIOS.obj (.text:_pthread_delete$41)
                  01014ce4    00000034     slnetsock_release.a : socket.oem4 (.text:getsockopt)
                  01014d18    00000034     sysbios.aem4 : BIOS.obj (.text:ti_sysbios_family_arm_m3_Timer_periodicStub__I)
                  01014d4c    00000034     release_pem4.oem4 (.text:ti_sysbios_knl_Semaphore_create)
                  01014d80    00000032     sysbios.aem4 : BIOS.obj (.text:ti_sysbios_hal_Hwi_initStack)
                  01014db2    00000006     display.aem4 : DisplayUart.oem4 (.text:DisplayUartMin_control)
                  01014db8    00000032     sysbios.aem4 : BIOS.obj (.text:xdc_runtime_System_putchar__I)
                  01014dea    00000030     drivers_cc32xx.aem4 : PowerCC32XX.oem4 (.text:PowerCC32XX_restoreParkedPin)
                  01014e1a    00000002     --HOLE-- [fill = 0]
                  01014e1c    00000030     network.obj (.text:SimpleLinkNetAppEventHandler)
                  01014e4c    00000030     slnetsock_release.a : slnetif.oem4 (.text:SlNetIf_getIDByName)
                  01014e7c    00000030     simplelink.a : fs.obj (.text:_SlFsStrlen)
                  01014eac    00000030     aws_iot_mqtt_client_subscribe.obj (.text:_aws_iot_mqtt_get_free_message_handler_index)
                  01014edc    00000030     rtsv7M4_T_le_eabi.lib : snprintf.c.obj (.text:_outs)
                  01014f0c    00000030                           : getdevice.c.obj (.text:finddevice)
                  01014f3c    00000030     release_pem4.oem4 (.text:ti_sysbios_BIOS_atExitFunc__I)
                  01014f6c    00000030     release_pem4.oem4 (.text:ti_sysbios_BIOS_startFunc__I)
                  01014f9c    00000004     --HOLE-- [fill = 0]
                  01014fa0    00000030     sysbios.aem4 : BIOS.obj (.text:ti_sysbios_family_arm_m3_TaskSupport_start__E)
                  01014fd0    00000030     release_pem4.oem4 (.text:ti_sysbios_gates_GateHwi_Object__create__S)
                  01015000    00000030     release_pem4.oem4 (.text:ti_sysbios_gates_GateMutex_Object__create__S)
                  01015030    00000030     sysbios.aem4 : BIOS.obj (.text:ti_sysbios_gates_GateMutex_enter__E)
                  01015060    00000030     release_pem4.oem4 (.text:ti_sysbios_heaps_HeapMem_Object__create__S)
                  01015090    00000030     release_pem4.oem4 (.text:ti_sysbios_knl_Semaphore_construct)
                  010150c0    00000030     sysbios.aem4 : BIOS.obj (.text:ti_sysbios_knl_Semaphore_pendTimeout__I)
                  010150f0    00000030                  : BIOS.obj (.text:ti_sysbios_knl_Task_restore__E)
                  01015120    00000030                  : BIOS.obj (.text:ti_sysbios_knl_Task_unblockI__E)
                  01015150    0000002e     simplelink.a : cc_pal.obj (.text:Mutex_create_handle)
                  0101517e    0000002e     network.obj (.text:SimpleLinkFatalErrorEventHandler)
                  010151ac    0000002e     rtsv7M4_T_le_eabi.lib : i_tofd_t2.asm.obj (.text)
                  010151da    0000002e     release_pem4.oem4 (.text:ti_sysbios_rts_MemAlloc_alloc)
                  01015208    0000002c     simplelink.a : cc_pal.obj (.text:NwpPowerOn)
                  01015234    0000002c     drivers_cc32xx.aem4 : PowerCC32XX.oem4 (.text:PowerCC32XX_getParkState)
                  01015260    0000002c     dpl_cc32xx.aem4 : SemaphoreP_tirtos.oem4 (.text:SemaphoreP_createBinary)
                  0101528c    0000002c     slnetifwifi.a : slnetifwifi.obj (.text:SlNetIfWifi_recv)
                  010152b8    0000002c                   : slnetifwifi.obj (.text:SlNetIfWifi_send)
                  010152e4    0000002c     simplelink.a : driver.obj (.text:_SlDrvSyncObjWaitForever)
                  01015310    0000002c     sysbios.aem4 : BIOS.obj (.text:_pthread_cleanupFxn)
                  0101533c    0000002c     main_tirtos.obj (.text:checkCerts)
                  01015368    0000002c     sysbios.aem4 : BIOS.obj (.text:clockFxn$39)
                  01015394    00000004     --HOLE-- [fill = 0]
                  01015398    0000002c                  : BIOS.obj (.text:getTime$20)
                  010153c4    0000002c     slnetsock_release.a : slnetutils.oem4 (.text:mergeLists)
                  010153f0    0000002c     rtsv7M4_T_le_eabi.lib : strncmp.c.obj (.text:strncmp)
                  0101541c    0000002c     release_pem4.oem4 (.text:ti_sysbios_gates_GateHwi_Handle__label__S)
                  01015448    0000002c     release_pem4.oem4 (.text:ti_sysbios_gates_GateMutex_Handle__label__S)
                  01015474    0000002c     release_pem4.oem4 (.text:ti_sysbios_heaps_HeapMem_Handle__label__S)
                  010154a0    0000002c     release_pem4.oem4 (.text:ti_sysbios_knl_Clock_doTick__I)
                  010154cc    0000002c     release_pem4.oem4 (.text:ti_sysbios_knl_Queue_construct)
                  010154f8    0000002c     rtsv7M4_T_le_eabi.lib : unlink.c.obj (.text:unlink)
                  01015524    0000002a     display.aem4 : Display.oem4 (.text:Display_doPrintf)
                  0101554e    0000002a     slnetsock_release.a : slnetutils.oem4 (.text:SlNetUtil_inetPton)
                  01015578    0000002a     release_pem4.oem4 (.text:calloc)
                  010155a2    0000002a     network_sl.obj (.text:iot_tls_is_connected)
                  010155cc    00000004     --HOLE-- [fill = 0]
                  010155d0    0000002a     sysbios.aem4 : BIOS.obj (.text:sem_init)
                  010155fa    00000002     --HOLE-- [fill = 0]
                  010155fc    00000028     display.aem4 : Display.oem4 (.text:Display_doInit)
                  01015624    00000028     driverlib.a : prcm.obj (.text:PRCMPeripheralClkDisable)
                  0101564c    00000028     dpl_cc32xx.aem4 : PowerCC32XX_tirtos.oem4 (.text:PowerCC32XX_initPolicy)
                  01015674    00000028     drivers_cc32xx.aem4 : PowerCC32XX.oem4 (.text:Power_registerNotify)
                  0101569c    00000028     slnetsock_release.a : slnetif.oem4 (.text:SlNetIf_getIfByID)
                  010156c4    00000028                         : slnetsock.oem4 (.text:SlNetSock_secAttribDelete)
                  010156ec    00000028     simplelink.a : driver.obj (.text:_SlDrvProtectionObjLockWaitForever)
                  01015714    00000028                  : driver.obj (.text:_SlDrvProtectionObjUnLock)
                  0101573c    00000028                  : flowcont.obj (.text:_SlFlowContSet)
                  01015764    00000028     aws_iot_mqtt_client_yield.obj (.text:_aws_iot_mqtt_force_client_disconnect)
                  0101578c    00000028     rtsv7M4_T_le_eabi.lib : lseek.c.obj (.text:lseek)
                  010157b4    00000028     sysbios.aem4 : m3_Hwi_asm.obj (.text:ti_sysbios_family_arm_m3_Hwi_excHandlerAsm__I)
                  010157dc    00000004     --HOLE-- [fill = 0]
                  010157e0    00000028                  : BIOS.obj (.text:ti_sysbios_knl_Clock_addI__E)
                  01015808    00000028                  : BIOS.obj (.text:ti_sysbios_knl_Swi_Module_startup__E)
                  01015830    00000028     rtsv7M4_T_le_eabi.lib : write.c.obj (.text:write)
                  01015858    00000026     drivers_cc32xx.aem4 : List.oem4 (.text:List_put)
                  0101587e    00000026                         : List.oem4 (.text:List_remove)
                  010158a4    00000026     aws_iot_mqtt_client.obj (.text:aws_iot_mqtt_get_next_packet_id)
                  010158ca    00000002     --HOLE-- [fill = 0]
                  010158cc    00000024     drivers_cc32xx.aem4 : PowerCC32XX.oem4 (.text:PowerCC32XX_reset)
                  010158f0    00000024     slnetsock_release.a : slnetif.oem4 (.text:SlNetIf_getConnectionStatus)
                  01015914    00000024                         : slnetsock.oem4 (.text:SlNetSock_getIfID)
                  01015938    00000024     simplelink.a : driver.obj (.text:_SlDrvIsApiInProgress)
                  0101595c    00000024                  : driver.obj (.text:_SlDrvStartMeasureTimeout)
                  01015980    00000024     sysbios.aem4 : BIOS.obj (.text:pthread_attr_init)
                  010159a4    00000024     release_pem4.oem4 (.text:ti_sysbios_BIOS_registerRTSLock__I)
                  010159c8    00000024     release_pem4.oem4 (.text:ti_sysbios_BIOS_removeRTSLock__I)
                  010159ec    00000004     --HOLE-- [fill = 0]
                  010159f0    00000024     sysbios.aem4 : BIOS.obj (.text:ti_sysbios_family_arm_m3_Timer_postInit__I)
                  01015a14    00000004     --HOLE-- [fill = 0]
                  01015a18    00000024                  : BIOS.obj (.text:ti_sysbios_family_arm_m3_Timer_startup__E)
                  01015a3c    00000024     release_pem4.oem4 (.text:ti_sysbios_gates_GateMutex_Object__delete__S)
                  01015a60    00000024     sysbios.aem4 : BIOS.obj (.text:ti_sysbios_knl_Clock_Module_startup__E)
                  01015a84    00000024     release_pem4.oem4 (.text:ti_sysbios_knl_Clock_Object__delete__S)
                  01015aa8    00000024     sysbios.aem4 : BIOS.obj (.text:ti_sysbios_knl_Clock_start__E)
                  01015acc    00000004     --HOLE-- [fill = 0]
                  01015ad0    00000024                  : BIOS.obj (.text:ti_sysbios_knl_Semaphore_Instance_init__E)
                  01015af4    00000024     release_pem4.oem4 (.text:ti_sysbios_knl_Semaphore_Object__delete__S)
                  01015b18    00000024     sysbios.aem4 : BIOS.obj (.text:ti_sysbios_knl_Task_restoreHwi__E)
                  01015b3c    00000004     --HOLE-- [fill = 0]
                  01015b40    00000024                  : BIOS.obj (.text:xdc_runtime_Error_policyMin__E)
                  01015b64    00000022     aws_iot_mqtt_client.obj (.text:aws_iot_mqtt_autoreconnect_set_status)
                  01015b86    00000002     --HOLE-- [fill = 0]
                  01015b88    00000020     drivers_cc32xx.aem4 : PowerCC32XX.oem4 (.text:Power_unregisterNotify)
                  01015ba8    00000020                         : RingBuf.oem4 (.text:RingBuf_peek)
                  01015bc8    00000020     slnetifwifi.a : slnetifwifi.obj (.text:SlNetIfWifi_accept)
                  01015be8    00000020     aws_iot_mqtt_client_common_internal.obj (.text:aws_iot_mqtt_internal_read_char)
                  01015c08    00000020     aws_iot_mqtt_client_common_internal.obj (.text:aws_iot_mqtt_internal_write_char)
                  01015c28    00000020     drivers_cc32xx.aem4 : SPICC32XXDMA.oem4 (.text:getPowerMgrId)
                  01015c48    00000020                         : UARTCC32XX.oem4 (.text:getPowerMgrId)
                  01015c68    00000020     timer.obj (.text:has_timer_expired)
                  01015c88    00000020     rtsv7M4_T_le_eabi.lib : memchr.c.obj (.text:memchr)
                  01015ca8    00000020     release_pem4.oem4 (.text:ti_sysbios_BIOS_rtsLock__I)
                  01015cc8    00000020     release_pem4.oem4 (.text:ti_sysbios_family_arm_m3_Hwi_Object__delete__S)
                  01015ce8    00000020     sysbios.aem4 : BIOS.obj (.text:ti_sysbios_family_arm_m3_Hwi_clearInterrupt__E)
                  01015d08    00000020     release_pem4.oem4 (.text:ti_sysbios_gates_GateHwi_Object__delete__S)
                  01015d28    00000020     release_pem4.oem4 (.text:ti_sysbios_heaps_HeapMem_Object__delete__S)
                  01015d48    00000020     sysbios.aem4 : BIOS.obj (.text:ti_sysbios_knl_Idle_run__E)
                  01015d68    00000020     release_pem4.oem4 (.text:ti_sysbios_knl_Semaphore_destruct)
                  01015d88    00000020     release_pem4.oem4 (.text:ti_sysbios_knl_Task_Object__delete__S)
                  01015da8    0000001e     slnetifwifi.a : slnetifwifi.obj (.text:SlNetIfWifi_bind)
                  01015dc6    0000001e                   : slnetifwifi.obj (.text:SlNetIfWifi_connect)
                  01015de4    0000001e     simplelink.a : driver.obj (.text:_SlDrvObjLockWaitForever)
                  01015e02    0000001e                  : driver.obj (.text:_SlDrvObjUnLock)
                  01015e20    0000001e                  : driver.obj (.text:_SlDrvSyncObjSignal)
                  01015e3e    0000001e     drivers_cc32xx.aem4 : UDMACC32XX.oem4 (.text:postNotifyFxn)
                  01015e5c    0000001e     sysbios.aem4 : m3_Hwi_asm_switch.obj (.text:ti_sysbios_family_xxx_Hwi_switchAndRunFunc)
                  01015e7a    00000002     --HOLE-- [fill = 0]
                  01015e7c    0000001c     driverlib.a : pin.obj (.text:PinToPadGet)
                  01015e98    0000001c     simplelink.a : device.obj (.text:_SlDeviceGetStartResponseConvert)
                  01015eb4    0000001c                  : spawn.obj (.text:_SlInternalIsItSpawnThread)
                  01015ed0    0000001c     rtsv7M4_T_le_eabi.lib : assert.c.obj (.text:_abort_msg)
                  01015eec    0000001c                           : memccpy.c.obj (.text:memccpy)
                  01015f08    0000001c     sysbios.aem4 : BIOS.obj (.text:ti_sysbios_family_arm_m3_Hwi_excHandler__I)
                  01015f24    00000004     --HOLE-- [fill = 0]
                  01015f28    0000001c                  : BIOS.obj (.text:ti_sysbios_family_arm_m3_Timer_Module_startup__E)
                  01015f44    00000004     --HOLE-- [fill = 0]
                  01015f48    0000001c                  : BIOS.obj (.text:ti_sysbios_family_arm_m3_Timer_stop__E)
                  01015f64    00000004     --HOLE-- [fill = 0]
                  01015f68    0000001c                  : BIOS.obj (.text:ti_sysbios_gates_GateMutex_Instance_init__E)
                  01015f84    00000004     --HOLE-- [fill = 0]
                  01015f88    0000001c                  : BIOS.obj (.text:ti_sysbios_knl_Clock_Instance_finalize__E)
                  01015fa4    0000001c     release_pem4.oem4 (.text:ti_sysbios_knl_Queue_destruct)
                  01015fc0    0000001c     sysbios.aem4 : BIOS.obj (.text:ti_sysbios_knl_Queue_put__E)
                  01015fdc    00000004     --HOLE-- [fill = 0]
                  01015fe0    0000001c                  : BIOS.obj (.text:ti_sysbios_knl_Task_enter__I)
                  01015ffc    00000004     --HOLE-- [fill = 0]
                  01016000    0000001c                  : BIOS.obj (.text:ti_sysbios_rts_ti_ReentSupport_getReent__F)
                  0101601c    0000001a     slnetifwifi.a : slnetifwifi.obj (.text:SlNetIfWifi_listen)
                  01016036    0000001a     release_pem4.oem4 (.text:free)
                  01016050    0000001a     sysbios.aem4 : m3_Hwi_asm.obj (.text:ti_sysbios_family_arm_m3_Hwi_pendSV__I)
                  0101606a    00000002     --HOLE-- [fill = 0]
                  0101606c    00000018     network.obj (.text:Network_init)
                  01016084    00000018     drivers_cc32xx.aem4 : PowerCC32XX.oem4 (.text:Power_idleFunc)
                  0101609c    00000018     driverlib.a : uart.obj (.text:UARTBusy)
                  010160b4    00000018                 : uart.obj (.text:UARTIntEnable)
                  010160cc    00000018     drivers_cc32xx.aem4 : UART.oem4 (.text:UART_Params_init)
                  010160e4    00000018     rtsv7M4_T_le_eabi.lib : args_main.c.obj (.text:_args_main)
                  010160fc    00000018                           : snprintf.c.obj (.text:_outc)
                  01016114    00000018                           : sprintf.c.obj (.text:_outs)
                  0101612c    00000018     network_sl.obj (.text:close)
                  01016144    00000018     rtsv7M4_T_le_eabi.lib : ll_mul_t2.asm.obj (.text)
                  0101615c    00000018     slnetsock_release.a : socket.oem4 (.text:setsockopt)
                  01016174    00000018     rtsv7M4_T_le_eabi.lib : strcmp.c.obj (.text:strcmp)
                  0101618c    00000018     release_pem4.oem4 (.text:ti_sysbios_BIOS_rtsUnlock__I)
                  010161a4    00000018     release_pem4.oem4 (.text:ti_sysbios_family_arm_m3_Hwi_Module__startupDone__F)
                  010161bc    00000018     release_pem4.oem4 (.text:ti_sysbios_family_arm_m3_Timer_Module__startupDone__F)
                  010161d4    00000004     --HOLE-- [fill = 0]
                  010161d8    00000018     sysbios.aem4 : BIOS.obj (.text:ti_sysbios_gates_GateMutex_leave__E)
                  010161f0    00000018                  : BIOS.obj (.text:ti_sysbios_knl_Task_sleepTimeout__I)
                  01016208    00000018     release_pem4.oem4 (.text:ti_sysbios_rts_ti_ReentSupport_getTlsAddr__I)
                  01016220    00000018     sysbios.aem4 : BIOS.obj (.text:xdc_runtime_Error_init__E)
                  01016238    00000018                  : BIOS.obj (.text:xdc_runtime_System_exit__E)
                  01016250    00000016     display.aem4 : DisplayUart.oem4 (.text:DisplayUartMin_close)
                  01016266    00000016     driverlib.a : prcm.obj (.text:PRCMHIBRegRead)
                  0101627c    00000016                 : prcm.obj (.text:PRCMHIBRegWrite)
                  01016292    00000016     simplelink.a : driver.obj (.text:_SlDrvMemZero)
                  010162a8    00000016     aws_iot_mqtt_client.obj (.text:aws_iot_mqtt_get_client_state)
                  010162be    00000016     timer.obj (.text:init_timer)
                  010162d4    00000004     --HOLE-- [fill = 0]
                  010162d8    00000016     sysbios.aem4 : BIOS.obj (.text:pthread_mutex_destroy)
                  010162ee    00000016     slnetsock_release.a : socket.oem4 (.text:socket)
                  01016304    00000016     rtsv7M4_T_le_eabi.lib : strchr.c.obj (.text:strchr)
                  0101631a    00000016     release_pem4.oem4 (.text:ti_sysbios_BIOS_exitFunc__I)
                  01016330    00000014     drivers_cc32xx.aem4 : PowerCC32XX.oem4 (.text:Power_getDependencyCount)
                  01016344    00000014                         : SPI.oem4 (.text:SPI_Params_init)
                  01016358    00000014                         : UARTCC32XX.oem4 (.text:releasePowerConstraint)
                  0101636c    00000014     rtsv7M4_T_le_eabi.lib : strcpy.c.obj (.text:strcpy)
                  01016380    00000014                           : strlen.c.obj (.text:strlen)
                  01016394    00000014     release_pem4.oem4 (.text:ti_sysbios_family_arm_m3_Hwi_Object__get__S)
                  010163a8    00000014     sysbios.aem4 : BIOS.obj (.text:ti_sysbios_family_arm_m3_Hwi_switchFromBootStack__E)
                  010163bc    00000014     release_pem4.oem4 (.text:ti_sysbios_heaps_HeapMem_Object__get__S)
                  010163d0    00000014     sysbios.aem4 : BIOS.obj (.text:ti_sysbios_knl_Clock_tickReconfig__E)
                  010163e4    00000014     release_pem4.oem4 (.text:ti_sysbios_knl_Swi_Object__get__S)
                  010163f8    00000012     drivers_cc32xx.aem4 : RingBuf.oem4 (.text:RingBuf_construct)
                  0101640a    00000012     dpl_cc32xx.aem4 : SemaphoreP_tirtos.oem4 (.text:SemaphoreP_pend)
                  0101641c    00000012     slnetifwifi.a : slnetifwifi.obj (.text:SlNetIfWifi_close)
                  0101642e    00000002     --HOLE-- [fill = 0]
                  01016430    00000012     sysbios.aem4 : BIOS.obj (.text:_pthread_runStub$41)
                  01016442    00000012     aws_iot_mqtt_client_common_internal.obj (.text:aws_iot_mqtt_internal_flushBuffers)
                  01016454    00000004     --HOLE-- [fill = 0]
                  01016458    00000012     sysbios.aem4 : BIOS.obj (.text:ti_sysbios_hal_Hwi_Module_startup__E)
                  0101646a    00000012     rtsv7M4_T_le_eabi.lib : wcslen.c.obj (.text:wcslen)
                  0101647c    00000012     release_pem4.oem4 (.text:xdc_runtime_Startup_exec__I)
                  0101648e    00000010     ti_drivers_config.obj (.text:Board_init)
                  0101649e    00000010     dpl_cc32xx.aem4 : HwiP_tirtos.oem4 (.text:HwiP_Params_init)
                  010164ae    00000010     slnetsock_release.a : slnetsock.oem4 (.text:SlNetSock_secAttribCreate)
                  010164be    00000010                         : slnetutils.oem4 (.text:SlNetUtil_freeAddrInfo)
                  010164ce    00000010     simplelink.a : driver.obj (.text:_SlDrvDispatchHttpServerEvents)
                  010164de    00000010                  : driver.obj (.text:_SlDrvDispatchNetAppRequestEvents)
                  010164ee    00000010                  : driver.obj (.text:_SlDrvIsSpawnOwnGlobalLock)
                  010164fe    00000010     ti_drivers_config.obj (.text:dmaErrorFxn)
                  0101650e    00000002     --HOLE-- [fill = 0]
                  01016510    00000010     sysbios.aem4 : BIOS.obj (.text:pthread_mutexattr_init)
                  01016520    00000010                  : BIOS.obj (.text:pthread_mutexattr_settype)
                  01016530    00000010     drivers_cc32xx.aem4 : UARTCC32XX.oem4 (.text:readBlockingTimeout)
                  01016540    00000010     slnetsock_release.a : socket.oem4 (.text:recv)
                  01016550    00000010     sysbios.aem4 : BIOS.obj (.text:ti_sysbios_BIOS_getCpuFreq__E)
                  01016560    00000010                  : BIOS.obj (.text:ti_sysbios_BIOS_setThreadType__E)
                  01016570    00000010                  : BIOS.obj (.text:ti_sysbios_BIOS_start__E)
                  01016580    00000010                  : m3_TaskSupport_asm.obj (.text:ti_sysbios_family_arm_m3_TaskSupport_glue)
                  01016590    00000010                  : m3_TaskSupport_asm.obj (.text:ti_sysbios_family_arm_m3_TaskSupport_swap__E)
                  010165a0    00000010                  : BIOS.obj (.text:ti_sysbios_gates_GateMutex_Instance_finalize__E)
                  010165b0    00000010     release_pem4.oem4 (.text:ti_sysbios_knl_Mailbox_Object__get__S)
                  010165c0    00000010     sysbios.aem4 : BIOS.obj (.text:ti_sysbios_knl_Semaphore_Instance_finalize__E)
                  010165d0    00000010                  : BIOS.obj (.text:ti_sysbios_knl_Swi_disable__E)
                  010165e0    00000010     release_pem4.oem4 (.text:ti_sysbios_knl_Task_Object__get__S)
                  010165f0    00000010     sysbios.aem4 : BIOS.obj (.text:ti_sysbios_knl_Task_disable__E)
                  01016600    00000010                  : BIOS.obj (.text:xdc_runtime_Memory_free__E)
                  01016610    00000010                  : BIOS.obj (.text:xdc_runtime_SysCallback_abort__E)
                  01016620    00000010                  : BIOS.obj (.text:xdc_runtime_SysCallback_exit__E)
                  01016630    00000010                  : BIOS.obj (.text:xdc_runtime_SysCallback_putch__E)
                  01016640    00000010                  : BIOS.obj (.text:xdc_runtime_SysCallback_ready__E)
                  01016650    00000010                  : BIOS.obj (.text:xdc_runtime_System_vsnprintf__E)
                  01016660    0000000e     drivers_cc32xx.aem4 : RingBuf.oem4 (.text:RingBuf_isFull)
                  0101666e    0000000e     simplelink.a : driver.obj (.text:_SlDrvResetCmdExt)
                  0101667c    0000000e     slnetsock_release.a : socket.oem4 (.text:connect)
                  0101668a    0000000e     rtsv7M4_T_le_eabi.lib : copy_decompress_none.c.obj (.text:decompress:none:__TI_decompress_none)
                  01016698    0000000e     drivers_cc32xx.aem4 : SPICC32XXDMA.oem4 (.text:postNotifyFxn)
                  010166a6    00000002     --HOLE-- [fill = 0]
                  010166a8    0000000e     sysbios.aem4 : BIOS.obj (.text:sem_wait)
                  010166b6    0000000e     slnetsock_release.a : socket.oem4 (.text:send)
                  010166c4    0000000e     simplelink.a : cc_pal.obj (.text:spi_Close)
                  010166d2    00000006     display.aem4 : DisplayUart.oem4 (.text:DisplayUartMin_getType)
                  010166d8    0000000e     sysbios.aem4 : BIOS.obj (.text:ti_sysbios_knl_Idle_loop__E)
                  010166e6    00000002     --HOLE-- [fill = 0]
                  010166e8    0000000e                  : BIOS.obj (.text:ti_sysbios_knl_Queue_empty__E)
                  010166f6    0000000c     dpl_cc32xx.aem4 : ClockP_tirtos.oem4 (.text:ClockP_delete)
                  01016702    00000002     --HOLE-- [fill = 0]
                  01016704    0000000c                     : ClockP_tirtos.oem4 (.text:ClockP_getSystemTickPeriod)
                  01016710    0000000c                     : HwiP_tirtos.oem4 (.text:HwiP_delete)
                  0101671c    0000000c     simplelink.a : cc_pal.obj (.text:NwpMaskInterrupt)
                  01016728    0000000c                  : cc_pal.obj (.text:NwpUnMaskInterrupt)
                  01016734    0000000c     drivers_cc32xx.aem4 : PowerCC32XX.oem4 (.text:Power_getConstraintMask)
                  01016740    0000000c     dpl_cc32xx.aem4 : SemaphoreP_tirtos.oem4 (.text:SemaphoreP_delete)
                  0101674c    0000000c     network.obj (.text:SimpleLinkHttpServerEventHandler)
                  01016758    0000000c     network.obj (.text:SimpleLinkNetAppRequestEventHandler)
                  01016764    0000000c     simplelink.a : device.obj (.text:_SlDeviceResetRequestInitCompletedCB)
                  01016770    0000000c     rtsv7M4_T_le_eabi.lib : ctime_.c.obj (.text:__ctime32)
                  0101677c    0000000c                           : _lock.c.obj (.text:_register_lock)
                  01016788    0000000c                           : _lock.c.obj (.text:_register_unlock)
                  01016794    0000000c                           : s_copysign.c.obj (.text:copysign)
                  010167a0    0000000c                           : copy_zero_init.c.obj (.text:decompress:ZI:__TI_zero_init)
                  010167ac    0000000c     network_sl.obj (.text:freeaddrinfo)
                  010167b8    0000000c     network_sl.obj (.text:iot_tls_disconnect)
                  010167c4    0000000c     drivers_cc32xx.aem4 : UARTCC32XX.oem4 (.text:postNotifyFxn)
                  010167d0    0000000c     sysbios.aem4 : BIOS.obj (.text:pthread_self)
[...]
01016981  pthread_mutex_lock                                                 
01016991  sem_getvalue                                                       
01016999  ti_sysbios_family_arm_m3_Hwi_doSwiRestore__I                       
010169a1  ti_sysbios_family_arm_m3_Hwi_startup__E                            
010169a1  ti_sysbios_hal_Hwi_HwiProxy_startup__E                             
010169a1  ti_sysbios_hal_Hwi_startup__E                                      
010169b1  UtilsDelay                                                         
010169b9  ti_sysbios_family_arm_m3_Hwi_doTaskRestore__I                      
010169c1  HwiP_restore                                                       
010169c1  ti_sysbios_family_arm_m3_Hwi_restoreFxn__E                         
010169c1  ti_sysbios_hal_Hwi_HwiProxy_restore__E                             
010169c9  ti_sysbios_gates_GateHwi_leave__E                                  
010169d1  ti_sysbios_heaps_HeapMem_isBlocking__E                             
010169d9  ti_sysbios_knl_Clock_stop__E                                       
010169e1  ti_sysbios_knl_Queue_Instance_init__E                              
010169e9  ti_sysbios_knl_Swi_startup__E                                      
010169f1  xdc_runtime_System_Module_startup__E                               
010169f9  __aeabi_errno_addr                                                 
01016a01  pthread_attr_destroy                                               
01016a09  ti_sysbios_family_arm_m3_Timer_getMaxTicks__E                      
01016a11  ti_sysbios_gates_GateHwi_query__E                                  
01016a11  xdc_runtime_Main_Module_GateProxy_query__E                         
01016a11  xdc_runtime_System_Module_GateProxy_query__E                       
01016a19  ti_sysbios_BIOS_RtsGateProxy_query__E                              
01016a19  ti_sysbios_gates_GateMutex_query__E                                
01016a19  ti_sysbios_heaps_HeapMem_Module_GateProxy_query__E                 
01016a21  ti_sysbios_knl_Clock_setTimeout__E                                 
01016a29  ti_sysbios_knl_Task_startup__E                                     
01016a31  xdc_runtime_SysCallback_defaultReady                               
01016a39  ti_sysbios_BIOS_linkedWithIncorrectBootLibrary__E                  
01016a41  ti_sysbios_gates_GateHwi_Instance_init__E                          
01016a49  ti_sysbios_knl_Clock_logTick__E                                    
01016a51  xdc_runtime_SysCallback_defaultAbort                               
01016a59  xdc_runtime_SysCallback_defaultExit                                
01016a61  xdc_runtime_SysCallback_defaultPutch                               
01016a69  xdc_runtime_System_abortSpin__E                                    
01016a71  xdc_runtime_System_exitSpin__E                                     
01016a74  _ctypes_                                                           
01016b75  Display_count                                                      
01016b76  SPI_count                                                          
01016b77  UART_count                                                         
01016d20  spiCC32XXDMAHWAttrs                                                
01016d98  OpcodeTranslateTable                                               
01016e72  ti_sysbios_family_arm_m3_Hwi_Module__id__C                         
01016ed4  _SlActionLookupTable                                               
01016fbc  PowerCC32XX_config                                                 
01016ffc  ti_sysbios_knl_Task_Object__PARAMS__C                              
01017070  iotClientConnectParamsDefault                                      
010170a8  SimpleLinkWifiCC32XX_config                                        
010170dc  iotClientInitParamsDefault                                         
0101710c  ti_sysbios_family_arm_m3_Hwi_Object__PARAMS__C                     
0101713c  UARTCC32XX_fxnTable                                                
01017164  ti_sysbios_heaps_HeapMem_Module__FXNS__C                           
0101718c  UART_defaultParams                                                 
010171b0  ti_sysbios_gates_GateHwi_Module__FXNS__C                           
010171d4  ti_sysbios_gates_GateMutex_Module__FXNS__C                         
010171f8  ti_sysbios_heaps_HeapMem_Object__PARAMS__C                         
0101721c  ti_sysbios_knl_Clock_Object__PARAMS__C                             
01017240  ti_sysbios_knl_Semaphore_Object__PARAMS__C                         
010172ec  DisplayUartMin_fxnTable                                            
0101730c  FlagsTranslate                                                     
0101734c  SPI_defaultParams                                                  
010173cc  ti_sysbios_family_arm_m3_Hwi_Object__DESC__C                       
010173ec  ti_sysbios_gates_GateHwi_Object__DESC__C                           
0101740c  ti_sysbios_gates_GateMutex_Object__DESC__C                         
0101742c  ti_sysbios_heaps_HeapMem_Object__DESC__C                           
0101744c  ti_sysbios_knl_Clock_Object__DESC__C                               
0101746c  ti_sysbios_knl_Queue_Object__DESC__C                               
0101748c  ti_sysbios_knl_Semaphore_Object__DESC__C                           
010174ac  ti_sysbios_knl_Task_Object__DESC__C                                
010174cc  xdc_runtime_Startup_sfxnTab__A                                     
01017506  ti_sysbios_family_arm_m3_Timer_Module__id__C                       
01017508  SPICC32XXDMA_fxnTable                                              
01017520  SPI_config                                                         
01017538  ti_sysbios_gates_GateHwi_Object__PARAMS__C                         
01017550  ti_sysbios_gates_GateMutex_Object__PARAMS__C                       
01017568  ti_sysbios_knl_Queue_Object__PARAMS__C                             
01017580  ti_sysbios_knl_Task_hooks__A                                       
01017610  GPIOCC32XX_config                                                  
01017638  displayUartHWAttrs                                                 
010176c8  xdc_runtime_Startup_sfxnRts__A                                     
010176e6  ti_sysbios_heaps_HeapMem_Module__id__C                             
010176f4  Display_config                                                     
01017700  UART_config                                                        
01017730  udmaCC3220SHWAttrs                                                 
0101773c  xdc_runtime_Startup_firstFxns__A                                   
01017748  UDMACC32XX_config                                                  
01017768  outPinTypes                                                        
01017778  ti_sysbios_knl_Idle_funcList__A                                    
01017780  ti_sysbios_knl_Idle_funcList__C                                    
01017788  ti_sysbios_knl_Task_hooks__C                                       
01017790  xdc_runtime_Startup_firstFxns__C                                   
01017798  xdc_runtime_Startup_lastFxns__C                                    
010177a6  inPinTypes                                                         
010177ac  outPinStrengths                                                    
010177ba  xdc_runtime_Memory_Module__id__C                                   
010177f4  _SlNetAppSendResponseCmdCtrl                                       
010177f8  _SlNetAppSendTokenValueCmdCtrl                                     
01017818  _SlProvisioningCmdCtrl                                             
01017844  ti_sysbios_family_arm_m3_Hwi_E_alreadyDefined__C                   
01017848  ti_sysbios_family_arm_m3_Hwi_E_badIntNum__C                        
0101784c  ti_sysbios_family_arm_m3_Hwi_NUM_INTERRUPTS__C                     
01017850  ti_sysbios_family_arm_m3_Hwi_Object__count__C                      
01017854  ti_sysbios_family_arm_m3_Hwi_ccr__C                                
01017858  ti_sysbios_family_arm_m3_Hwi_excHandlerFunc__C                     
0101785c  ti_sysbios_family_arm_m3_Hwi_nullIsrFunc__C                        
01017860  ti_sysbios_family_arm_m3_Hwi_priGroup__C                           
01017864  ti_sysbios_family_arm_m3_Hwi_swiDisable__C                         
01017868  ti_sysbios_family_arm_m3_Hwi_swiRestore__C                         
0101786c  ti_sysbios_family_arm_m3_TaskSupport_stackAlignment__C             
01017870  ti_sysbios_family_arm_m3_Timer_E_cannotSupport__C                  
01017874  ti_sysbios_family_arm_m3_Timer_startupNeeded__C                    
01017878  ti_sysbios_gates_GateMutex_Instance_State_sem__O                   
0101787c  ti_sysbios_heaps_HeapMem_E_memory__C                               
01017880  ti_sysbios_heaps_HeapMem_Module__gateObj__C                        
01017884  ti_sysbios_heaps_HeapMem_Object__count__C                          
01017888  ti_sysbios_heaps_HeapMem_primaryHeapBaseAddr__C                    
0101788c  ti_sysbios_heaps_HeapMem_primaryHeapEndAddr__C                     
01017890  ti_sysbios_heaps_HeapMem_reqAlign__C                               
01017894  ti_sysbios_knl_Clock_Module_State_clockQ__O                        
01017898  ti_sysbios_knl_Clock_tickPeriod__C                                 
0101789c  ti_sysbios_knl_Mailbox_Instance_State_freeQue__O                   
010178a0  ti_sysbios_knl_Mailbox_Object__count__C                            
010178a4  ti_sysbios_knl_Mailbox_maxTypeAlign__C                             
010178a8  ti_sysbios_knl_Semaphore_Instance_State_pendQ__O                   
010178ac  ti_sysbios_knl_Swi_Object__count__C                                
010178b0  ti_sysbios_knl_Task_Module_State_inactiveQ__O                      
010178b4  ti_sysbios_knl_Task_Object__count__C                               
010178b8  ti_sysbios_knl_Task_Object__heap__C                                
010178bc  ti_sysbios_knl_Task_allBlockedFunc__C                              
010178c0  ti_sysbios_knl_Task_defaultStackHeap__C                            
010178c4  ti_sysbios_knl_Task_defaultStackSize__C                            
010178c8  ti_sysbios_knl_Task_numConstructedTasks__C                         
010178cc  xdc_runtime_Error_E_memory__C                                      
010178d0  xdc_runtime_Error_policyFxn__C                                     
010178d4  xdc_runtime_IGateProvider_Interface__BASE__C                       
010178d8  xdc_runtime_IHeap_Interface__BASE__C                               
010178dc  xdc_runtime_IModule_Interface__BASE__C                             
010178e0  xdc_runtime_Memory_defaultHeapInstance__C                          
010178e4  xdc_runtime_Startup_execImpl__C                                    
010178e8  xdc_runtime_Startup_maxPasses__C                                   
010178ec  xdc_runtime_Startup_sfxnRts__C                                     
010178f0  xdc_runtime_Startup_sfxnTab__C                                     
010178f4  xdc_runtime_SysCallback_abortFxn__C                                
010178f8  xdc_runtime_SysCallback_exitFxn__C                                 
010178fc  xdc_runtime_SysCallback_putchFxn__C                                
01017900  xdc_runtime_SysCallback_readyFxn__C                                
01017904  xdc_runtime_System_Module__gateObj__C                              
01017908  xdc_runtime_System_abortFxn__C                                     
0101790c  xdc_runtime_System_exitFxn__C                                      
01017910  xdc_runtime_System_extendFxn__C                                    
01017914  xdc_runtime_System_maxAtexitHandlers__C                            
01017920  Display_defaultParams                                              
01017921  ti_sysbios_knl_Clock_tickMode__C                                   
01017922  ti_sysbios_knl_Clock_tickSource__C                                 
01017923  xdc_runtime_Error_policy__C                                        
01017928  __TI_static_base__                                                 
01017c64  __TI_Handler_Table_Base                                            
01017c70  __TI_Handler_Table_Limit                                           
01017c78  __TI_CINIT_Base                                                    
01017c88  __TI_CINIT_Limit                                                   
20000000  ti_sysbios_family_arm_m3_Hwi_ramVectors                            
20000310  __primary_heap_start__                                             
20008310  __primary_heap_end__                                               
20008c00  g_CB                                                               
20008ffc  ti_sysbios_family_arm_m3_Hwi_dispatchTable                         
20009308  ti_sysbios_knl_Task_Instance_State_0_stack__A                      
20009508  PowerCC32XX_contextSave                                            
20009634  __CIOBUF_                                                          
20009754  __TI_tmpnams                                                       
200097f4  spiCC32XXDMAObjects                                                
2000987c  uartCC32XXObjects0                                                 
20009980  GlobalLockObj                                                      
200099ac  g_SlInternalSpawnCB                                                
20009a90  DeviceCB                                                           
20009a9c  Msg                                                                
20009aa8  displayUartObject                                                  
20009ab4  parmbuf                                                            
20009abc  spiCC32XXSDMAscratchBuf                                            
20009ac4  udmaCC3220SObject                                                  
20009ad0  ClockP_tickPeriod                                                  
20009ad4  display                                                            
20009ad8  ti_sysbios_knl_Task_Instance_State_0_hookEnv__A                    
20009adc  RxIrqCnt                                                           
20009ae0  PowerCC32XX_module                                                 
20009d4c  parkInfo                                                           
20009e44  _ftable                                                            
20009fbc  ti_sysbios_knl_Swi_Module_State_0_readyQ__A                        
2000a03c  ti_sysbios_knl_Task_Module_State_0_readyQ__A                       
2000a0bc  _device                                                            
2000a134  SlNetIfConfigWifi                                                  
2000a18c  ti_sysbios_gates_GateMutex_Object__table__V                        
2000a1e0  _stream                                                            
2000a230  ti_sysbios_knl_Task_Object__table__V                               
2000a27c  ti_sysbios_knl_Task_Module__state__V                               
2000a2c0  ti_sysbios_family_arm_m3_Hwi_Module__state__V                      
2000a2f4  ti_sysbios_family_arm_m3_Timer_Object__table__V                    
2000a324  ti_sysbios_knl_Swi_Object__table__V                                
2000a354  ti_sysbios_knl_Clock_Module__state__V                              
2000a380  g_LibsEvents                                                       
2000a3a4  g_UserEvents                                                       
2000a3ec  ti_sysbios_BIOS_Module__state__V                                   
2000a410  xdc_runtime_Error_IgnoreBlock                                      
2000a430  ti_sysbios_knl_Swi_Module__state__V                                
2000a466  ti_sysbios_family_arm_m3_Hwi_Module_State_0_excActive__A           
2000a468  ti_sysbios_family_arm_m3_Hwi_Object__table__V                      
2000a480  ti_sysbios_heaps_HeapMem_Object__table__V                          
2000a4ac  _tz                                                                
2000a4bc  __TI_ft_end                                                        
2000a4c0  __aeabi_stdin                                                      
2000a4c4  __aeabi_stdout                                                     
2000a4c8  __aeabi_stderr                                                     
2000a4cc  ti_sysbios_family_arm_cc32xx_Seconds_Module__state__V              
2000a4dc  __TI_cleanup_ptr                                                   
2000a4e0  __TI_dtors_ptr                                                     
2000a4e4  __TI_enable_exit_profile_output                                    
2000a4f4  gGlobalLockCntRequested                                            
2000a4f5  gGlobalLockCntReleased                                             
2000a4f6  g_SlDeviceStatus                                                   
2000a4f8  g_pCB                                                              
2000a4fc  pPingCallBackFunc                                                  
2000a500  ti_sysbios_family_arm_m3_Timer_Module__state__V                    
2000a518  _lock                                                              
2000a51c  _unlock                                                            
2000a528  gpioCallbackFunctions                                              
2000a530  gpioPinConfigs                                                     
2000a540  ti_sysbios_family_arm_m3_Hwi_Module__root__V                       
2000a548  ti_sysbios_gates_GateHwi_Module__root__V                           
2000a550  ti_sysbios_gates_GateMutex_Module__root__V                         
2000a558  ti_sysbios_heaps_HeapMem_Module__root__V                           
2000a560  ti_sysbios_knl_Clock_Module__root__V                               
2000a568  ti_sysbios_knl_Queue_Module__root__V                               
2000a570  ti_sysbios_knl_Semaphore_Module__root__V                           
2000a578  ti_sysbios_knl_Task_Module__root__V                                
2000a580  xdc_runtime_Startup_Module__state__V                               
2000a588  xdc_runtime_System_Module_State_0_atexitHandlers__A                
2000a590  xdc_runtime_System_Module__state__V                                
2000a598  main_func_sp                                                       
2000a59c  g_intHandle                                                        
2000a5a4  ti_sysbios_family_arm_m3_Hwi_Module_State_0_excContext__A          
2000a5a8  ti_sysbios_family_arm_m3_Hwi_Module_State_0_excStack__A            
2000a5ac  ti_sysbios_gates_GateHwi_Object__table__V                          
2000a5b0  ti_sysbios_knl_Task_Module_State_0_idleTask__A                     
2000a5b4  ti_sysbios_rts_ti_ReentSupport_Module__state__V                    
2000a5b8  xdc_runtime_Memory_Module__state__V                                
2003fc00  __stack                                                            
20040000  __STACK_END                                                        
e000e000  ti_sysbios_family_arm_m3_Hwi_nvic                                  
ffffffff  __TI_pprof_out_hndl                                                
ffffffff  __TI_prof_data_size                                                
ffffffff  __TI_prof_data_start                                               
ffffffff  __binit__                                                          
ffffffff  __c_args__                                                         
ffffffff  binit                                                              
UNDEFED   SHT$$INIT_ARRAY$$Base                                              
UNDEFED   SHT$$INIT_ARRAY$$Limit                                             

[975 symbols]
